<area shape="rect" id="node3" href="$_library_utils_8cpp.html#176884967a4c4c2d8bdc034a30695f7e" title="addNewInstances" alt="" coords="275,284,410,311">
<area shape="rect" id="node31" href="$_library_utils_8cpp.html#681a83e681e7e934524ba6095db8f8f0" title="parseProgrammableElements" alt="" coords="236,588,449,615">
<area shape="rect" id="node42" href="$class_design.html#4b52418792ac7bd7047da7f9c8d7ed3c" title="Set the component instances of this design." alt="" coords="227,639,458,665">
<area shape="rect" id="node5" href="$class_view.html#88f049f1259e09c9476553ca670f78d4" title="Add a new envIdentifier for this view." alt="" coords="550,5,711,32">
<area shape="rect" id="node7" href="$class_model.html#b3e0f3d28719d841c38f33c99710c01f" title="Add a new view to the model." alt="" coords="570,56,691,83">
<area shape="rect" id="node13" href="$class_v_l_n_v.html#f00f5007636620ffeff44521bacca857" title="Get the library of the VLNV." alt="" coords="566,107,695,133">
<area shape="rect" id="node15" href="$class_library_interface.html#92798f5c6f5e72c8f4da87e872812c4f" title="Get a model that matches given VLNV." alt="" coords="537,512,725,539">
<area shape="rect" id="node17" href="$class_v_l_n_v.html#3ff2bdff884da48aa0e936fa5595b7e8" title="Get the name of the IP block in VLNV." alt="" coords="568,157,693,184">
<area shape="rect" id="node19" href="$class_v_l_n_v.html#8868ebe2affad578b9c9c3aef1f38632" title="Get the vendor of the VLNV." alt="" coords="565,208,697,235">
<area shape="rect" id="node21" href="$class_v_l_n_v.html#3a5da6ca75e9a6bf575906c2ea185051" title="Get the version of the VLNV." alt="" coords="563,259,698,285">
<area shape="rect" id="node23" href="$class_library_component.html#6eec1574efa3547ee7e36ae36555edef" title="Get the vlnv of the element described in the document." alt="" coords="533,309,729,336">
<area shape="rect" id="node25" href="$class_view.html#54742356d37991cc78b89f39c80cae87" title="Set the hierarchyRef for this view." alt="" coords="551,360,711,387">
<area shape="rect" id="node27" href="$class_model.html#c49590f3f1ba0d39b5824cdcabca9917" title="Set the model parameters for this model." alt="" coords="530,411,731,437">
<area shape="rect" id="node29" href="$class_library_interface.html#a841b91f4281dc02f2d3bf871f8bab45" title="Write the model to file system to given file path." alt="" coords="514,461,747,488">
<area shape="rect" id="node9" href="$class_view.html#944b4a70717842b92bb5c8c4064dbd07" title="Get the name of the view." alt="" coords="817,31,935,57">
<area shape="rect" id="node11" href="$class_model.html#ef11cd1c58b59258612bc9b94289202e" title="Remove the specified name from the model." alt="" coords="803,81,949,108">
<area shape="rect" id="node33" href="$class_library_interface.html#55d33e9e99760ae1a12725681c034b43" title="Get the document type of given vlnv." alt="" coords="507,563,754,589">
<area shape="rect" id="node36" href="$class_v_l_n_v.html#5e8bcf9abe6a26377c30a80657650059" title="Get the type of the document the VLNV belongs to." alt="" coords="573,613,689,640">
<area shape="rect" id="node38" href="$class_v_l_n_v.html#f02edbeb4feca8206bdb6681963730f8" title="Checks if the vlnv is valid or not." alt="" coords="577,664,684,691">
<area shape="rect" id="node40" href="$class_v_l_n_v.html#41e8feb8b594eaaf4efc45dc0b520656" title="Set the document type for the vlnv." alt="" coords="573,715,688,741">
