<area shape="rect" id="node3" href="$class_library_interface.html#f6944f708f9aa01568d707fdc773ea91" title="Checks if the library already contains the specified vlnv." alt="" coords="249,5,431,32">
<area shape="rect" id="node5" href="$class_v_l_n_v.html#f00f5007636620ffeff44521bacca857" title="Get the library of the VLNV." alt="" coords="275,56,405,83">
<area shape="rect" id="node7" href="$class_v_l_n_v.html#3ff2bdff884da48aa0e936fa5595b7e8" title="Get the name of the IP block in VLNV." alt="" coords="277,107,403,133">
<area shape="rect" id="node9" href="$class_v_l_n_v.html#8868ebe2affad578b9c9c3aef1f38632" title="Get the vendor of the VLNV." alt="" coords="274,157,406,184">
<area shape="rect" id="node11" href="$class_v_l_n_v.html#3a5da6ca75e9a6bf575906c2ea185051" title="Get the version of the VLNV." alt="" coords="273,208,407,235">
<area shape="rect" id="node13" href="$class_v_l_n_v_editor.html#ec64dfb071b106bbe96b95788cd1df25" title="VLNVEditor::getVLNV" alt="" coords="261,259,419,285">
<area shape="rect" id="node15" href="$class_new_design_page.html#fc7b8b83e5d9c42bedb47ed87efef85c" title="NewDesignPage::prevalidate" alt="" coords="238,309,442,336">
<area shape="rect" id="node19" href="$class_v_l_n_v.html#d44080fa56f2b1ec03cdccaa1c5ccb69" title="Create a QString that contains the vlnv." alt="" coords="282,360,398,387">
<area shape="rect" id="node17" href="$class_v_l_n_v_editor.html#eff4ed9c7b77a464c51bae1dbc48ad6c" title="VLNVEditor::isValid" alt="" coords="491,309,634,336">
