<area shape="rect" id="node3" href="$class_endpoint_item.html#2cce8f18f78adc195e776862dd2e7885" title="EndpointItem::getConnections" alt="" coords="355,5,570,32">
<area shape="rect" id="node5" href="$class_endpoint_item.html#3d386e99f054f10b6b5fb13829543191" title="EndpointItem::getConnectionType" alt="" coords="343,56,582,83">
<area shape="rect" id="node7" href="$class_endpoint_stack.html#ced0c93d0e06d730261112f7d6573860" title="EndpointStack::getEndpoints" alt="" coords="359,107,566,133">
<area shape="rect" id="node9" href="$class_endpoint_item.html#9f575ad01d1117858ef6644b5da5c289" title="EndpointItem::getMCAPIDirection" alt="" coords="346,157,579,184">
<area shape="rect" id="node11" href="$class_endpoint_item.html#8af24936977f7c7481300e7700042ad7" title="EndpointItem::getName" alt="" coords="375,208,550,235">
<area shape="rect" id="node13" href="$class_endpoint_item.html#115cf62983112eed66196923bcdb3c5a" title="EndpointItem::getParentProgramEntity" alt="" coords="328,259,597,285">
<area shape="rect" id="node15" href="$class_endpoint_item.html#9375342d84a1f2fbc1b5bb5b96637cd8" title="EndpointItem::isConnected" alt="" coords="365,309,560,336">
<area shape="rect" id="node17" href="$class_component_item.html#065f3fb7a863a24ab7e5e1cbef4bf417" title="ComponentItem::name" alt="" coords="377,360,548,387">
