<area shape="rect" id="node3" href="$class_vhdl_generator2.html#adb2b3cb6954b5d05777efc419e4911b" title="Read an old vhdl file and read the user modifiable parts from it." alt="" coords="296,5,576,32">
<area shape="rect" id="node5" href="$class_vhdl_generator2.html#fc02915c9a9fb99ffb73b228a868b8c7" title="Write the declarations of components." alt="" coords="278,56,594,83">
<area shape="rect" id="node7" href="$class_vhdl_generator2.html#fa3a630484299a8f4a832e798f3b0650" title="Write the instances of components." alt="" coords="287,107,585,133">
<area shape="rect" id="node9" href="$namespace_vhdl_general.html#c2beef5d689337704d4a3627fd8a7738" title="Write a description of some element to the stream." alt="" coords="648,233,859,260">
<area shape="rect" id="node11" href="$class_vhdl_generator2.html#db5b9cfc5f97afd4047aede352fcdf1a" title="Write the generics of the top entity." alt="" coords="327,208,545,235">
<area shape="rect" id="node14" href="$class_vhdl_generator2.html#ab35bc25f06903c868045dcd9054f643" title="Write the ports of the top entity." alt="" coords="339,259,533,285">
<area shape="rect" id="node17" href="$class_vhdl_generator2.html#8ae9ed076f0c5dd2d76c938145099974" title="Write the declarations of the signals." alt="" coords="296,309,576,336">
<area shape="rect" id="node19" href="$class_vhdl_generator2.html#4252f7211898041cffbc64db6179d616" title="Write the user modified assignments read from the previous file." alt="" coords="273,360,599,387">
<area shape="rect" id="node21" href="$class_vhdl_generator2.html#b6d493328b6a8ff6cfa4e0ee62c8cc2a" title="Write the user modified declarations read from the previous file." alt="" coords="274,411,598,437">
<area shape="rect" id="node23" href="$class_vhdl_generator2.html#72ec2dd9467a0c2e874350a0f842c326" title="Write the header of a vhdl file to be created." alt="" coords="318,461,554,488">
