<area shape="rect" id="node3" href="$class_diagram_column.html#e0ebb52919f48f47bf9c8a70aba7c36d" title="DiagramColumn::onMoveItem" alt="" coords="253,157,467,184">
<area shape="rect" id="node21" href="$class_diagram_column.html#9630ca472f614399dff11f3fc0580a92" title="DiagramColumn::onReleaseItem" alt="" coords="245,309,475,336">
<area shape="rect" id="node5" href="$class_diagram_column_layout.html#1a8dc012e2263872cfd2c1e99ac6d20a" title="DiagramColumnLayout::findColumnAt" alt="" coords="525,5,787,32">
<area shape="rect" id="node7" href="$class_diagram_column.html#c7ddf360f563deca6676c516ed27fe34" title="DiagramColumn::isItemAllowed" alt="" coords="545,56,767,83">
<area shape="rect" id="node10" href="$diagramgrid_8h.html#68afc106817c98c8b7787ff86acee75e" title="Snaps the given QPointF to the diagram grid." alt="" coords="593,107,719,133">
<area shape="rect" id="node12" href="$namespace_v_stacked_layout.html#5f14204a310806c9c55dc46552b97b4d" title="VStackedLayout::updateItemMove" alt="" coords="535,157,777,184">
<area shape="rect" id="node16" href="$namespace_v_collision_layout.html#1b75da2ff617504d045ddc8d45a21856" title="VCollisionLayout::updateItemMove" alt="" coords="535,208,777,235">
<area shape="rect" id="node18" href="$namespace_v_stacked_layout.html#4ecf5cf2db0d1e5c8f31ad07c5f0b363" title="VStackedLayout::updateItemPositions" alt="" coords="523,259,789,285">
<area shape="rect" id="node14" href="$namespace_diagram_util.html#34372d64301c316deaa127e2bfcf4d58" title="DiagramUtil::clampCeil" alt="" coords="837,259,1005,285">
<area shape="rect" id="node23" href="$namespace_v_stacked_layout.html#e377b4c99851b8d82fc5c132dac24e0b" title="VStackedLayout::setItemPos" alt="" coords="553,309,759,336">
<area shape="rect" id="node26" href="$namespace_v_collision_layout.html#a5d414d021b2e84936d5924e4150f100" title="VCollisionLayout::setItemPos" alt="" coords="553,360,759,387">
