<area shape="rect" id="node3" href="$class_generic_edit_provider.html#a44aaae7b9a6c25882059e45d8b24e1c" title="GenericEditProvider::addCommand" alt="" coords="369,31,615,57">
<area shape="rect" id="node5" href="$class_endpoint_item.html#b3e0c050db2a213c0ad4c50995a032f9" title="EndpointItem::canConnect" alt="" coords="397,81,587,108">
<area shape="rect" id="node9" href="$class_endpoint_connection.html#d3d1832cf66559ba139c5d3e1af0385c" title="EndpointConnection::connectEnds" alt="" coords="372,208,612,235">
<area shape="rect" id="node7" href="$class_endpoint_item.html#2cce8f18f78adc195e776862dd2e7885" title="EndpointItem::getConnections" alt="" coords="686,5,901,32">
<area shape="rect" id="node11" href="$class_endpoint_item.html#e4877da75b693825edfa8c61792d7752" title="EndpointItem::addConnection" alt="" coords="688,56,899,83">
<area shape="rect" id="node13" href="$class_endpoint_connection.html#73c72e37e2002cd8356c87db7d5acc27" title="EndpointConnection::disconnectEnds" alt="" coords="664,157,923,184">
<area shape="rect" id="node15" href="$class_endpoint_item.html#c6e9f8e781320fd39a96283c8c8d3d75" title="EndpointItem::onDisconnect" alt="" coords="988,107,1191,133">
<area shape="rect" id="node19" href="$class_endpoint_connection.html#9796d939efdd3be4b59410b0d9deb372" title="EndpointConnection::getRoute" alt="" coords="685,208,901,235">
<area shape="rect" id="node21" href="$class_endpoint_item.html#9f3b02d0d153244b23b35a4ad61f3649" title="EndpointItem::onConnect" alt="" coords="701,259,885,285">
<area shape="rect" id="node24" href="$class_endpoint_connection.html#9870f38dddec9a2faead5564b8cd8d10" title="EndpointConnection::setRoute" alt="" coords="686,309,901,336">
<area shape="rect" id="node30" href="$class_endpoint_connection.html#3780d27cb97b15d07d0fcf0f442adde3" title="EndpointConnection::simplifyPath" alt="" coords="676,360,911,387">
<area shape="rect" id="node32" href="$class_endpoint_connection.html#cbcd727d3cf06a837aa6431ed7cc0286" title="EndpointConnection::updateName" alt="" coords="672,411,915,437">
<area shape="rect" id="node17" href="$class_endpoint_item.html#37274397a4deaf0684a575db5ffa9a22" title="EndpointItem::removeConnection" alt="" coords="971,157,1207,184">
<area shape="rect" id="node26" href="$class_endpoint_item.html#9d87e6aa4e69bba19d8ca625600b343a" title="EndpointItem::getDirectionVector" alt="" coords="972,284,1207,311">
<area shape="rect" id="node28" href="$class_endpoint_item.html#552a2b54fcbd6059dfb5225c7c90e68e" title="EndpointItem::setDirection" alt="" coords="993,335,1185,361">
<area shape="rect" id="node34" href="$class_endpoint_item.html#d50aa902bdf0025745a12aa0ee4b3e41" title="EndpointItem::getFullName" alt="" coords="991,411,1187,437">
<area shape="rect" id="node36" href="$class_component_item.html#065f3fb7a863a24ab7e5e1cbef4bf417" title="ComponentItem::name" alt="" coords="1256,411,1427,437">
