<area shape="rect" id="node3" href="$class_library_data.html#5647ac254395ab894decbf22e1c63365" title="Save the library to a file." alt="" coords="249,81,447,108">
<area shape="rect" id="node9" href="$class_library_data.html#9803d09329536cca6d96e39f1128e1d6" title="Scan folder and its subfolders for IP&#45;XACT documents." alt="" coords="261,132,435,159">
<area shape="rect" id="node5" href="$librarydata_8cpp.html#bf191445878103b9cb9be72628d931a1" title="KACTUS_LIBRARY_DIRNAME" alt="" coords="501,31,699,57">
<area shape="rect" id="node7" href="$librarydata_8cpp.html#3c2d5c1b0c0d2bc814ef0775a7d2d414" title="KACTUS_LIBRARY_FILENAME" alt="" coords="499,81,701,108">
<area shape="rect" id="node11" href="$class_library_data.html#4e2d74a8625cfdf231f5b25044e1a412" title="Add a new IP&#45;XACT file to the component library." alt="" coords="497,132,703,159">
<area shape="rect" id="node30" href="$class_library_data.html#ce314867e61ce0db7abdb178997b52b0" title="Check what kind of IP&#45;Xact document is the file." alt="" coords="502,208,698,235">
<area shape="rect" id="node13" href="$class_i_p_xact_model.html#64dc7b27fc697df14ef919135af06add" title="get the VLNV of the document" alt="" coords="1005,81,1168,108">
<area shape="rect" id="node23" href="$class_library_data.html#89ef7bb8c573732fbbb0b52157c1114f" title="Check that the given file path contains a valid IP&#45;Xact file." alt="" coords="752,132,957,159">
<area shape="rect" id="node15" href="$ipxactmodel_8cpp.html#ec8bfbe1d382f3250ad1e1685e3406be" title="LIBRARY_" alt="" coords="1220,5,1300,32">
<area shape="rect" id="node17" href="$ipxactmodel_8cpp.html#bb5f30837ccf7e1f302243bce1684482" title="NAME_" alt="" coords="1227,56,1293,83">
<area shape="rect" id="node19" href="$ipxactmodel_8cpp.html#073e31dba7bddc089d043f5c7f924946" title="VENDOR_" alt="" coords="1218,107,1302,133">
<area shape="rect" id="node21" href="$ipxactmodel_8cpp.html#82fbbe1edd8d93ee573834cdcc40e3a5" title="VERSION_" alt="" coords="1217,157,1303,184">
<area shape="rect" id="node25" href="$class_parse__error.html#207f8cb5ec96cfa5e58a53914712c830" title="Get the error message." alt="" coords="1006,132,1167,159">
<area shape="rect" id="node28" href="$class_v_l_n_v.html#f02edbeb4feca8206bdb6681963730f8" title="Checks if the vlnv is valid or not." alt="" coords="1033,183,1140,209">
<area shape="rect" id="node32" href="$class_i_p_xact_model.html#cd2fb9871fe7465c341253b97943a38c" title="Get the type of the document." alt="" coords="763,220,946,247">
<area shape="rect" id="node34" href="$class_v_l_n_v.html#d32c05d3acc08bc8fc70ffba5db30d59" title="Static function. Convert QString formatted type to enum Type." alt="" coords="1017,233,1156,260">
