<area shape="rect" id="node3" href="$class_bus_if_parameters_tab.html#5cacaa29158b5d1612748fef24b0ae54" title="Applies the changes made with the editor to the model." alt="" coords="302,31,551,57">
<area shape="rect" id="node9" href="$class_bus_if_interface_mode_tab.html#92bc0dbb0e8aa7fc120597306b940086" title="Applies the changes made with the editor to the model." alt="" coords="294,107,559,133">
<area shape="rect" id="node15" href="$class_bus_if_portmap_tab.html#d66804f1364dfb5032e3d7e5cdf838f9" title="Applies the changes made with the editor to the model." alt="" coords="312,157,541,184">
<area shape="rect" id="node19" href="$class_bus_if_general_tab.html#f655115b5a479bf6ae810182f41a4b5b" title="Applies the changes made with the editor to the model." alt="" coords="315,487,539,513">
<area shape="rect" id="node77" href="$class_item_editor.html#a23114a7736c1d0a30a51582a95c2bda" title="Get the the component pointer from the base&#45;class." alt="" coords="342,537,511,564">
<area shape="rect" id="node5" href="$class_parameters_model.html#741058bbb86f4fc73f5950313d1dd2f9" title="Write the changes to the original model." alt="" coords="659,5,837,32">
<area shape="rect" id="node7" href="$class_parameters_model.html#451012af49bdcaef153081e8a970c033" title="Check if the model is in valid state or not." alt="" coords="973,5,1157,32">
<area shape="rect" id="node11" href="$class_bus_if_interface_mode_editor.html#6b3b070cfe1a1006a34e0b73e44d2b00" title="Applies the changes made with the editor to the model." alt="" coords="609,56,887,83">
<area shape="rect" id="node13" href="$class_bus_if_interface_mode_editor.html#953b1c150858591acd981b53a308281b" title="Check for the validity of the edited item." alt="" coords="633,107,863,133">
<area shape="rect" id="node17" href="$class_port_maps_model.html#86a67868d68b093e708c8bb28e3c712f" title="Write the changes to the original model." alt="" coords="667,157,829,184">
<area shape="rect" id="node21" href="$class_bus_if_general_details.html#7023f9c0a028cb79a44bf8db83a1ee33" title="Applies the changes made with the editor to the model." alt="" coords="625,664,871,691">
<area shape="rect" id="node35" href="$class_attribute_box.html#a7fe19b41cb0515cdae8648e6042a3ed" title="Get the attributes from the widget." alt="" coords="651,867,845,893">
<area shape="rect" id="node39" href="$class_name_group_box.html#4b0f3b5b06faa6e7264738f9c50faed8" title="Get the value of the description&#45;field." alt="" coords="635,715,861,741">
<area shape="rect" id="node41" href="$class_name_group_box.html#0998b9c79e4e14cedac13b857c89e2a1" title="Get the value of the displayName&#45;field." alt="" coords="629,765,867,792">
<area shape="rect" id="node43" href="$class_name_group_box.html#c97d1eb24f286de336bb427fd656155e" title="Get the value of the name&#45;field." alt="" coords="652,816,844,843">
<area shape="rect" id="node45" href="$class_v_l_n_v_editor.html#ec64dfb071b106bbe96b95788cd1df25" title="VLNVEditor::getVLNV" alt="" coords="986,487,1145,513">
<area shape="rect" id="node47" href="$class_v_l_n_v_editor.html#bc51c18e71e347d9a077e0608021ae21" title="VLNVEditor::isEmpty" alt="" coords="989,157,1142,184">
<area shape="rect" id="node49" href="$class_bus_if_general_tab.html#804b9c8fc391af108f89a7ff7acfee60" title="Check for the validity of the edited item." alt="" coords="661,259,835,285">
<area shape="rect" id="node65" href="$class_bus_interface.html#3d5f3c879c483381ca097c48e8350dc4" title="Set the abstractionType for this interface." alt="" coords="631,309,865,336">
<area shape="rect" id="node67" href="$class_bus_interface.html#8a92db58fed6ab0141afbac4eb7af871" title="Set the attributes for the bus interface." alt="" coords="651,360,845,387">
<area shape="rect" id="node69" href="$class_bus_interface.html#9e1e189138dccf2a0c3ce396806d3bb9" title="Set the bus definition for this interface." alt="" coords="656,411,840,437">
<area shape="rect" id="node71" href="$class_bus_interface.html#5ac2c074f12f9337041f2c66fa322246" title="Set the description for the bus interface." alt="" coords="647,461,849,488">
<area shape="rect" id="node73" href="$class_bus_interface.html#bea6e29e5e01bf2e58eb42f44b910a57" title="Set the display name for the bus interface." alt="" coords="641,512,855,539">
<area shape="rect" id="node75" href="$class_bus_interface.html#e3728c5560b29f1b6e1509a5af164f78" title="Set the name of this interface." alt="" coords="663,563,833,589">
<area shape="rect" id="node23" href="$class_bus_interface.html#3e313c0f109499dd1ff969746cd5f1a2" title="Set the bits in lau value." alt="" coords="971,804,1159,831">
<area shape="rect" id="node25" href="$class_bus_interface.html#d330673716fc35981ef05baaa1cf545e" title="Set the bit steering for this interface." alt="" coords="965,551,1166,577">
<area shape="rect" id="node27" href="$class_bus_interface.html#242587a6f8883365b10006b6b058f8ff" title="Set the connectionRequired value." alt="" coords="936,601,1195,628">
<area shape="rect" id="node29" href="$class_bus_interface.html#96a3c673c7f62ea553f2569c6cc2a99e" title="Set the endianness for this interface." alt="" coords="964,652,1167,679">
<area shape="rect" id="node31" href="$namespace_general.html#6b22c34f51900db403d06a0158e1724d" title="Converts the QString to enum BitSteering." alt="" coords="977,703,1153,729">
<area shape="rect" id="node33" href="$namespace_general.html#0a1732b74756c4e3a1e5b0b0bf397cbc" title="Convert the value of the QString into enum Endianness." alt="" coords="976,753,1155,780">
<area shape="rect" id="node37" href="$class_attribute_model.html#e7e5a510bf4ede972444d18cd018baef" title="Get attributes stored in the model." alt="" coords="961,867,1169,893">
<area shape="rect" id="node51" href="$class_library_interface.html#f6944f708f9aa01568d707fdc773ea91" title="Checks if the library already contains the specified vlnv." alt="" coords="974,208,1157,235">
<area shape="rect" id="node55" href="$class_bus_if_general_details.html#9cc3ef6d87f3705a0b60f6e6457d1d65" title="Check for the validity of the edited item." alt="" coords="967,259,1163,285">
<area shape="rect" id="node57" href="$class_v_l_n_v_editor.html#eff4ed9c7b77a464c51bae1dbc48ad6c" title="VLNVEditor::isValid" alt="" coords="994,309,1137,336">
<area shape="rect" id="node59" href="$class_attribute_box.html#08cf70813c3ba2f52c457f2f823874aa" title="Check that attributeBox contains only non&#45;empty name&#45;value pairs." alt="" coords="990,360,1141,387">
<area shape="rect" id="node63" href="$class_name_group_box.html#f73fb14aee9a9e968558e9f3ad84358f" title="Check if the widget is in valid mode." alt="" coords="979,411,1152,437">
<area shape="rect" id="node61" href="$class_attribute_model.html#be5f6620d6058ada164caf16e097d4cd" title="Check that all attributes stored in the model are valid." alt="" coords="1243,360,1459,387">
