<area shape="rect" id="node3" href="$class_library_tree_filter.html#d5c648303bf583563c2660e015e5af42" title="Check the bus type and the implementation." alt="" coords="315,5,538,32">
<area shape="rect" id="node5" href="$class_library_tree_filter.html#6913fd9bd340ba3eac91e55c00d8a665" title="Check the firmness matching." alt="" coords="313,56,540,83">
<area shape="rect" id="node7" href="$class_library_tree_filter.html#c7a234e2407dd17f4c0b2aff4c9fd312" title="Check the hierarchy matching." alt="" coords="311,107,542,133">
<area shape="rect" id="node9" href="$class_library_tree_filter.html#a65a8262b549c022c150a0bfcfd5202f" title="Check the implementation matching." alt="" coords="291,157,562,184">
<area shape="rect" id="node11" href="$class_library_tree_filter.html#5b6a8d2166876e9ba75ce7cebbe15aee" title="Check the list of vlnvs if they match the search rules." alt="" coords="321,208,532,235">
<area shape="rect" id="node21" href="$class_library_interface.html#f6944f708f9aa01568d707fdc773ea91" title="Checks if the library already contains the specified vlnv." alt="" coords="335,259,518,285">
<area shape="rect" id="node23" href="$class_library_interface.html#55d33e9e99760ae1a12725681c034b43" title="Get the document type of given vlnv." alt="" coords="303,309,550,336">
<area shape="rect" id="node25" href="$class_library_interface.html#92798f5c6f5e72c8f4da87e872812c4f" title="Get a model that matches given VLNV." alt="" coords="333,360,521,387">
<area shape="rect" id="node27" href="$class_library_item.html#b86ca048827c026f743da291fdf4138d" title="Get list of all VLNV tags that exist under this item." alt="" coords="344,411,509,437">
<area shape="rect" id="node13" href="$class_v_l_n_v.html#f00f5007636620ffeff44521bacca857" title="Get the library of the VLNV." alt="" coords="614,132,743,159">
<area shape="rect" id="node15" href="$class_v_l_n_v.html#3ff2bdff884da48aa0e936fa5595b7e8" title="Get the name of the IP block in VLNV." alt="" coords="616,183,741,209">
<area shape="rect" id="node17" href="$class_v_l_n_v.html#8868ebe2affad578b9c9c3aef1f38632" title="Get the vendor of the VLNV." alt="" coords="613,233,745,260">
<area shape="rect" id="node19" href="$class_v_l_n_v.html#3a5da6ca75e9a6bf575906c2ea185051" title="Get the version of the VLNV." alt="" coords="611,284,746,311">
