<area shape="rect" id="node3" href="$class_m_c_a_p_i_highlighter.html#8867905af3bcaeeb687b95e2ddc248ed" title="MCAPIHighlighter::applyStyles" alt="" coords="306,31,518,57">
<area shape="rect" id="node9" href="$class_m_c_a_p_i_text_edit.html#4095868779f1272d7e454183aa67d8ee" title="MCAPITextEdit::getHighlighter" alt="" coords="307,81,517,108">
<area shape="rect" id="node11" href="$class_assisted_text_edit.html#9180bcfa3db5d09576033de935740132" title="AssistedTextEdit::setIndentStyle" alt="" coords="299,132,525,159">
<area shape="rect" id="node13" href="$class_m_c_a_p_i_highlighter.html#672ef505342a8d875150e75634957a21" title="MCAPIHighlighter::setStyle" alt="" coords="317,183,507,209">
<area shape="rect" id="node5" href="$class_m_c_a_p_i_highlighter.html#d2cca63322e4e76ca851d7ba6e4705d6" title="MCAPIHighlighter::applyCStyle" alt="" coords="589,5,803,32">
<area shape="rect" id="node7" href="$class_m_c_a_p_i_highlighter.html#a9cbdf518b6f61bc8ee1f8d87087b3cb" title="MCAPIHighlighter::applyMCAPIStyle" alt="" coords="573,56,819,83">
