<area shape="rect" id="node3" href="$class_m_c_a_p_i_content_matcher.html#d5a5a9be6c677297efb1a899150000bb" title="MCAPIContentMatcher::findNodeDesc" alt="" coords="347,5,610,32">
<area shape="rect" id="node5" href="$class_m_c_a_p_i_function_desc.html#afdd5e1731e27b950aa4d33e8daaedfc" title="MCAPIFunctionDesc::getParamCount" alt="" coords="702,56,959,83">
<area shape="rect" id="node7" href="$class_m_c_a_p_i_function_desc.html#be9b0932ad857362fa325de76d2d1954" title="MCAPIFunctionDesc::getParamType" alt="" coords="354,107,603,133">
<area shape="rect" id="node10" href="$class_m_c_a_p_i_content_matcher.html#7dbf7069c67346de5aab997ef0194750" title="MCAPIContentMatcher::isConnectionValid" alt="" coords="335,157,622,184">
<area shape="rect" id="node18" href="$class_m_c_a_p_i_content_matcher.html#0078c27d28db4cb2e71c219acae25f58" title="MCAPIContentMatcher::tryMatchEndpoints" alt="" coords="333,208,625,235">
<area shape="rect" id="node22" href="$class_m_c_a_p_i_content_matcher.html#fcf45547e0b46f1c6d3ce58fbd085bd1" title="MCAPIContentMatcher::tryMatchIdentifier" alt="" coords="689,284,973,311">
<area shape="rect" id="node25" href="$class_m_c_a_p_i_content_matcher.html#62dd56374e65e87a60c6de129fdca06f" title="MCAPIContentMatcher::tryMatchNodeParam" alt="" coords="326,309,631,336">
<area shape="rect" id="node28" href="$class_m_c_a_p_i_content_matcher.html#f2d177d5080012a05aae0051a6b79f2a" title="MCAPIContentMatcher::tryMatchPortParam" alt="" coords="330,360,627,387">
<area shape="rect" id="node12" href="$class_m_c_a_p_i_content_matcher.html#e808c7bac65fdcd3c5a0eee8ac91fd4d" title="MCAPIContentMatcher::findConnectionDesc" alt="" coords="681,208,981,235">
<area shape="rect" id="node14" href="$class_m_c_a_p_i_content_matcher.html#daa44d56d51727e93124c0241ec46c28" title="MCAPIContentMatcher::findEndpointDesc" alt="" coords="689,107,973,133">
<area shape="rect" id="node16" href="$class_m_c_a_p_i_content_matcher.html#60776cc56b51cbdf9852c27cad8eb9ec" title="MCAPIContentMatcher::isEndpointValid" alt="" coords="695,157,966,184">
