<area shape="rect" id="node3" href="$class_file_set.html#551646393fa299f3f06681847f5c990d" title="Add a new file to the file set." alt="" coords="365,31,483,57">
<area shape="rect" id="node9" href="$class_file.html#d75223b2c799d2eaef38a85c3b159678" title="Add a new user file type definition." alt="" coords="346,81,502,108">
<area shape="rect" id="node11" href="$namespace_general.html#62ccd6c717ee0d1bc3954a44e6260d00" title="Get a relative file path from one location to another." alt="" coords="334,132,514,159">
<area shape="rect" id="node13" href="$class_file.html#9191a8586dc16ada41e2a0e7c66538ad" title="Set the isIncludeFile setting for this file." alt="" coords="355,183,493,209">
<area shape="rect" id="node5" href="$class_file.html#5498b16808f9f2df9f0f169ec31b54d6" title="Get the name of the file." alt="" coords="565,5,675,32">
<area shape="rect" id="node7" href="$class_file.html#6282a5dadc094138eef03bc4ef48000c" title="Set the fileSet that contains this file." alt="" coords="563,56,677,83">
