<area shape="rect" id="node3" href="$class_diagram_port.html#d1d2421a92e38e0580dd59b13e0f10fd" title="DiagramPort::encompassingComp" alt="" coords="280,5,523,32">
<area shape="rect" id="node5" href="$class_diagram_component.html#3db8f8a6314bc4f02e09f421ea6a90fd" title="DiagramComponent::onMovePort" alt="" coords="283,56,519,83">
<area shape="rect" id="node7" href="$diagramgrid_8h.html#68afc106817c98c8b7787ff86acee75e" title="Snaps the given QPointF to the diagram grid." alt="" coords="629,5,755,32">
<area shape="rect" id="node9" href="$namespace_v_collision_layout.html#1b75da2ff617504d045ddc8d45a21856" title="VCollisionLayout::updateItemMove" alt="" coords="571,56,813,83">
<area shape="rect" id="node11" href="$class_diagram_component.html#4e87cd9a6867f46fd3a1e467ed745f8d" title="DiagramComponent::updateSize" alt="" coords="576,107,808,133">
<area shape="rect" id="node13" href="$class_diagram_column.html#a5cdb091f672def589f5f2cfdfb21912" title="DiagramColumn::updateItemPositions" alt="" coords="862,107,1127,133">
<area shape="rect" id="node15" href="$namespace_v_stacked_layout.html#4ecf5cf2db0d1e5c8f31ad07c5f0b363" title="VStackedLayout::updateItemPositions" alt="" coords="1177,107,1442,133">
<area shape="rect" id="node17" href="$namespace_diagram_util.html#34372d64301c316deaa127e2bfcf4d58" title="DiagramUtil::clampCeil" alt="" coords="1491,107,1659,133">
