<area shape="rect" id="node3" href="$class_bus_if_interface_mode_editor.html#ce4c5bfca5772feae39f55f954a38bca" title="Get pointer to the bus interface being edited." alt="" coords="327,5,545,32">
<area shape="rect" id="node5" href="$class_attribute_box.html#a7fe19b41cb0515cdae8648e6042a3ed" title="Get the attributes from the widget." alt="" coords="339,56,533,83">
<area shape="rect" id="node9" href="$class_bus_interface.html#c0148e5021c6d58ba897ca90da1f72d2" title="Get the pointer to the master&#45;element." alt="" coords="349,107,523,133">
<area shape="rect" id="node11" href="$class_bus_if_interface_master.html#b9b144bb3c19bbfd4e8fa91869f9edf1" title="Check for the validity of the edited item." alt="" coords="335,157,537,184">
<area shape="rect" id="node17" href="$class_master_interface.html#b2ba92e4dcd81498cf4c4dc68ffcbb64" title="Set the address space reference." alt="" coords="305,208,567,235">
<area shape="rect" id="node19" href="$class_master_interface.html#21515f6f7ddd4cf9ad257d7f35bc6cd7" title="Set the base address." alt="" coords="319,259,553,285">
<area shape="rect" id="node21" href="$class_master_interface.html#dd00dfd0c9868ef8a96943e1cb477359" title="Set the base address attributes." alt="" coords="313,309,559,336">
<area shape="rect" id="node23" href="$class_bus_interface.html#7b0fe2e2589c14854b4dbaac5d5675db" title="Set the interface mode for this interface." alt="" coords="325,360,547,387">
<area shape="rect" id="node25" href="$class_master_interface.html#01a9c6f8407d63f1ddfca7e01da75578" title="Set the prompt attribute value." alt="" coords="337,411,535,437">
<area shape="rect" id="node7" href="$class_attribute_model.html#e7e5a510bf4ede972444d18cd018baef" title="Get attributes stored in the model." alt="" coords="616,56,824,83">
<area shape="rect" id="node13" href="$class_attribute_box.html#2c702454df31d3abac8c0ef30e6ba818" title="Does the attribute box contain any attributes." alt="" coords="639,157,801,184">
<area shape="rect" id="node15" href="$class_attribute_model.html#766f0d7f6a24eae73b5dfa9371c2083d" title="Get the number of rows to display." alt="" coords="872,157,1056,184">
