<area shape="rect" id="node3" href="$class_generic_edit_provider.html#a44aaae7b9a6c25882059e45d8b24e1c" title="GenericEditProvider::addCommand" alt="" coords="649,23,895,50">
<area shape="rect" id="node5" href="$class_block_diagram.html#d89d9850c5eb14c2e93e5d32582387d8" title="BlockDiagram::addInterface" alt="" coords="334,74,533,100">
<area shape="rect" id="node10" href="$diagramgrid_8h.html#68afc106817c98c8b7787ff86acee75e" title="Snaps the given QPointF to the diagram grid." alt="" coords="709,124,835,151">
<area shape="rect" id="node12" href="$class_diagram_connection_end_point.html#ad2c0751e72b860267e1db707ef616cb" title="DiagramConnectionEndPoint::canConnect" alt="" coords="289,175,578,202">
<area shape="rect" id="node14" href="$class_component_item.html#49a73ee33e425a3ff37d93e68ca33c99" title="ComponentItem::componentModel" alt="" coords="311,226,556,252">
<area shape="rect" id="node16" href="$class_block_diagram.html#e18ef4aaea15c273ced44cbc46d5f1cd" title="BlockDiagram::disableHighlight" alt="" coords="323,276,543,303">
<area shape="rect" id="node18" href="$class_diagram_connection_end_point.html#3d375e1af63aaf2ae4861c158934067b" title="DiagramConnectionEndPoint::setHighlight" alt="" coords="627,302,917,328">
<area shape="rect" id="node20" href="$class_diagram_column.html#37e22474aa7cec67f05f68bef52d937b" title="DiagramColumn::getAllowedItems" alt="" coords="314,378,553,404">
<area shape="rect" id="node22" href="$class_diagram_connection_end_point.html#24e5426821cdf4df2c7884979085d303" title="DiagramConnectionEndPoint::getDirection" alt="" coords="288,428,579,455">
<area shape="rect" id="node24" href="$class_block_diagram.html#2afe2385be59f309d2e1683059a3ea42" title="BlockDiagram::onSelected" alt="" coords="338,479,529,506">
<area shape="rect" id="node26" href="$class_block_diagram.html#7de56e67568b6362de2dcd5f21583fcf" title="Get pointer to the parent of this scene." alt="" coords="353,530,514,556">
<area shape="rect" id="node29" href="$class_block_diagram.html#37578f9d22111d231811fae82c511636" title="Set the mode, how BlockDiagran responds to mouse events." alt="" coords="346,580,521,607">
<area shape="rect" id="node8" href="$class_diagram_column.html#3e56a4e856b3a71427b12f61d6b59125" title="DiagramColumn::getContentType" alt="" coords="654,74,890,100">
