<area shape="rect" id="node3" href="$class_mapping_component_item.html#e6f31d87b7ad29bc3331ac6b929cedd5" title="MappingComponentItem::addProgramEntity" alt="" coords="297,360,599,387">
<area shape="rect" id="node5" href="$class_component_item.html#49a73ee33e425a3ff37d93e68ca33c99" title="ComponentItem::componentModel" alt="" coords="964,5,1209,32">
<area shape="rect" id="node7" href="$class_endpoint_item.html#34cfd905292fc78fd4457c704e2ad8af" title="EndpointItem::createBusInterface" alt="" coords="661,157,897,184">
<area shape="rect" id="node34" href="$class_program_entity_item.html#5e5eb69d907234c570b34cb1d6553421" title="ProgramEntityItem::getEndpoints" alt="" coords="661,309,896,336">
<area shape="rect" id="node38" href="$class_program_entity_item.html#5be709e56b06bdf7ab3b56ddfdd1d369" title="ProgramEntityItem::setFixed" alt="" coords="677,360,880,387">
<area shape="rect" id="node42" href="$namespace_v_stacked_layout.html#e377b4c99851b8d82fc5c132dac24e0b" title="VStackedLayout::setItemPos" alt="" coords="675,411,882,437">
<area shape="rect" id="node46" href="$namespace_v_stacked_layout.html#5f14204a310806c9c55dc46552b97b4d" title="VStackedLayout::updateItemMove" alt="" coords="657,461,900,488">
<area shape="rect" id="node49" href="$class_mapping_component_item.html#061ccd65320606a6e129f9ec8f2924c1" title="MappingComponentItem::updateSize" alt="" coords="649,512,909,539">
<area shape="rect" id="node10" href="$class_endpoint_item.html#d50aa902bdf0025745a12aa0ee4b3e41" title="EndpointItem::getFullName" alt="" coords="989,56,1185,83">
<area shape="rect" id="node14" href="$class_i_d_factory.html#696d85fd5777842c5a26e06d726842fd" title="IDFactory::getID" alt="" coords="1025,107,1149,133">
<area shape="rect" id="node16" href="$class_bus_interface.html#3f2c300ef4dc3e1a49d54df1ab9105df" title="BusInterface::getMCAPIPortID" alt="" coords="981,157,1192,184">
<area shape="rect" id="node18" href="$class_mapping_component_item.html#a08c595682846b02061ca7ef1b8e956e" title="MappingComponentItem::getPortIDFactory" alt="" coords="1265,157,1559,184">
<area shape="rect" id="node20" href="$class_endpoint_item.html#6e55fce2402231ed51852822295cf86e" title="EndpointItem::setPortID" alt="" coords="999,259,1174,285">
<area shape="rect" id="node12" href="$class_component_item.html#065f3fb7a863a24ab7e5e1cbef4bf417" title="ComponentItem::name" alt="" coords="1327,56,1497,83">
<area shape="rect" id="node22" href="$class_i_d_factory.html#a1cbad682e0956223eca6c0050b36143" title="IDFactory::freeID" alt="" coords="1348,208,1476,235">
<area shape="rect" id="node24" href="$class_program_entity_item.html#aa817c7a10afe44a17154a52979f7ce4" title="ProgramEntityItem::getMappingComponent" alt="" coords="1609,259,1909,285">
<area shape="rect" id="node27" href="$class_endpoint_item.html#96a5ea437fef728b990ef02c9b02ba1b" title="EndpointItem::updateText" alt="" coords="1319,309,1505,336">
<area shape="rect" id="node32" href="$class_i_d_factory.html#6e0bf6e11384885550b655459591fd4a" title="IDFactory::usedID" alt="" coords="1345,360,1479,387">
<area shape="rect" id="node29" href="$class_mapping_component_item.html#bb0464b90d277538161c88744f1d12ea" title="MappingComponentItem::getID" alt="" coords="1647,309,1870,336">
<area shape="rect" id="node36" href="$class_endpoint_stack.html#ced0c93d0e06d730261112f7d6573860" title="EndpointStack::getEndpoints" alt="" coords="983,309,1190,336">
<area shape="rect" id="node40" href="$class_endpoint_stack.html#d5bb97e9a6168a8ba87d4f4c44993a84" title="EndpointStack::getVisibleHeight" alt="" coords="973,360,1200,387">
<area shape="rect" id="node44" href="$namespace_diagram_util.html#34372d64301c316deaa127e2bfcf4d58" title="DiagramUtil::clampCeil" alt="" coords="1675,461,1843,488">
<area shape="rect" id="node51" href="$class_system_column.html#0a1f4fe833348e8fc8ed94dcfd3db7b3" title="SystemColumn::updateItemPositions" alt="" coords="957,512,1216,539">
<area shape="rect" id="node53" href="$namespace_v_stacked_layout.html#4ecf5cf2db0d1e5c8f31ad07c5f0b363" title="VStackedLayout::updateItemPositions" alt="" coords="1279,512,1545,539">
