<area shape="rect" id="node3" href="$namespace_general.html#3667ea75d4cd8f57a7eab2c1995fa800" title="Parse a vlnv tag from the attributes in the node." alt="" coords="353,81,509,108">
<area shape="rect" id="node13" href="$class_v_l_n_v.html#f02edbeb4feca8206bdb6681963730f8" title="Checks if the vlnv is valid or not." alt="" coords="377,132,484,159">
<area shape="rect" id="node15" href="$namespace_general.html#6f502947aee511fd590d3eeef2050d14" title="Parse attributes to QMap." alt="" coords="341,183,520,209">
<area shape="rect" id="node5" href="$generaldeclarations_8h.html#91be6c01d4ea1c5e60aca68f0b6efed2" title="SPIRIT_LIBRARY" alt="" coords="571,5,690,32">
<area shape="rect" id="node7" href="$generaldeclarations_8h.html#e83546a3026439475ba1c85ff811ab6f" title="SPIRIT_NAME" alt="" coords="578,56,683,83">
<area shape="rect" id="node9" href="$generaldeclarations_8h.html#ddbf7a8d947cc80c69007e5dfd313945" title="SPIRIT_VENDOR" alt="" coords="569,107,692,133">
<area shape="rect" id="node11" href="$generaldeclarations_8h.html#b0791c8286c4a421fb74507d6f381737" title="SPIRIT_VERSION" alt="" coords="569,157,693,184">
