<area shape="rect" id="node3" href="$class_component_item.html#49a73ee33e425a3ff37d93e68ca33c99" title="ComponentItem::componentModel" alt="" coords="832,360,1077,387">
<area shape="rect" id="node5" href="$class_endpoint_design_diagram.html#6c603ddc5be791eb4fb765367be85d1c" title="EndpointDesignDiagram::createApplication" alt="" coords="421,183,717,209">
<area shape="rect" id="node48" href="$class_endpoint_design_diagram.html#a901cc1e807615dea3889d5951150e9c" title="EndpointDesignDiagram::createPlatformComponent" alt="" coords="392,107,747,133">
<area shape="rect" id="node52" href="$class_endpoint_design_diagram.html#4709301f9c2d8216e3e0275eb47f48b4" title="EndpointDesignDiagram::isProtected" alt="" coords="441,335,698,361">
<area shape="rect" id="node54" href="$class_endpoint_design_diagram.html#1880ea5d4bcf97674b94d4b099ce0bf9" title="EndpointDesignDiagram::packetizeSWComponent" alt="" coords="399,385,740,412">
<area shape="rect" id="node79" href="$diagramgrid_8h.html#68afc106817c98c8b7787ff86acee75e" title="Snaps the given QPointF to the diagram grid." alt="" coords="506,436,633,463">
<area shape="rect" id="node7" href="$class_generic_edit_provider.html#a44aaae7b9a6c25882059e45d8b24e1c" title="GenericEditProvider::addCommand" alt="" coords="831,107,1078,133">
<area shape="rect" id="node9" href="$class_file_set.html#551646393fa299f3f06681847f5c990d" title="Add a new file to the file set." alt="" coords="895,56,1014,83">
<area shape="rect" id="node15" href="$class_file.html#49ad101e1f24851fe7766438c2208a17" title="Add a new file type definition." alt="" coords="891,157,1018,184">
<area shape="rect" id="node17" href="$class_endpoint_design_diagram.html#0d96e53cdf528b2340a3aea6523f17cb" title="EndpointDesignDiagram::createInstanceName" alt="" coords="795,5,1114,32">
<area shape="rect" id="node19" href="$class_program_entity_item.html#2e1898ee323a3cef69715f1697ba0c83" title="ProgramEntityItem::createSource" alt="" coords="837,208,1073,235">
<area shape="rect" id="node44" href="$class_endpoint_design_diagram.html#9da98836bda583a0f92cbfd8327aab2e" title="EndpointDesignDiagram::parent" alt="" coords="841,309,1068,336">
<area shape="rect" id="node46" href="$class_file_set.html#7151dccdfa6e52360fec4b88f23b2e9c" title="Set the name for this file set." alt="" coords="889,259,1021,285">
<area shape="rect" id="node11" href="$class_file.html#5498b16808f9f2df9f0f169ec31b54d6" title="Get the name of the file." alt="" coords="1242,31,1353,57">
<area shape="rect" id="node13" href="$class_file.html#6282a5dadc094138eef03bc4ef48000c" title="Set the fileSet that contains this file." alt="" coords="1241,81,1354,108">
<area shape="rect" id="node21" href="$class_program_entity_item.html#af461de635cb04d7d722dc25fb82dd37" title="ProgramEntityItem::createIndentString" alt="" coords="1163,208,1432,235">
<area shape="rect" id="node23" href="$class_program_entity_item.html#b15d1e71674f4108822c914b284fee96" title="ProgramEntityItem::generateCode" alt="" coords="1177,316,1418,343">
<area shape="rect" id="node41" href="$class_component_item.html#065f3fb7a863a24ab7e5e1cbef4bf417" title="ComponentItem::name" alt="" coords="1545,145,1716,172">
<area shape="rect" id="node25" href="$class_endpoint_item.html#2cce8f18f78adc195e776862dd2e7885" title="EndpointItem::getConnections" alt="" coords="1523,297,1738,324">
<area shape="rect" id="node27" href="$class_endpoint_stack.html#ced0c93d0e06d730261112f7d6573860" title="EndpointStack::getEndpoints" alt="" coords="1527,348,1734,375">
<area shape="rect" id="node29" href="$class_mapping_component_item.html#bb0464b90d277538161c88744f1d12ea" title="MappingComponentItem::getID" alt="" coords="1519,399,1742,425">
<area shape="rect" id="node31" href="$class_program_entity_item.html#aa817c7a10afe44a17154a52979f7ce4" title="ProgramEntityItem::getMappingComponent" alt="" coords="1481,449,1781,476">
<area shape="rect" id="node33" href="$class_endpoint_item.html#8af24936977f7c7481300e7700042ad7" title="EndpointItem::getName" alt="" coords="1543,500,1718,527">
<area shape="rect" id="node35" href="$class_endpoint_item.html#115cf62983112eed66196923bcdb3c5a" title="EndpointItem::getParentProgramEntity" alt="" coords="1496,551,1765,577">
<area shape="rect" id="node37" href="$class_endpoint_item.html#2dd5ead395b9e30c6e7af4c953b7a2d9" title="EndpointItem::getPortID" alt="" coords="1543,196,1718,223">
<area shape="rect" id="node39" href="$class_endpoint_item.html#9375342d84a1f2fbc1b5bb5b96637cd8" title="EndpointItem::isConnected" alt="" coords="1533,247,1728,273">
<area shape="rect" id="node58" href="$class_new_object_dialog.html#017f37c8b05939b4bc5ed9ae5b79d2c8" title="Get the user inputted path." alt="" coords="861,411,1049,437">
<area shape="rect" id="node60" href="$class_new_object_dialog.html#7676e943f9f74ca3a0c90b63427b967b" title="Get the user inputted VLNV." alt="" coords="857,461,1052,488">
<area shape="rect" id="node65" href="$class_component_item.html#2c3e3dbd4ab3e6fdd363d21f4310a047" title="ComponentItem::updateComponent" alt="" coords="827,512,1082,539">
<area shape="rect" id="node77" href="$class_library_interface.html#a841b91f4281dc02f2d3bf871f8bab45" title="Write the model to file system to given file path." alt="" coords="838,563,1071,589">
<area shape="rect" id="node62" href="$class_v_l_n_v_editor.html#ec64dfb071b106bbe96b95788cd1df25" title="VLNVEditor::getVLNV" alt="" coords="1218,392,1377,419">
<area shape="rect" id="node67" href="$class_v_l_n_v.html#f00f5007636620ffeff44521bacca857" title="Get the library of the VLNV." alt="" coords="1233,595,1362,621">
<area shape="rect" id="node69" href="$class_v_l_n_v.html#3ff2bdff884da48aa0e936fa5595b7e8" title="Get the name of the IP block in VLNV." alt="" coords="1235,645,1360,672">
<area shape="rect" id="node71" href="$class_v_l_n_v.html#8868ebe2affad578b9c9c3aef1f38632" title="Get the vendor of the VLNV." alt="" coords="1231,443,1363,469">
<area shape="rect" id="node73" href="$class_v_l_n_v.html#3a5da6ca75e9a6bf575906c2ea185051" title="Get the version of the VLNV." alt="" coords="1230,493,1365,520">
<area shape="rect" id="node75" href="$class_v_l_n_v.html#f02edbeb4feca8206bdb6681963730f8" title="Checks if the vlnv is valid or not." alt="" coords="1244,544,1351,571">
