<area shape="rect" id="node3" href="$class_bus_if_parameters_tab.html#0b9740a2518b8a2b699c6260be77d1d8" title="Restore the changes made in the editor back to ones in the model." alt="" coords="325,31,587,57">
<area shape="rect" id="node7" href="$class_bus_if_interface_mode_tab.html#f568bd5fdc4072694039e79818104007" title="Restore the changes made in the editor back to ones in the model." alt="" coords="317,107,595,133">
<area shape="rect" id="node13" href="$class_bus_if_portmap_tab.html#6e4441547c17f9d8506ecad9844ccb55" title="Restore the changes made in the editor back to ones in the model." alt="" coords="335,157,577,184">
<area shape="rect" id="node17" href="$class_bus_if_general_tab.html#65a7d952db9dd4513957dd8479e13784" title="Restore the changes made in the editor back to ones in the model." alt="" coords="338,411,574,437">
<area shape="rect" id="node5" href="$class_parameters_model.html#1a6c91a17bc027c865adfffd95b115ed" title="Restore the settings from the original model." alt="" coords="693,5,883,32">
<area shape="rect" id="node9" href="$class_bus_interface.html#a6e78e9449aef04faca537229d6b1a57" title="Get the mode of this interface." alt="" coords="677,56,899,83">
<area shape="rect" id="node11" href="$class_bus_if_interface_mode_editor.html#1e62879042a4921333c4d20d05f38d23" title="Restore the changes made in the editor back to ones in the model." alt="" coords="643,107,933,133">
<area shape="rect" id="node15" href="$class_port_maps_model.html#bce9bff05386c418b03058ee665596b3" title="Restore the settings from the original model." alt="" coords="701,157,875,184">
<area shape="rect" id="node19" href="$class_bus_interface.html#42d1081e79c22944e968ccd44cfcd99e" title="get the vlnv to the abstraction definition" alt="" coords="671,208,905,235">
<area shape="rect" id="node21" href="$class_bus_interface.html#6fa521eaf3889923fe834413b571e489" title="Get the attributes of the bus interface." alt="" coords="691,259,885,285">
<area shape="rect" id="node23" href="$class_bus_interface.html#4d1644c428e37e6538a864ad76fe4980" title="Get the vlnv to the bus definition." alt="" coords="695,309,881,336">
<area shape="rect" id="node25" href="$class_bus_interface.html#fa0992e2c09350e068f15cd9814b6ef4" title="Get the description of the bus interface." alt="" coords="687,360,889,387">
<area shape="rect" id="node27" href="$class_bus_interface.html#9c27342431908d1a5e413f3fd83ef089" title="Get the display name of the bus interface." alt="" coords="680,411,896,437">
<area shape="rect" id="node29" href="$class_bus_interface.html#68689fb6dc2fe53c9b2bc43d0904e549" title="get the name of the bus interface" alt="" coords="703,461,873,488">
<area shape="rect" id="node31" href="$class_v_l_n_v.html#f02edbeb4feca8206bdb6681963730f8" title="Checks if the vlnv is valid or not." alt="" coords="735,512,841,539">
<area shape="rect" id="node33" href="$class_bus_if_general_details.html#af5ddae8350af9e68963cfcb45b15569" title="Restore the changes made in the editor back to ones in the model." alt="" coords="659,563,917,589">
<area shape="rect" id="node47" href="$class_attribute_box.html#4f57e8d7039e9232097b3f792af5029d" title="Set the attributes to be displayed in this widget." alt="" coords="691,652,885,679">
<area shape="rect" id="node51" href="$class_v_l_n_v_editor.html#edef36ca3252c366ed3d222c69d2c765" title="VLNVEditor::setVLNV" alt="" coords="709,791,867,817">
<area shape="rect" id="node35" href="$namespace_general.html#70fac9fbd08c1c247135cf5ae540b762" title="Converts the enum BitSteering into QString." alt="" coords="1022,385,1199,412">
<area shape="rect" id="node37" href="$namespace_general.html#8b7dabe80ae4549b857f39d327f7a1e2" title="Convert the Endianness to QString." alt="" coords="1021,436,1201,463">
<area shape="rect" id="node39" href="$class_bus_interface.html#108cb6722736cf98fece12ed252d94f7" title="Get bits in lau value." alt="" coords="1016,487,1205,513">
<area shape="rect" id="node41" href="$class_bus_interface.html#35cb3132001ab132140acc2072efd74a" title="Is the bitSteering on or off." alt="" coords="1009,537,1212,564">
<area shape="rect" id="node43" href="$class_bus_interface.html#c356282f4dae389f46d8b6997b5b00e1" title="Can this interface be left unconnected." alt="" coords="981,588,1240,615">
<area shape="rect" id="node45" href="$class_bus_interface.html#2ec43b354efc60fde40e26d009f7dab4" title="Get the endianness of the bus interface." alt="" coords="1009,639,1213,665">
<area shape="rect" id="node49" href="$class_attribute_model.html#9ef23360ab7076bf5cee71928b195bb3" title="Set attributes for the model." alt="" coords="1007,689,1214,716">
<area shape="rect" id="node53" href="$class_v_l_n_v.html#f00f5007636620ffeff44521bacca857" title="Get the library of the VLNV." alt="" coords="1046,740,1175,767">
<area shape="rect" id="node55" href="$class_v_l_n_v.html#3ff2bdff884da48aa0e936fa5595b7e8" title="Get the name of the IP block in VLNV." alt="" coords="1048,791,1173,817">
<area shape="rect" id="node57" href="$class_v_l_n_v.html#8868ebe2affad578b9c9c3aef1f38632" title="Get the vendor of the VLNV." alt="" coords="1045,841,1177,868">
<area shape="rect" id="node59" href="$class_v_l_n_v.html#3a5da6ca75e9a6bf575906c2ea185051" title="Get the version of the VLNV." alt="" coords="1043,892,1178,919">
