<area shape="rect" id="node3" href="$class_view.html#88f049f1259e09c9476553ca670f78d4" title="Add a new envIdentifier for this view." alt="" coords="367,5,529,32">
<area shape="rect" id="node5" href="$class_library_interface.html#f6944f708f9aa01568d707fdc773ea91" title="Checks if the library already contains the specified vlnv." alt="" coords="357,56,539,83">
<area shape="rect" id="node7" href="$class_v_l_n_v.html#3ff2bdff884da48aa0e936fa5595b7e8" title="Get the name of the IP block in VLNV." alt="" coords="385,107,511,133">
<area shape="rect" id="node9" href="$class_library_interface.html#d76e2648d944acbd458ae4727342bcf4" title="Get a path to the specified IP&#45;Xact document." alt="" coords="359,157,537,184">
<area shape="rect" id="node11" href="$class_v_l_n_v_editor.html#ec64dfb071b106bbe96b95788cd1df25" title="VLNVEditor::getVLNV" alt="" coords="369,208,527,235">
<area shape="rect" id="node13" href="$class_v_l_n_v_editor.html#eff4ed9c7b77a464c51bae1dbc48ad6c" title="VLNVEditor::isValid" alt="" coords="377,259,519,285">
<area shape="rect" id="node15" href="$class_view.html#54742356d37991cc78b89f39c80cae87" title="Set the hierarchyRef for this view." alt="" coords="368,309,528,336">
<area shape="rect" id="node17" href="$class_v_l_n_v.html#71492c150d4bc3d06d7313c0b6634a9a" title="Set the name for the VLNV." alt="" coords="386,360,510,387">
<area shape="rect" id="node19" href="$class_v_l_n_v.html#41e8feb8b594eaaf4efc45dc0b520656" title="Set the document type for the vlnv." alt="" coords="391,411,505,437">
<area shape="rect" id="node21" href="$class_library_interface.html#a841b91f4281dc02f2d3bf871f8bab45" title="Write the model to file system to given file path." alt="" coords="331,461,565,488">
