<area shape="rect" id="node3" href="$namespace_general.html#c24c1f048c047528d3aa95d9cb61b30e" title="Convert a boolean value into QString." alt="" coords="181,81,315,108">
<area shape="rect" id="node5" href="$class_v_l_n_v.html#f02edbeb4feca8206bdb6681963730f8" title="Checks if the vlnv is valid or not." alt="" coords="195,132,301,159">
<area shape="rect" id="node7" href="$namespace_general.html#8bac0f19ee0b1b73562c0fadbcc5f120" title="Write the attributes using the writer." alt="" coords="144,183,352,209">
<area shape="rect" id="node9" href="$class_v_l_n_v.html#f00f5007636620ffeff44521bacca857" title="Get the library of the VLNV." alt="" coords="403,5,533,32">
<area shape="rect" id="node11" href="$class_v_l_n_v.html#3ff2bdff884da48aa0e936fa5595b7e8" title="Get the name of the IP block in VLNV." alt="" coords="405,56,531,83">
<area shape="rect" id="node13" href="$class_v_l_n_v.html#8868ebe2affad578b9c9c3aef1f38632" title="Get the vendor of the VLNV." alt="" coords="402,107,534,133">
<area shape="rect" id="node15" href="$class_v_l_n_v.html#3a5da6ca75e9a6bf575906c2ea185051" title="Get the version of the VLNV." alt="" coords="401,157,535,184">
<area shape="rect" id="node17" href="$generaldeclarations_8h.html#91be6c01d4ea1c5e60aca68f0b6efed2" title="SPIRIT_LIBRARY" alt="" coords="409,208,527,235">
<area shape="rect" id="node19" href="$generaldeclarations_8h.html#e83546a3026439475ba1c85ff811ab6f" title="SPIRIT_NAME" alt="" coords="415,259,521,285">
<area shape="rect" id="node21" href="$generaldeclarations_8h.html#ddbf7a8d947cc80c69007e5dfd313945" title="SPIRIT_VENDOR" alt="" coords="407,309,529,336">
<area shape="rect" id="node23" href="$generaldeclarations_8h.html#b0791c8286c4a421fb74507d6f381737" title="SPIRIT_VERSION" alt="" coords="406,360,530,387">
