<area shape="rect" id="node3" href="$class_component_item.html#49a73ee33e425a3ff37d93e68ca33c99" title="ComponentItem::componentModel" alt="" coords="303,5,548,32">
<area shape="rect" id="node5" href="$class_diagram_connection_end_point.html#777fa199a5128cf2ea11309a8d3ccd3a" title="Get the description of the end point." alt="" coords="284,56,567,83">
<area shape="rect" id="node7" href="$class_diagram_connection_end_point.html#e56a455b02d91aa706f78208d0b00c54" title="DiagramConnectionEndPoint::encompassingComp" alt="" coords="253,107,597,133">
<area shape="rect" id="node9" href="$class_diagram_connection_end_point.html#72cac94a1d12b11e347aa6295b1a6837" title="DiagramConnectionEndPoint::getBusInterface" alt="" coords="652,157,967,184">
<area shape="rect" id="node11" href="$namespace_general.html#60ae9aa5ca955b08ae18d2848ea391c5" title="Convert InterfaceMode to QString." alt="" coords="326,208,525,235">
<area shape="rect" id="node13" href="$class_diagram_connection_end_point.html#a2bea5faa8a40e3e6ae91987c280b0be" title="Returns true if the port represents a hierarchical connection." alt="" coords="276,259,575,285">
<area shape="rect" id="node15" href="$class_diagram_connection_end_point.html#bef8a09edd1be83cf16c0e6fcbe4cf68" title="DiagramConnectionEndPoint::name" alt="" coords="300,309,551,336">
<area shape="rect" id="node17" href="$class_interface_editor.html#a21aa6ade7128fbc8261a4aa8d5d6327" title="Set the port maps from interface_ to mappings_ so they are displayed." alt="" coords="324,360,527,387">
<area shape="rect" id="node32" href="$class_v_l_n_v_displayer.html#f7060bb094411225f5c3a4e185d8979a" title="Set the vlnv to be displayed in the widget." alt="" coords="336,563,515,589">
<area shape="rect" id="node20" href="$class_library_interface.html#55d33e9e99760ae1a12725681c034b43" title="Get the document type of given vlnv." alt="" coords="686,208,933,235">
<area shape="rect" id="node22" href="$class_library_interface.html#92798f5c6f5e72c8f4da87e872812c4f" title="Get a model that matches given VLNV." alt="" coords="715,259,903,285">
<area shape="rect" id="node24" href="$class_diagram_connection_end_point.html#8c93f7d4c9c13e3cd40e6f826b4272d1" title="Returns pointer to the top component that owns this interface." alt="" coords="646,309,973,336">
<area shape="rect" id="node26" href="$namespace_general.html#fffaf53dfe8783258ea642961a2f6718" title="Convert the info into string." alt="" coords="733,360,885,387">
<area shape="rect" id="node28" href="$namespace_general.html#a8d47fed8531000752c9a3e5c70c30ea" title="Convert the logical port into string." alt="" coords="722,411,897,437">
<area shape="rect" id="node30" href="$namespace_general.html#9680b1e5b4251395b24bfda012a1aa77" title="Convert the physical port into string." alt="" coords="729,461,890,488">
<area shape="rect" id="node34" href="$class_v_l_n_v.html#f00f5007636620ffeff44521bacca857" title="Get the library of the VLNV." alt="" coords="745,512,874,539">
<area shape="rect" id="node36" href="$class_v_l_n_v.html#3ff2bdff884da48aa0e936fa5595b7e8" title="Get the name of the IP block in VLNV." alt="" coords="747,563,872,589">
<area shape="rect" id="node38" href="$class_v_l_n_v.html#8868ebe2affad578b9c9c3aef1f38632" title="Get the vendor of the VLNV." alt="" coords="743,613,875,640">
<area shape="rect" id="node40" href="$class_v_l_n_v.html#3a5da6ca75e9a6bf575906c2ea185051" title="Get the version of the VLNV." alt="" coords="742,664,877,691">
