<area shape="rect" id="node3" href="$class_component_item.html#49a73ee33e425a3ff37d93e68ca33c99" title="ComponentItem::componentModel" alt="" coords="595,157,840,184">
<area shape="rect" id="node5" href="$class_i_d_factory.html#a1cbad682e0956223eca6c0050b36143" title="IDFactory::freeID" alt="" coords="972,208,1100,235">
<area shape="rect" id="node7" href="$class_program_entity_item.html#aa817c7a10afe44a17154a52979f7ce4" title="ProgramEntityItem::getMappingComponent" alt="" coords="1233,157,1533,184">
<area shape="rect" id="node9" href="$class_endpoint_item.html#8af24936977f7c7481300e7700042ad7" title="EndpointItem::getName" alt="" coords="326,360,501,387">
<area shape="rect" id="node11" href="$class_endpoint_item.html#2dd5ead395b9e30c6e7af4c953b7a2d9" title="EndpointItem::getPortID" alt="" coords="326,411,501,437">
<area shape="rect" id="node13" href="$class_mapping_component_item.html#a08c595682846b02061ca7ef1b8e956e" title="MappingComponentItem::getPortIDFactory" alt="" coords="889,259,1183,285">
<area shape="rect" id="node15" href="$class_endpoint_stack.html#d5bb97e9a6168a8ba87d4f4c44993a84" title="EndpointStack::getVisibleHeight" alt="" coords="300,461,527,488">
<area shape="rect" id="node17" href="$class_endpoint_item.html#ba0c690a4e31bd637f1e04deb3b01c73" title="EndpointItem::removeBusInterface" alt="" coords="291,107,535,133">
<area shape="rect" id="node36" href="$namespace_v_stacked_layout.html#4ecf5cf2db0d1e5c8f31ad07c5f0b363" title="VStackedLayout::updateItemPositions" alt="" coords="281,512,546,539">
<area shape="rect" id="node20" href="$class_endpoint_item.html#d50aa902bdf0025745a12aa0ee4b3e41" title="EndpointItem::getFullName" alt="" coords="619,31,815,57">
<area shape="rect" id="node24" href="$class_endpoint_item.html#6e55fce2402231ed51852822295cf86e" title="EndpointItem::setPortID" alt="" coords="630,107,805,133">
<area shape="rect" id="node22" href="$class_component_item.html#065f3fb7a863a24ab7e5e1cbef4bf417" title="ComponentItem::name" alt="" coords="951,5,1121,32">
<area shape="rect" id="node29" href="$class_endpoint_item.html#96a5ea437fef728b990ef02c9b02ba1b" title="EndpointItem::updateText" alt="" coords="943,56,1129,83">
<area shape="rect" id="node34" href="$class_i_d_factory.html#6e0bf6e11384885550b655459591fd4a" title="IDFactory::usedID" alt="" coords="969,107,1103,133">
<area shape="rect" id="node31" href="$class_mapping_component_item.html#bb0464b90d277538161c88744f1d12ea" title="MappingComponentItem::getID" alt="" coords="1271,56,1494,83">
<area shape="rect" id="node38" href="$namespace_diagram_util.html#34372d64301c316deaa127e2bfcf4d58" title="DiagramUtil::clampCeil" alt="" coords="633,512,801,539">
