<area shape="rect" id="node3" href="$class_vhdl_component_instance.html#635917748a547dd0ff9ef8513f32fe39" title="VhdlComponentInstance::addMapping" alt="" coords="318,5,583,32">
<area shape="rect" id="node7" href="$class_vhdl_connection_end_point.html#8f83c4ee9311e895937eecb6775ce976" title="Get the left bound of the port." alt="" coords="333,56,569,83">
<area shape="rect" id="node9" href="$class_vhdl_connection_end_point.html#903d634f77625620a8b5f1175f54fac1" title="Get the port name of the end point." alt="" coords="325,107,576,133">
<area shape="rect" id="node11" href="$class_vhdl_connection_end_point.html#546568238726bd7ea24772b7a0580ebd" title="Get the right bound of the port." alt="" coords="329,157,573,184">
<area shape="rect" id="node13" href="$class_vhdl_connection_end_point.html#dac048560433fec1d9c35aa627176d82" title="Get the left bound of the signal." alt="" coords="327,208,574,235">
<area shape="rect" id="node15" href="$class_vhdl_connection_end_point.html#fd1b37449a3175ca52226ca53eaab790" title="Get the right bound of the signal." alt="" coords="323,259,578,285">
<area shape="rect" id="node5" href="$class_vhdl_port_map.html#a0bf81c9899c23739f715ebe296ab88c" title="Convert the port map into string." alt="" coords="632,5,795,32">
