<area shape="rect" id="node3" href="$class_bus_interface.html#c8af36688eededc98dd936c41780c0a9" title="Get the port maps for this interface." alt="" coords="315,5,506,32">
<area shape="rect" id="node5" href="$class_port_maps_model.html#2d1d6e0d690087b00f8e22ab276b802d" title="Get list of logical ports in this model." alt="" coords="310,56,511,83">
<area shape="rect" id="node7" href="$class_port_maps_model.html#a340f58e57bd33c8568518949e9e6e92" title="Get list of physical ports in this model." alt="" coords="305,107,517,133">
<area shape="rect" id="node9" href="$class_port_list_model.html#72be3795d4b8fa1bad99c535335e09a5" title="Remove the given ports from the model." alt="" coords="311,157,510,184">
<area shape="rect" id="node11" href="$class_port_maps_model.html#23cd2fed734362fe56442a2a98ae88d6" title="Set the port maps for this model." alt="" coords="307,208,515,235">
<area shape="rect" id="node15" href="$class_bus_if_portmap_tab.html#22d721002383ceab92986ca548088e18" title="Set up the layout of the GUI items." alt="" coords="301,259,520,285">
<area shape="rect" id="node13" href="$class_port_maps_model.html#bce9bff05386c418b03058ee665596b3" title="Restore the settings from the original model." alt="" coords="569,208,743,235">
