<area shape="rect" id="node3" href="$class_component_item.html#49a73ee33e425a3ff37d93e68ca33c99" title="ComponentItem::componentModel" alt="" coords="351,5,596,32">
<area shape="rect" id="node5" href="$class_component_item.html#06ec15dd285edbaeabcfe8626ff3bf6e" title="ComponentItem::description" alt="" coords="371,56,575,83">
<area shape="rect" id="node7" href="$class_component_item.html#f901df7e4c0046ee3ca90e597d3969fe" title="ComponentItem::displayName" alt="" coords="365,107,582,133">
<area shape="rect" id="node9" href="$class_component_item.html#8e42aa92fdca17a63e6a075826820bbe" title="ComponentItem::getConfigurableElements" alt="" coords="326,157,621,184">
<area shape="rect" id="node11" href="$class_endpoint_connection.html#a2f5177d7080a21e51f81fcf340f9437" title="EndpointConnection::getEndpoint1" alt="" coords="352,208,595,235">
<area shape="rect" id="node13" href="$class_endpoint_connection.html#64413d7a1244521ae0e20f544c48aca0" title="EndpointConnection::getEndpoint2" alt="" coords="352,259,595,285">
<area shape="rect" id="node15" href="$class_endpoint_item.html#d50aa902bdf0025745a12aa0ee4b3e41" title="EndpointItem::getFullName" alt="" coords="375,309,571,336">
<area shape="rect" id="node17" href="$class_component_item.html#065f3fb7a863a24ab7e5e1cbef4bf417" title="ComponentItem::name" alt="" coords="735,335,905,361">
<area shape="rect" id="node19" href="$class_mapping_component_item.html#bb0464b90d277538161c88744f1d12ea" title="MappingComponentItem::getID" alt="" coords="362,411,585,437">
<area shape="rect" id="node21" href="$class_system_column.html#bac628bc5e45f9c6b82e4a5bab998ce6" title="SystemColumn::getName" alt="" coords="379,461,567,488">
<area shape="rect" id="node23" href="$class_endpoint_connection.html#80a62922cafc9bc3da4662cd9e2aeb1a" title="EndpointConnection::getName" alt="" coords="364,512,583,539">
<area shape="rect" id="node25" href="$class_endpoint_item.html#938b8a121dea220e44ba812e5f8a50fd" title="EndpointItem::getParentMappingComp" alt="" coords="338,563,609,589">
<area shape="rect" id="node29" href="$class_endpoint_connection.html#9796d939efdd3be4b59410b0d9deb372" title="EndpointConnection::getRoute" alt="" coords="365,613,581,640">
<area shape="rect" id="node31" href="$class_s_w_component_item.html#e9e724f0741a4f4e0ca3395931e237cf" title="SWComponentItem::isImported" alt="" coords="362,664,585,691">
<area shape="rect" id="node27" href="$class_program_entity_item.html#aa817c7a10afe44a17154a52979f7ce4" title="ProgramEntityItem::getMappingComponent" alt="" coords="670,563,970,589">
