<area shape="rect" id="node3" href="$class_parse__error.html#207f8cb5ec96cfa5e58a53914712c830" title="Get the error message." alt="" coords="259,31,421,57">
<area shape="rect" id="node5" href="$class_i_p_xact_model.html#64dc7b27fc697df14ef919135af06add" title="get the VLNV of the document" alt="" coords="259,81,421,108">
<area shape="rect" id="node15" href="$class_v_l_n_v.html#f02edbeb4feca8206bdb6681963730f8" title="Checks if the vlnv is valid or not." alt="" coords="287,132,393,159">
<area shape="rect" id="node7" href="$ipxactmodel_8cpp.html#ec8bfbe1d382f3250ad1e1685e3406be" title="LIBRARY_" alt="" coords="473,5,553,32">
<area shape="rect" id="node9" href="$ipxactmodel_8cpp.html#bb5f30837ccf7e1f302243bce1684482" title="NAME_" alt="" coords="480,56,547,83">
<area shape="rect" id="node11" href="$ipxactmodel_8cpp.html#073e31dba7bddc089d043f5c7f924946" title="VENDOR_" alt="" coords="471,107,555,133">
<area shape="rect" id="node13" href="$ipxactmodel_8cpp.html#82fbbe1edd8d93ee573834cdcc40e3a5" title="VERSION_" alt="" coords="470,157,557,184">
