<area shape="rect" id="node3" href="$class_endpoint_item.html#2cce8f18f78adc195e776862dd2e7885" title="EndpointItem::getConnections" alt="" coords="270,259,485,285">
<area shape="rect" id="node5" href="$class_endpoint_stack.html#41a5c53715b07168fb97190465b43a13" title="EndpointStack::removeEndpoint" alt="" coords="264,309,491,336">
<area shape="rect" id="node7" href="$class_component_item.html#49a73ee33e425a3ff37d93e68ca33c99" title="ComponentItem::componentModel" alt="" coords="853,157,1099,184">
<area shape="rect" id="node9" href="$class_i_d_factory.html#a1cbad682e0956223eca6c0050b36143" title="IDFactory::freeID" alt="" coords="1231,208,1359,235">
<area shape="rect" id="node11" href="$class_program_entity_item.html#aa817c7a10afe44a17154a52979f7ce4" title="ProgramEntityItem::getMappingComponent" alt="" coords="1491,157,1791,184">
<area shape="rect" id="node13" href="$class_endpoint_item.html#8af24936977f7c7481300e7700042ad7" title="EndpointItem::getName" alt="" coords="585,360,759,387">
<area shape="rect" id="node15" href="$class_endpoint_item.html#2dd5ead395b9e30c6e7af4c953b7a2d9" title="EndpointItem::getPortID" alt="" coords="585,411,759,437">
<area shape="rect" id="node17" href="$class_mapping_component_item.html#a08c595682846b02061ca7ef1b8e956e" title="MappingComponentItem::getPortIDFactory" alt="" coords="1147,259,1442,285">
<area shape="rect" id="node19" href="$class_endpoint_stack.html#d5bb97e9a6168a8ba87d4f4c44993a84" title="EndpointStack::getVisibleHeight" alt="" coords="559,461,785,488">
<area shape="rect" id="node21" href="$class_endpoint_item.html#ba0c690a4e31bd637f1e04deb3b01c73" title="EndpointItem::removeBusInterface" alt="" coords="550,107,794,133">
<area shape="rect" id="node40" href="$namespace_v_stacked_layout.html#4ecf5cf2db0d1e5c8f31ad07c5f0b363" title="VStackedLayout::updateItemPositions" alt="" coords="539,512,805,539">
<area shape="rect" id="node24" href="$class_endpoint_item.html#d50aa902bdf0025745a12aa0ee4b3e41" title="EndpointItem::getFullName" alt="" coords="878,31,1074,57">
<area shape="rect" id="node28" href="$class_endpoint_item.html#6e55fce2402231ed51852822295cf86e" title="EndpointItem::setPortID" alt="" coords="889,107,1063,133">
<area shape="rect" id="node26" href="$class_component_item.html#065f3fb7a863a24ab7e5e1cbef4bf417" title="ComponentItem::name" alt="" coords="1209,5,1380,32">
<area shape="rect" id="node33" href="$class_endpoint_item.html#96a5ea437fef728b990ef02c9b02ba1b" title="EndpointItem::updateText" alt="" coords="1201,56,1388,83">
<area shape="rect" id="node38" href="$class_i_d_factory.html#6e0bf6e11384885550b655459591fd4a" title="IDFactory::usedID" alt="" coords="1227,107,1362,133">
<area shape="rect" id="node35" href="$class_mapping_component_item.html#bb0464b90d277538161c88744f1d12ea" title="MappingComponentItem::getID" alt="" coords="1530,56,1753,83">
<area shape="rect" id="node42" href="$namespace_diagram_util.html#34372d64301c316deaa127e2bfcf4d58" title="DiagramUtil::clampCeil" alt="" coords="892,512,1060,539">
