<area shape="rect" id="node3" href="$class_program_entity_item.html#af461de635cb04d7d722dc25fb82dd37" title="ProgramEntityItem::createIndentString" alt="" coords="291,183,560,209">
<area shape="rect" id="node5" href="$class_program_entity_item.html#b15d1e71674f4108822c914b284fee96" title="ProgramEntityItem::generateCode" alt="" coords="305,233,546,260">
<area shape="rect" id="node23" href="$class_component_item.html#065f3fb7a863a24ab7e5e1cbef4bf417" title="ComponentItem::name" alt="" coords="673,411,844,437">
<area shape="rect" id="node7" href="$class_endpoint_item.html#2cce8f18f78adc195e776862dd2e7885" title="EndpointItem::getConnections" alt="" coords="651,5,866,32">
<area shape="rect" id="node9" href="$class_endpoint_stack.html#ced0c93d0e06d730261112f7d6573860" title="EndpointStack::getEndpoints" alt="" coords="655,56,862,83">
<area shape="rect" id="node11" href="$class_mapping_component_item.html#bb0464b90d277538161c88744f1d12ea" title="MappingComponentItem::getID" alt="" coords="647,107,870,133">
<area shape="rect" id="node13" href="$class_program_entity_item.html#aa817c7a10afe44a17154a52979f7ce4" title="ProgramEntityItem::getMappingComponent" alt="" coords="609,157,909,184">
<area shape="rect" id="node15" href="$class_endpoint_item.html#8af24936977f7c7481300e7700042ad7" title="EndpointItem::getName" alt="" coords="671,208,846,235">
<area shape="rect" id="node17" href="$class_endpoint_item.html#115cf62983112eed66196923bcdb3c5a" title="EndpointItem::getParentProgramEntity" alt="" coords="624,259,893,285">
<area shape="rect" id="node19" href="$class_endpoint_item.html#2dd5ead395b9e30c6e7af4c953b7a2d9" title="EndpointItem::getPortID" alt="" coords="671,309,846,336">
<area shape="rect" id="node21" href="$class_endpoint_item.html#9375342d84a1f2fbc1b5bb5b96637cd8" title="EndpointItem::isConnected" alt="" coords="661,360,856,387">
