<area shape="rect" id="node3" href="$class_generic_edit_provider.html#a44aaae7b9a6c25882059e45d8b24e1c" title="GenericEditProvider::addCommand" alt="" coords="386,31,633,57">
<area shape="rect" id="node5" href="$class_file_set.html#551646393fa299f3f06681847f5c990d" title="Add a new file to the file set." alt="" coords="450,81,569,108">
<area shape="rect" id="node11" href="$class_file.html#49ad101e1f24851fe7766438c2208a17" title="Add a new file type definition." alt="" coords="446,132,573,159">
<area shape="rect" id="node13" href="$class_endpoint_design_diagram.html#0d96e53cdf528b2340a3aea6523f17cb" title="EndpointDesignDiagram::createInstanceName" alt="" coords="350,183,669,209">
<area shape="rect" id="node15" href="$class_program_entity_item.html#2e1898ee323a3cef69715f1697ba0c83" title="ProgramEntityItem::createSource" alt="" coords="391,233,627,260">
<area shape="rect" id="node40" href="$class_endpoint_design_diagram.html#9da98836bda583a0f92cbfd8327aab2e" title="EndpointDesignDiagram::parent" alt="" coords="396,284,623,311">
<area shape="rect" id="node42" href="$class_file_set.html#7151dccdfa6e52360fec4b88f23b2e9c" title="Set the name for this file set." alt="" coords="443,335,575,361">
<area shape="rect" id="node7" href="$class_file.html#5498b16808f9f2df9f0f169ec31b54d6" title="Get the name of the file." alt="" coords="797,56,907,83">
<area shape="rect" id="node9" href="$class_file.html#6282a5dadc094138eef03bc4ef48000c" title="Set the fileSet that contains this file." alt="" coords="795,107,909,133">
<area shape="rect" id="node17" href="$class_program_entity_item.html#af461de635cb04d7d722dc25fb82dd37" title="ProgramEntityItem::createIndentString" alt="" coords="717,183,987,209">
<area shape="rect" id="node19" href="$class_program_entity_item.html#b15d1e71674f4108822c914b284fee96" title="ProgramEntityItem::generateCode" alt="" coords="731,233,973,260">
<area shape="rect" id="node37" href="$class_component_item.html#065f3fb7a863a24ab7e5e1cbef4bf417" title="ComponentItem::name" alt="" coords="1100,411,1271,437">
<area shape="rect" id="node21" href="$class_endpoint_item.html#2cce8f18f78adc195e776862dd2e7885" title="EndpointItem::getConnections" alt="" coords="1078,5,1293,32">
<area shape="rect" id="node23" href="$class_endpoint_stack.html#ced0c93d0e06d730261112f7d6573860" title="EndpointStack::getEndpoints" alt="" coords="1082,56,1289,83">
<area shape="rect" id="node25" href="$class_mapping_component_item.html#bb0464b90d277538161c88744f1d12ea" title="MappingComponentItem::getID" alt="" coords="1074,107,1297,133">
<area shape="rect" id="node27" href="$class_program_entity_item.html#aa817c7a10afe44a17154a52979f7ce4" title="ProgramEntityItem::getMappingComponent" alt="" coords="1035,157,1335,184">
<area shape="rect" id="node29" href="$class_endpoint_item.html#8af24936977f7c7481300e7700042ad7" title="EndpointItem::getName" alt="" coords="1098,208,1273,235">
<area shape="rect" id="node31" href="$class_endpoint_item.html#115cf62983112eed66196923bcdb3c5a" title="EndpointItem::getParentProgramEntity" alt="" coords="1051,259,1320,285">
<area shape="rect" id="node33" href="$class_endpoint_item.html#2dd5ead395b9e30c6e7af4c953b7a2d9" title="EndpointItem::getPortID" alt="" coords="1098,309,1273,336">
<area shape="rect" id="node35" href="$class_endpoint_item.html#9375342d84a1f2fbc1b5bb5b96637cd8" title="EndpointItem::isConnected" alt="" coords="1088,360,1283,387">
