<area shape="rect" id="node3" href="$class_diagram_interconnection.html#ae78d43ef591d5a88b10e151cb358b6f" title="DiagramInterconnection::beginUpdatePosition" alt="" coords="322,5,638,32">
<area shape="rect" id="node7" href="$class_diagram_column_layout.html#dcf463706f439565ab4f1dfcfecbf5bd" title="DiagramColumnLayout::getColumns" alt="" coords="353,56,607,83">
<area shape="rect" id="node9" href="$class_diagram_column.html#3e56a4e856b3a71427b12f61d6b59125" title="DiagramColumn::getContentType" alt="" coords="362,107,598,133">
<area shape="rect" id="node11" href="$class_diagram_connection_end_point.html#77a2addc49209f183aa80fa1b2306084" title="DiagramConnectionEndPoint::getInterconnections" alt="" coords="310,157,650,184">
<area shape="rect" id="node13" href="$class_diagram_column.html#b91baa63b90cf447ad941c2944d2d0d4" title="DiagramColumn::getLayout" alt="" coords="381,208,579,235">
<area shape="rect" id="node5" href="$class_diagram_interconnection.html#60dc7fd65e1683a2a569073f93665074" title="Returns the route of this interconnection." alt="" coords="699,5,917,32">
