<area shape="rect" id="node3" href="$class_mapping_component_item.html#a91a0d05329d91cf89893c49101eec08" title="MappingComponentItem::removeProgramEntity" alt="" coords="299,107,627,133">
<area shape="rect" id="node5" href="$class_program_entity_item.html#5e5eb69d907234c570b34cb1d6553421" title="ProgramEntityItem::getEndpoints" alt="" coords="688,31,923,57">
<area shape="rect" id="node9" href="$class_endpoint_item.html#ba0c690a4e31bd637f1e04deb3b01c73" title="EndpointItem::removeBusInterface" alt="" coords="683,107,927,133">
<area shape="rect" id="node32" href="$class_mapping_component_item.html#061ccd65320606a6e129f9ec8f2924c1" title="MappingComponentItem::updateSize" alt="" coords="675,259,935,285">
<area shape="rect" id="node7" href="$class_endpoint_stack.html#ced0c93d0e06d730261112f7d6573860" title="EndpointStack::getEndpoints" alt="" coords="1010,5,1217,32">
<area shape="rect" id="node11" href="$class_component_item.html#49a73ee33e425a3ff37d93e68ca33c99" title="ComponentItem::componentModel" alt="" coords="991,56,1236,83">
<area shape="rect" id="node13" href="$class_endpoint_item.html#d50aa902bdf0025745a12aa0ee4b3e41" title="EndpointItem::getFullName" alt="" coords="1015,107,1211,133">
<area shape="rect" id="node17" href="$class_endpoint_item.html#6e55fce2402231ed51852822295cf86e" title="EndpointItem::setPortID" alt="" coords="1026,157,1201,184">
<area shape="rect" id="node15" href="$class_component_item.html#065f3fb7a863a24ab7e5e1cbef4bf417" title="ComponentItem::name" alt="" coords="1353,5,1524,32">
<area shape="rect" id="node19" href="$class_i_d_factory.html#a1cbad682e0956223eca6c0050b36143" title="IDFactory::freeID" alt="" coords="1375,56,1503,83">
<area shape="rect" id="node21" href="$class_program_entity_item.html#aa817c7a10afe44a17154a52979f7ce4" title="ProgramEntityItem::getMappingComponent" alt="" coords="1635,132,1935,159">
<area shape="rect" id="node23" href="$class_mapping_component_item.html#a08c595682846b02061ca7ef1b8e956e" title="MappingComponentItem::getPortIDFactory" alt="" coords="1291,157,1586,184">
<area shape="rect" id="node25" href="$class_endpoint_item.html#96a5ea437fef728b990ef02c9b02ba1b" title="EndpointItem::updateText" alt="" coords="1345,208,1532,235">
<area shape="rect" id="node30" href="$class_i_d_factory.html#6e0bf6e11384885550b655459591fd4a" title="IDFactory::usedID" alt="" coords="1371,259,1506,285">
<area shape="rect" id="node27" href="$class_mapping_component_item.html#bb0464b90d277538161c88744f1d12ea" title="MappingComponentItem::getID" alt="" coords="1674,208,1897,235">
<area shape="rect" id="node34" href="$class_system_column.html#0a1f4fe833348e8fc8ed94dcfd3db7b3" title="SystemColumn::updateItemPositions" alt="" coords="984,259,1243,285">
<area shape="rect" id="node36" href="$namespace_v_stacked_layout.html#4ecf5cf2db0d1e5c8f31ad07c5f0b363" title="VStackedLayout::updateItemPositions" alt="" coords="1306,309,1571,336">
<area shape="rect" id="node38" href="$namespace_diagram_util.html#34372d64301c316deaa127e2bfcf4d58" title="DiagramUtil::clampCeil" alt="" coords="1701,309,1869,336">
