<area shape="rect" id="node3" href="$class_component_item.html#49a73ee33e425a3ff37d93e68ca33c99" title="ComponentItem::componentModel" alt="" coords="264,5,509,32">
<area shape="rect" id="node5" href="$class_diagram_port.html#8273666f656d905ed6809c7d5898c981" title="DiagramPort::getBusInterface" alt="" coords="281,56,493,83">
<area shape="rect" id="node7" href="$class_diagram_component.html#62cfb8e83ef18578c31f01fd777bf901" title="DiagramComponent::onAddPort" alt="" coords="273,107,500,133">
<area shape="rect" id="node13" href="$class_diagram_component.html#4e87cd9a6867f46fd3a1e467ed745f8d" title="DiagramComponent::updateSize" alt="" coords="271,157,503,184">
<area shape="rect" id="node9" href="$namespace_v_collision_layout.html#a5d414d021b2e84936d5924e4150f100" title="VCollisionLayout::setItemPos" alt="" coords="587,56,794,83">
<area shape="rect" id="node11" href="$namespace_v_collision_layout.html#1b75da2ff617504d045ddc8d45a21856" title="VCollisionLayout::updateItemMove" alt="" coords="569,107,812,133">
<area shape="rect" id="node15" href="$class_diagram_column.html#a5cdb091f672def589f5f2cfdfb21912" title="DiagramColumn::updateItemPositions" alt="" coords="558,157,823,184">
<area shape="rect" id="node17" href="$namespace_v_stacked_layout.html#4ecf5cf2db0d1e5c8f31ad07c5f0b363" title="VStackedLayout::updateItemPositions" alt="" coords="873,157,1138,184">
<area shape="rect" id="node19" href="$namespace_diagram_util.html#34372d64301c316deaa127e2bfcf4d58" title="DiagramUtil::clampCeil" alt="" coords="1187,157,1355,184">
