<area shape="rect" id="node3" href="$class_build_model.html#799080ae78f57980076c788eb86727d1" title="Get the command." alt="" coords="301,5,488,32">
<area shape="rect" id="node5" href="$class_build_model.html#eafe97506aaa256bad99b44ccda47d39" title="Get the attributes for the command&#45;element." alt="" coords="269,56,520,83">
<area shape="rect" id="node7" href="$class_build_model.html#ad2905d20b7fd7d0de0de4a23e395c6c" title="Get the attributes for the replaceDefaultFlags&#45;element." alt="" coords="267,107,522,133">
<area shape="rect" id="node9" href="$class_build_model.html#dc2703d93b2a76ad4d7797fa5793c53b" title="Get the attributes for the flags&#45;element." alt="" coords="290,157,499,184">
<area shape="rect" id="node11" href="$class_build_model.html#ba8ce3f0a8cffb160764eac1cb33f5c5" title="Get the flags." alt="" coords="318,208,471,235">
<area shape="rect" id="node13" href="$class_build_model.html#bac50701bd0831195db112875f2669d2" title="Get the replaceDefaultFlags value." alt="" coords="270,259,519,285">
<area shape="rect" id="node15" href="$class_build_command.html#e3f923d73e4768f8c424be4c95823679" title="Get the target name." alt="" coords="280,309,509,336">
<area shape="rect" id="node17" href="$class_build_command.html#1ad83c3eea45006be80bcab7dfe69f90" title="Get the attributes for the target name&#45;element." alt="" coords="249,360,541,387">
<area shape="rect" id="node19" href="$class_attribute_box.html#4f57e8d7039e9232097b3f792af5029d" title="Set the attributes to be displayed in this widget." alt="" coords="298,411,491,437">
<area shape="rect" id="node21" href="$class_attribute_model.html#9ef23360ab7076bf5cee71928b195bb3" title="Set attributes for the model." alt="" coords="590,411,797,437">
