<area shape="rect" id="node3" href="$class_v_l_n_v.html#f02edbeb4feca8206bdb6681963730f8" title="Checks if the vlnv is valid or not." alt="" coords="363,5,469,32">
<area shape="rect" id="node5" href="$class_library_component.html#3b74741856f127a82cf3a9417b688c8d" title="Set the attributes that define the used xml namespaces." alt="" coords="248,56,584,83">
<area shape="rect" id="node7" href="$class_library_component.html#08fde03d41a570589aea259804bee112" title="Write the model to disk as an IP&#45;Xact document." alt="" coords="327,107,505,133">
<area shape="rect" id="node9" href="$namespace_general.html#e87a817610c1c7dbae182b8b47b1380c" title="Write the attributes from the QMap to the writer." alt="" coords="329,157,503,184">
<area shape="rect" id="node11" href="$class_library_component.html#a3a303629064ae55a3df5157ab76b1a7" title="Write the VLNV information using the specified writer." alt="" coords="309,208,523,235">
<area shape="rect" id="node21" href="$namespace_general.html#8bac0f19ee0b1b73562c0fadbcc5f120" title="Write the attributes using the writer." alt="" coords="312,259,520,285">
<area shape="rect" id="node13" href="$generaldeclarations_8h.html#91be6c01d4ea1c5e60aca68f0b6efed2" title="SPIRIT_LIBRARY" alt="" coords="641,208,759,235">
<area shape="rect" id="node15" href="$generaldeclarations_8h.html#e83546a3026439475ba1c85ff811ab6f" title="SPIRIT_NAME" alt="" coords="647,259,753,285">
<area shape="rect" id="node17" href="$generaldeclarations_8h.html#ddbf7a8d947cc80c69007e5dfd313945" title="SPIRIT_VENDOR" alt="" coords="639,107,761,133">
<area shape="rect" id="node19" href="$generaldeclarations_8h.html#b0791c8286c4a421fb74507d6f381737" title="SPIRIT_VERSION" alt="" coords="638,157,762,184">
<area shape="rect" id="node23" href="$class_v_l_n_v.html#f00f5007636620ffeff44521bacca857" title="Get the library of the VLNV." alt="" coords="635,309,765,336">
<area shape="rect" id="node25" href="$class_v_l_n_v.html#3ff2bdff884da48aa0e936fa5595b7e8" title="Get the name of the IP block in VLNV." alt="" coords="637,360,763,387">
<area shape="rect" id="node27" href="$class_v_l_n_v.html#8868ebe2affad578b9c9c3aef1f38632" title="Get the vendor of the VLNV." alt="" coords="634,411,766,437">
<area shape="rect" id="node29" href="$class_v_l_n_v.html#3a5da6ca75e9a6bf575906c2ea185051" title="Get the version of the VLNV." alt="" coords="633,461,767,488">
