<area shape="rect" id="node3" href="$class_v_l_n_v.html#21af1bd7e724f3ad44c801888419d188" title="Is the librarycomponent this VLNV represents a hidden or not." alt="" coords="379,56,499,83">
<area shape="rect" id="node5" href="$class_library_search_filter.html#f4683c575b85ccb0724b41fab801293f" title="Checks if the searchWord matches the item." alt="" coords="307,107,570,133">
<area shape="rect" id="node7" href="$class_library_search_filter.html#55af5d6b1c81bfa5d987a9e2cc8b2556" title="Checks the document type if it matches the search settings." alt="" coords="619,5,874,32">
<area shape="rect" id="node11" href="$class_v_l_n_v.html#f00f5007636620ffeff44521bacca857" title="Get the library of the VLNV." alt="" coords="682,56,811,83">
<area shape="rect" id="node13" href="$class_v_l_n_v.html#3ff2bdff884da48aa0e936fa5595b7e8" title="Get the name of the IP block in VLNV." alt="" coords="684,107,809,133">
<area shape="rect" id="node15" href="$class_v_l_n_v.html#8868ebe2affad578b9c9c3aef1f38632" title="Get the vendor of the VLNV." alt="" coords="681,157,813,184">
<area shape="rect" id="node17" href="$class_v_l_n_v.html#3a5da6ca75e9a6bf575906c2ea185051" title="Get the version of the VLNV." alt="" coords="679,208,814,235">
<area shape="rect" id="node9" href="$class_v_l_n_v.html#5e8bcf9abe6a26377c30a80657650059" title="Get the type of the document the VLNV belongs to." alt="" coords="923,5,1039,32">
