<area shape="rect" id="node3" href="$class_diagram_connection_end_point.html#de54b395d8a697d907d0ed924d877784" title="DiagramConnectionEndPoint::addInterconnection" alt="" coords="235,5,571,32">
<area shape="rect" id="node5" href="$class_diagram_interconnection.html#c76e3854d8ed34174e3e821497fc9bf2" title="Return the first end point connected." alt="" coords="279,56,527,83">
<area shape="rect" id="node7" href="$class_diagram_interconnection.html#ffac0f0f479b95c98de4144dbd9c5867" title="Return the second end point connected." alt="" coords="279,107,527,133">
<area shape="rect" id="node9" href="$class_diagram_connection_end_point.html#77a2addc49209f183aa80fa1b2306084" title="DiagramConnectionEndPoint::getInterconnections" alt="" coords="233,157,573,184">
<area shape="rect" id="node11" href="$class_v_l_n_v.html#f02edbeb4feca8206bdb6681963730f8" title="Checks if the vlnv is valid or not." alt="" coords="349,208,456,235">
<area shape="rect" id="node13" href="$class_diagram_connection_end_point.html#88f1921941349a0cf25447e41f30045a" title="DiagramConnectionEndPoint::onConnect" alt="" coords="261,259,544,285">
<area shape="rect" id="node15" href="$class_diagram_connection_end_point.html#507461a037639ef2b1776a6b797d2211" title="DiagramConnectionEndPoint::onDisconnect" alt="" coords="253,309,553,336">
<area shape="rect" id="node17" href="$class_diagram_connection_end_point.html#5c29b0a1b0fe807fc7c622a1565b5d09" title="DiagramConnectionEndPoint::removeInterconnection" alt="" coords="222,360,583,387">
<area shape="rect" id="node19" href="$class_diagram_port.html#121b27670585b67a1c1b78e22e9e0f3d" title="DiagramPort::setTemporary" alt="" coords="303,411,503,437">
<area shape="rect" id="node21" href="$class_diagram_port.html#e6d09570ad94a2ea417b0b70acbe7e53" title="Update the graphics to match the IP&#45;XACT bus interface." alt="" coords="297,461,509,488">
