<area shape="rect" id="node3" href="$class_bus_if_parameters_tab.html#980f4642e28afd7e6a539c61e363f5df" title="Check for the validity of the edited item." alt="" coords="251,5,451,32">
<area shape="rect" id="node7" href="$class_bus_if_interface_mode_tab.html#ffc6a9d8e2fa3271b629d0f29a7fab6a" title="Check for the validity of the edited item." alt="" coords="243,56,459,83">
<area shape="rect" id="node11" href="$class_bus_if_portmap_tab.html#99ebd24743281bd3dceb9d219f623452" title="Check for the validity of the edited item." alt="" coords="261,107,441,133">
<area shape="rect" id="node15" href="$class_bus_if_general_tab.html#804b9c8fc391af108f89a7ff7acfee60" title="Check for the validity of the edited item." alt="" coords="263,284,438,311">
<area shape="rect" id="node5" href="$class_parameters_model.html#451012af49bdcaef153081e8a970c033" title="Check if the model is in valid state or not." alt="" coords="531,5,715,32">
<area shape="rect" id="node9" href="$class_bus_if_interface_mode_editor.html#953b1c150858591acd981b53a308281b" title="Check for the validity of the edited item." alt="" coords="507,56,738,83">
<area shape="rect" id="node13" href="$class_port_maps_model.html#25bb890d8b1630886ea67495ca5dd32c" title="Check if the model is in valid state or not." alt="" coords="538,107,707,133">
<area shape="rect" id="node17" href="$class_library_interface.html#f6944f708f9aa01568d707fdc773ea91" title="Checks if the library already contains the specified vlnv." alt="" coords="531,157,714,184">
<area shape="rect" id="node19" href="$class_v_l_n_v_editor.html#ec64dfb071b106bbe96b95788cd1df25" title="VLNVEditor::getVLNV" alt="" coords="543,208,702,235">
<area shape="rect" id="node21" href="$class_v_l_n_v_editor.html#bc51c18e71e347d9a077e0608021ae21" title="VLNVEditor::isEmpty" alt="" coords="546,259,699,285">
<area shape="rect" id="node23" href="$class_bus_if_general_details.html#9cc3ef6d87f3705a0b60f6e6457d1d65" title="Check for the validity of the edited item." alt="" coords="525,309,721,336">
<area shape="rect" id="node25" href="$class_v_l_n_v_editor.html#eff4ed9c7b77a464c51bae1dbc48ad6c" title="VLNVEditor::isValid" alt="" coords="551,360,694,387">
<area shape="rect" id="node27" href="$class_attribute_box.html#08cf70813c3ba2f52c457f2f823874aa" title="Check that attributeBox contains only non&#45;empty name&#45;value pairs." alt="" coords="547,411,698,437">
<area shape="rect" id="node31" href="$class_name_group_box.html#f73fb14aee9a9e968558e9f3ad84358f" title="Check if the widget is in valid mode." alt="" coords="536,461,709,488">
<area shape="rect" id="node29" href="$class_attribute_model.html#be5f6620d6058ada164caf16e097d4cd" title="Check that all attributes stored in the model are valid." alt="" coords="787,411,1003,437">
