<area shape="rect" id="node3" href="$class_bus_if_interface_system.html#6b1d0806e11312331de1accf25e7775f" title="Restore the changes made in the editor back to ones in the model." alt="" coords="358,56,626,83">
<area shape="rect" id="node5" href="$class_bus_if_interface_mode_editor.html#ce4c5bfca5772feae39f55f954a38bca" title="Get pointer to the bus interface being edited." alt="" coords="695,31,913,57">
<area shape="rect" id="node7" href="$class_bus_if_interface_system.html#d5c31ea5ba93988d8e4cc353c83a6ea7" title="Update the display for the editor." alt="" coords="675,81,933,108">
<area shape="rect" id="node9" href="$class_library_interface.html#f6944f708f9aa01568d707fdc773ea91" title="Checks if the library already contains the specified vlnv." alt="" coords="995,5,1178,32">
<area shape="rect" id="node11" href="$class_bus_if_general_tab.html#f130ff5fb47c68a9ecfd96923678b7ab" title="Get the currently set bus type." alt="" coords="982,56,1191,83">
<area shape="rect" id="node15" href="$class_library_interface.html#92798f5c6f5e72c8f4da87e872812c4f" title="Get a model that matches given VLNV." alt="" coords="993,107,1181,133">
<area shape="rect" id="node17" href="$class_v_l_n_v.html#f02edbeb4feca8206bdb6681963730f8" title="Checks if the vlnv is valid or not." alt="" coords="1033,157,1140,184">
<area shape="rect" id="node13" href="$class_v_l_n_v_editor.html#ec64dfb071b106bbe96b95788cd1df25" title="VLNVEditor::getVLNV" alt="" coords="1241,56,1399,83">
