<area shape="rect" id="node3" href="$class_bus_interface.html#42d1081e79c22944e968ccd44cfcd99e" title="get the vlnv to the abstraction definition" alt="" coords="303,5,537,32">
<area shape="rect" id="node5" href="$class_bus_interface.html#6fa521eaf3889923fe834413b571e489" title="Get the attributes of the bus interface." alt="" coords="323,56,517,83">
<area shape="rect" id="node7" href="$class_bus_interface.html#4d1644c428e37e6538a864ad76fe4980" title="Get the vlnv to the bus definition." alt="" coords="327,107,513,133">
<area shape="rect" id="node9" href="$class_bus_interface.html#fa0992e2c09350e068f15cd9814b6ef4" title="Get the description of the bus interface." alt="" coords="319,157,521,184">
<area shape="rect" id="node11" href="$class_bus_interface.html#9c27342431908d1a5e413f3fd83ef089" title="Get the display name of the bus interface." alt="" coords="312,208,528,235">
<area shape="rect" id="node13" href="$class_bus_interface.html#68689fb6dc2fe53c9b2bc43d0904e549" title="get the name of the bus interface" alt="" coords="335,259,505,285">
<area shape="rect" id="node15" href="$class_v_l_n_v.html#f02edbeb4feca8206bdb6681963730f8" title="Checks if the vlnv is valid or not." alt="" coords="367,309,473,336">
<area shape="rect" id="node17" href="$class_bus_if_general_details.html#af5ddae8350af9e68963cfcb45b15569" title="Restore the changes made in the editor back to ones in the model." alt="" coords="291,360,549,387">
<area shape="rect" id="node31" href="$class_attribute_box.html#4f57e8d7039e9232097b3f792af5029d" title="Set the attributes to be displayed in this widget." alt="" coords="323,449,517,476">
<area shape="rect" id="node35" href="$class_v_l_n_v_editor.html#edef36ca3252c366ed3d222c69d2c765" title="VLNVEditor::setVLNV" alt="" coords="341,588,499,615">
<area shape="rect" id="node19" href="$namespace_general.html#70fac9fbd08c1c247135cf5ae540b762" title="Converts the enum BitSteering into QString." alt="" coords="638,183,815,209">
<area shape="rect" id="node21" href="$namespace_general.html#8b7dabe80ae4549b857f39d327f7a1e2" title="Convert the Endianness to QString." alt="" coords="637,233,817,260">
<area shape="rect" id="node23" href="$class_bus_interface.html#108cb6722736cf98fece12ed252d94f7" title="Get bits in lau value." alt="" coords="632,284,821,311">
<area shape="rect" id="node25" href="$class_bus_interface.html#35cb3132001ab132140acc2072efd74a" title="Is the bitSteering on or off." alt="" coords="625,335,828,361">
<area shape="rect" id="node27" href="$class_bus_interface.html#c356282f4dae389f46d8b6997b5b00e1" title="Can this interface be left unconnected." alt="" coords="597,385,856,412">
<area shape="rect" id="node29" href="$class_bus_interface.html#2ec43b354efc60fde40e26d009f7dab4" title="Get the endianness of the bus interface." alt="" coords="625,436,829,463">
<area shape="rect" id="node33" href="$class_attribute_model.html#9ef23360ab7076bf5cee71928b195bb3" title="Set attributes for the model." alt="" coords="623,487,830,513">
<area shape="rect" id="node37" href="$class_v_l_n_v.html#f00f5007636620ffeff44521bacca857" title="Get the library of the VLNV." alt="" coords="662,537,791,564">
<area shape="rect" id="node39" href="$class_v_l_n_v.html#3ff2bdff884da48aa0e936fa5595b7e8" title="Get the name of the IP block in VLNV." alt="" coords="664,588,789,615">
<area shape="rect" id="node41" href="$class_v_l_n_v.html#8868ebe2affad578b9c9c3aef1f38632" title="Get the vendor of the VLNV." alt="" coords="661,639,793,665">
<area shape="rect" id="node43" href="$class_v_l_n_v.html#3a5da6ca75e9a6bf575906c2ea185051" title="Get the version of the VLNV." alt="" coords="659,689,794,716">
