<area shape="rect" id="node3" href="$class_mapping_component_item.html#e6f31d87b7ad29bc3331ac6b929cedd5" title="MappingComponentItem::addProgramEntity" alt="" coords="418,557,721,584">
<area shape="rect" id="node5" href="$class_component_item.html#49a73ee33e425a3ff37d93e68ca33c99" title="ComponentItem::componentModel" alt="" coords="1127,177,1372,204">
<area shape="rect" id="node12" href="$class_component_item.html#065f3fb7a863a24ab7e5e1cbef4bf417" title="ComponentItem::name" alt="" coords="1500,76,1671,103">
<area shape="rect" id="node49" href="$class_mapping_component_item.html#061ccd65320606a6e129f9ec8f2924c1" title="MappingComponentItem::updateSize" alt="" coords="794,684,1054,711">
<area shape="rect" id="node58" href="$class_library_interface.html#92798f5c6f5e72c8f4da87e872812c4f" title="Get a model that matches given VLNV." alt="" coords="475,785,663,812">
<area shape="rect" id="node60" href="$class_v_l_n_v.html#f02edbeb4feca8206bdb6681963730f8" title="Checks if the vlnv is valid or not." alt="" coords="1532,811,1639,837">
<area shape="rect" id="node63" href="$class_program_entity_item.html#0491e870604cdcb27eb0c90465e88a92" title="ProgramEntityItem::setApplication" alt="" coords="804,177,1044,204">
<area shape="rect" id="node67" href="$class_program_entity_item.html#29375a9ba3e959b4f0d051a5a2b2857b" title="ProgramEntityItem::setEndpointOrder" alt="" coords="438,735,701,761">
<area shape="rect" id="node74" href="$class_program_entity_item.html#38d10932cdc60cf375db4133cc0cefae" title="ProgramEntityItem::setEndpointsExpanded" alt="" coords="421,684,717,711">
<area shape="rect" id="node80" href="$class_s_w_component_item.html#402966f13ad292764c94dfbbd208bd23" title="SWComponentItem::setImported" alt="" coords="453,887,685,913">
<area shape="rect" id="node95" href="$class_mapping_component_item.html#7f54abc255f2fcbe2e532dd933c73368" title="MappingComponentItem::setPlatformComponent" alt="" coords="401,988,738,1015">
<area shape="rect" id="node97" href="$class_mapping_component_item.html#e4596ef1d1d09c8e27a1749bff29f0d3" title="MappingComponentItem::updateComponent" alt="" coords="415,937,723,964">
<area shape="rect" id="node102" href="$class_mapping_component_item.html#3eb5cbd665e336ea0e11db2472b7ea72" title="MappingComponentItem::updateNameLabel" alt="" coords="416,1039,723,1065">
<area shape="rect" id="node7" href="$class_endpoint_item.html#34cfd905292fc78fd4457c704e2ad8af" title="EndpointItem::createBusInterface" alt="" coords="806,329,1042,356">
<area shape="rect" id="node34" href="$class_program_entity_item.html#5e5eb69d907234c570b34cb1d6553421" title="ProgramEntityItem::getEndpoints" alt="" coords="807,583,1041,609">
<area shape="rect" id="node38" href="$class_program_entity_item.html#5be709e56b06bdf7ab3b56ddfdd1d369" title="ProgramEntityItem::setFixed" alt="" coords="823,633,1025,660">
<area shape="rect" id="node42" href="$namespace_v_stacked_layout.html#e377b4c99851b8d82fc5c132dac24e0b" title="VStackedLayout::setItemPos" alt="" coords="1146,481,1353,508">
<area shape="rect" id="node46" href="$namespace_v_stacked_layout.html#5f14204a310806c9c55dc46552b97b4d" title="VStackedLayout::updateItemMove" alt="" coords="803,532,1045,559">
<area shape="rect" id="node10" href="$class_endpoint_item.html#d50aa902bdf0025745a12aa0ee4b3e41" title="EndpointItem::getFullName" alt="" coords="1151,228,1347,255">
<area shape="rect" id="node14" href="$class_i_d_factory.html#696d85fd5777842c5a26e06d726842fd" title="IDFactory::getID" alt="" coords="1187,380,1311,407">
<area shape="rect" id="node16" href="$class_bus_interface.html#3f2c300ef4dc3e1a49d54df1ab9105df" title="BusInterface::getMCAPIPortID" alt="" coords="1144,431,1355,457">
<area shape="rect" id="node18" href="$class_mapping_component_item.html#a08c595682846b02061ca7ef1b8e956e" title="MappingComponentItem::getPortIDFactory" alt="" coords="1438,380,1733,407">
<area shape="rect" id="node20" href="$class_endpoint_item.html#6e55fce2402231ed51852822295cf86e" title="EndpointItem::setPortID" alt="" coords="1162,279,1337,305">
<area shape="rect" id="node22" href="$class_i_d_factory.html#a1cbad682e0956223eca6c0050b36143" title="IDFactory::freeID" alt="" coords="1521,279,1649,305">
<area shape="rect" id="node24" href="$class_program_entity_item.html#aa817c7a10afe44a17154a52979f7ce4" title="ProgramEntityItem::getMappingComponent" alt="" coords="1782,177,2082,204">
<area shape="rect" id="node27" href="$class_endpoint_item.html#96a5ea437fef728b990ef02c9b02ba1b" title="EndpointItem::updateText" alt="" coords="1492,329,1679,356">
<area shape="rect" id="node32" href="$class_i_d_factory.html#6e0bf6e11384885550b655459591fd4a" title="IDFactory::usedID" alt="" coords="1518,228,1653,255">
<area shape="rect" id="node29" href="$class_mapping_component_item.html#bb0464b90d277538161c88744f1d12ea" title="MappingComponentItem::getID" alt="" coords="1821,329,2043,356">
<area shape="rect" id="node36" href="$class_endpoint_stack.html#ced0c93d0e06d730261112f7d6573860" title="EndpointStack::getEndpoints" alt="" coords="1146,583,1353,609">
<area shape="rect" id="node40" href="$class_endpoint_stack.html#d5bb97e9a6168a8ba87d4f4c44993a84" title="EndpointStack::getVisibleHeight" alt="" coords="1136,684,1363,711">
<area shape="rect" id="node44" href="$namespace_diagram_util.html#34372d64301c316deaa127e2bfcf4d58" title="DiagramUtil::clampCeil" alt="" coords="1848,532,2016,559">
<area shape="rect" id="node51" href="$class_system_column.html#0a1f4fe833348e8fc8ed94dcfd3db7b3" title="SystemColumn::updateItemPositions" alt="" coords="1120,633,1379,660">
<area shape="rect" id="node53" href="$namespace_v_stacked_layout.html#4ecf5cf2db0d1e5c8f31ad07c5f0b363" title="VStackedLayout::updateItemPositions" alt="" coords="1453,684,1718,711">
<area shape="rect" id="node69" href="$class_endpoint_stack.html#6fdfddfa5d01aa0323a1247256910a1e" title="EndpointStack::setEndpointOrder" alt="" coords="807,785,1041,812">
<area shape="rect" id="node71" href="$class_endpoint_stack.html#83cd08a469128b5391251c670cfbf855" title="EndpointStack::updateEndpointPositions" alt="" coords="1109,785,1389,812">
<area shape="rect" id="node76" href="$class_endpoint_stack.html#40fd1f07f4006f9f389ea3b4756291a1" title="EndpointStack::setExpanded" alt="" coords="821,735,1027,761">
<area shape="rect" id="node82" href="$class_s_w_component_item.html#6a5fe2d6c41a857760dce1755176de3e" title="SWComponentItem::updateComponent" alt="" coords="787,912,1061,939">
<area shape="rect" id="node84" href="$class_component_item.html#2c3e3dbd4ab3e6fdd363d21f4310a047" title="ComponentItem::updateComponent" alt="" coords="1122,912,1377,939">
<area shape="rect" id="node86" href="$class_v_l_n_v.html#f00f5007636620ffeff44521bacca857" title="Get the library of the VLNV." alt="" coords="1521,963,1650,989">
<area shape="rect" id="node88" href="$class_v_l_n_v.html#3ff2bdff884da48aa0e936fa5595b7e8" title="Get the name of the IP block in VLNV." alt="" coords="1523,1013,1648,1040">
<area shape="rect" id="node90" href="$class_v_l_n_v.html#8868ebe2affad578b9c9c3aef1f38632" title="Get the vendor of the VLNV." alt="" coords="1519,861,1651,888">
<area shape="rect" id="node92" href="$class_v_l_n_v.html#3a5da6ca75e9a6bf575906c2ea185051" title="Get the version of the VLNV." alt="" coords="1518,912,1653,939">
<area shape="rect" id="node99" href="$class_s_w_component_item.html#e9e724f0741a4f4e0ca3395931e237cf" title="SWComponentItem::isImported" alt="" coords="813,963,1035,989">
<area shape="rect" id="node104" href="$class_component_item.html#2e26ffef30b7ad9e3dc1589f206ff983" title="ComponentItem::updateNameLabel" alt="" coords="798,1039,1050,1065">
