<area shape="rect" id="node3" href="$class_file_set.html#551646393fa299f3f06681847f5c990d" title="Add a new file to the file set." alt="" coords="434,31,553,57">
<area shape="rect" id="node9" href="$class_file.html#d75223b2c799d2eaef38a85c3b159678" title="Add a new user file type definition." alt="" coords="415,81,571,108">
<area shape="rect" id="node11" href="$class_library_interface.html#f6944f708f9aa01568d707fdc773ea91" title="Checks if the library already contains the specified vlnv." alt="" coords="402,132,585,159">
<area shape="rect" id="node13" href="$class_library_interface.html#55d33e9e99760ae1a12725681c034b43" title="Get the document type of given vlnv." alt="" coords="370,183,617,209">
<area shape="rect" id="node15" href="$class_library_interface.html#d76e2648d944acbd458ae4727342bcf4" title="Get a path to the specified IP&#45;Xact document." alt="" coords="404,233,583,260">
<area shape="rect" id="node17" href="$namespace_general.html#62ccd6c717ee0d1bc3954a44e6260d00" title="Get a relative file path from one location to another." alt="" coords="403,284,583,311">
<area shape="rect" id="node19" href="$class_file.html#ef534f122844afde8acbb86f9c9cacac" title="Set the description for this file." alt="" coords="422,335,565,361">
<area shape="rect" id="node21" href="$class_file.html#9191a8586dc16ada41e2a0e7c66538ad" title="Set the isIncludeFile setting for this file." alt="" coords="425,385,562,412">
<area shape="rect" id="node23" href="$class_library_interface.html#a841b91f4281dc02f2d3bf871f8bab45" title="Write the model to file system to given file path." alt="" coords="377,436,610,463">
<area shape="rect" id="node25" href="$class_document_generator.html#2fe6df48111f3e5a7913607b173651e5" title="Write the table of contents for the component." alt="" coords="344,487,643,513">
<area shape="rect" id="node5" href="$class_file.html#5498b16808f9f2df9f0f169ec31b54d6" title="Get the name of the file." alt="" coords="693,5,803,32">
<area shape="rect" id="node7" href="$class_file.html#6282a5dadc094138eef03bc4ef48000c" title="Set the fileSet that contains this file." alt="" coords="691,56,805,83">
