<area shape="rect" id="node3" href="$class_m_c_a_p_i_content_matcher.html#3f6f762e2231e129322e176fc9510ab8" title="MCAPIContentMatcher::enumerateMatches" alt="" coords="341,323,640,350">
<area shape="rect" id="node5" href="$class_m_c_a_p_i_content_matcher.html#3ace8de09e43bd8cff5e1515e5774b4d" title="MCAPIContentMatcher::enumerateFunctionParams" alt="" coords="688,234,1035,261">
<area shape="rect" id="node44" href="$class_m_c_a_p_i_content_matcher.html#0475fcdc239a2925637f5db17c64c698" title="MCAPIContentMatcher::enumerateNames" alt="" coords="716,411,1007,438">
<area shape="rect" id="node7" href="$class_m_c_a_p_i_content_matcher.html#19ab20cf740d12d08d0b628a46e95c35" title="MCAPIContentMatcher::extractParams" alt="" coords="1092,209,1359,235">
<area shape="rect" id="node9" href="$class_m_c_a_p_i_function_set.html#94d017d36cf7e743aa41f0a2b200a6c2" title="MCAPIFunctionSet::find" alt="" coords="1141,259,1310,286">
<area shape="rect" id="node11" href="$class_m_c_a_p_i_function_desc.html#b42b4478cf9deedf3b69465456c86482" title="MCAPIFunctionDesc::generateToolTipText" alt="" coords="1083,310,1368,337">
<area shape="rect" id="node13" href="$class_m_c_a_p_i_function_desc.html#afdd5e1731e27b950aa4d33e8daaedfc" title="MCAPIFunctionDesc::getParamCount" alt="" coords="1793,31,2050,58">
<area shape="rect" id="node15" href="$class_m_c_a_p_i_content_matcher.html#111821352515fa0c0bcf4a29233c934f" title="MCAPIContentMatcher::tryMatchParam" alt="" coords="1090,158,1361,185">
<area shape="rect" id="node17" href="$class_m_c_a_p_i_content_matcher.html#d5a5a9be6c677297efb1a899150000bb" title="MCAPIContentMatcher::findNodeDesc" alt="" coords="1438,335,1701,362">
<area shape="rect" id="node20" href="$class_m_c_a_p_i_function_desc.html#be9b0932ad857362fa325de76d2d1954" title="MCAPIFunctionDesc::getParamType" alt="" coords="1445,31,1694,58">
<area shape="rect" id="node23" href="$class_m_c_a_p_i_content_matcher.html#7dbf7069c67346de5aab997ef0194750" title="MCAPIContentMatcher::isConnectionValid" alt="" coords="1426,133,1713,159">
<area shape="rect" id="node31" href="$class_m_c_a_p_i_content_matcher.html#0078c27d28db4cb2e71c219acae25f58" title="MCAPIContentMatcher::tryMatchEndpoints" alt="" coords="1423,183,1715,210">
<area shape="rect" id="node35" href="$class_m_c_a_p_i_content_matcher.html#fcf45547e0b46f1c6d3ce58fbd085bd1" title="MCAPIContentMatcher::tryMatchIdentifier" alt="" coords="1779,285,2063,311">
<area shape="rect" id="node38" href="$class_m_c_a_p_i_content_matcher.html#62dd56374e65e87a60c6de129fdca06f" title="MCAPIContentMatcher::tryMatchNodeParam" alt="" coords="1417,234,1722,261">
<area shape="rect" id="node41" href="$class_m_c_a_p_i_content_matcher.html#f2d177d5080012a05aae0051a6b79f2a" title="MCAPIContentMatcher::tryMatchPortParam" alt="" coords="1421,285,1718,311">
<area shape="rect" id="node25" href="$class_m_c_a_p_i_content_matcher.html#e808c7bac65fdcd3c5a0eee8ac91fd4d" title="MCAPIContentMatcher::findConnectionDesc" alt="" coords="1771,183,2071,210">
<area shape="rect" id="node27" href="$class_m_c_a_p_i_content_matcher.html#daa44d56d51727e93124c0241ec46c28" title="MCAPIContentMatcher::findEndpointDesc" alt="" coords="1779,82,2063,109">
<area shape="rect" id="node29" href="$class_m_c_a_p_i_content_matcher.html#60776cc56b51cbdf9852c27cad8eb9ec" title="MCAPIContentMatcher::isEndpointValid" alt="" coords="1786,133,2057,159">
<area shape="rect" id="node46" href="$class_m_c_a_p_i_function_set.html#76bbf3aaabd0ac41e6b46afb700d24fd" title="MCAPIFunctionSet::getAt" alt="" coords="1135,361,1316,387">
<area shape="rect" id="node48" href="$class_m_c_a_p_i_function_set.html#f870611e9e0b7543894bd663aafcb133" title="MCAPIFunctionSet::getCount" alt="" coords="1123,411,1328,438">
<area shape="rect" id="node50" href="$class_m_c_a_p_i_function_desc.html#b724ef79817041b3d4873f21b328476b" title="MCAPIFunctionDesc::getName" alt="" coords="1117,462,1333,489">
