<area shape="rect" id="node3" href="$class_connection_editor.html#f21731e4318d2ceb89944d3b7fe533de" title="Add a mapping for physical ports to port widget for two given port maps." alt="" coords="349,5,539,32">
<area shape="rect" id="node7" href="$class_diagram_connection_end_point.html#e56a455b02d91aa706f78208d0b00c54" title="DiagramConnectionEndPoint::encompassingComp" alt="" coords="272,56,616,83">
<area shape="rect" id="node9" href="$class_diagram_interconnection.html#c76e3854d8ed34174e3e821497fc9bf2" title="Return the first end point connected." alt="" coords="320,107,568,133">
<area shape="rect" id="node11" href="$class_diagram_interconnection.html#ffac0f0f479b95c98de4144dbd9c5867" title="Return the second end point connected." alt="" coords="320,157,568,184">
<area shape="rect" id="node13" href="$class_diagram_connection_end_point.html#72cac94a1d12b11e347aa6295b1a6837" title="DiagramConnectionEndPoint::getBusInterface" alt="" coords="287,208,601,235">
<area shape="rect" id="node15" href="$class_library_interface.html#55d33e9e99760ae1a12725681c034b43" title="Get the document type of given vlnv." alt="" coords="321,259,567,285">
<area shape="rect" id="node17" href="$class_library_interface.html#92798f5c6f5e72c8f4da87e872812c4f" title="Get a model that matches given VLNV." alt="" coords="350,309,538,336">
<area shape="rect" id="node19" href="$class_component_item.html#065f3fb7a863a24ab7e5e1cbef4bf417" title="ComponentItem::name" alt="" coords="359,360,529,387">
<area shape="rect" id="node21" href="$class_diagram_connection_end_point.html#8c93f7d4c9c13e3cd40e6f826b4272d1" title="Returns pointer to the top component that owns this interface." alt="" coords="281,411,607,437">
<area shape="rect" id="node5" href="$namespace_general.html#fffaf53dfe8783258ea642961a2f6718" title="Convert the info into string." alt="" coords="664,5,816,32">
