<area shape="rect" id="node3" href="$class_file_builders_editor.html#a5ccdbbe5666ce0b85973d8c0ce1f83f" title="Check for the validity of the edited file builders." alt="" coords="213,5,393,32">
<area shape="rect" id="node7" href="$class_flat_view_parameters_tab.html#297f4f732f3b469d261238cb1002a42b" title="Check for the validity of the edited parameters." alt="" coords="192,56,413,83">
<area shape="rect" id="node11" href="$class_flat_view_general_tab.html#43710e5b1954e73ef90feac19fe87ecc" title="Check for the validity of the edited view." alt="" coords="205,107,401,133">
<area shape="rect" id="node13" href="$class_hierarchy_ref_widget.html#e7e068db756e20377df3fa1db3850644" title="Check for the validity of the edited view." alt="" coords="205,157,400,184">
<area shape="rect" id="node17" href="$class_env_identifier_editor.html#7dfd5c7544f8c38934535c5cc810fcc7" title="Check for the validity of the edited parameters." alt="" coords="209,208,396,235">
<area shape="rect" id="node21" href="$class_name_group_box.html#f73fb14aee9a9e968558e9f3ad84358f" title="Check if the widget is in valid mode." alt="" coords="216,259,389,285">
<area shape="rect" id="node5" href="$class_file_builders_model.html#f6cc9636f0774193d1de108fbecdd260" title="Check if the model is in valid state or not." alt="" coords="468,5,649,32">
<area shape="rect" id="node9" href="$class_parameters_model.html#451012af49bdcaef153081e8a970c033" title="Check if the model is in valid state or not." alt="" coords="467,56,651,83">
<area shape="rect" id="node15" href="$class_v_l_n_v_editor.html#eff4ed9c7b77a464c51bae1dbc48ad6c" title="VLNVEditor::isValid" alt="" coords="487,157,630,184">
<area shape="rect" id="node19" href="$class_env_identifiers_model.html#0c08dcc79774cc01832cd1da1919e6ed" title="Check if the model is in valid state or not." alt="" coords="461,208,656,235">
