<area shape="rect" id="node3" href="$class_library_interface.html#f6944f708f9aa01568d707fdc773ea91" title="Checks if the library already contains the specified vlnv." alt="" coords="594,5,777,32">
<area shape="rect" id="node5" href="$class_v_l_n_v.html#f00f5007636620ffeff44521bacca857" title="Get the library of the VLNV." alt="" coords="621,56,750,83">
<area shape="rect" id="node7" href="$class_library_interface.html#92798f5c6f5e72c8f4da87e872812c4f" title="Get a model that matches given VLNV." alt="" coords="591,107,779,133">
<area shape="rect" id="node9" href="$class_v_l_n_v.html#3ff2bdff884da48aa0e936fa5595b7e8" title="Get the name of the IP block in VLNV." alt="" coords="623,157,748,184">
<area shape="rect" id="node11" href="$class_v_l_n_v.html#8868ebe2affad578b9c9c3aef1f38632" title="Get the vendor of the VLNV." alt="" coords="619,664,751,691">
<area shape="rect" id="node13" href="$class_v_l_n_v.html#3a5da6ca75e9a6bf575906c2ea185051" title="Get the version of the VLNV." alt="" coords="618,715,753,741">
<area shape="rect" id="node15" href="$class_modelsim_generator.html#236a6871514f49fcc5949d22f90061e3" title="Parse the files associated with component&#39;s given view." alt="" coords="283,355,503,381">
<area shape="rect" id="node52" href="$class_combo_selector.html#c958978c64d749e8d04b63412c9de121" title="Static function to select a view from component." alt="" coords="295,728,491,755">
<area shape="rect" id="node18" href="$class_library_interface.html#55d33e9e99760ae1a12725681c034b43" title="Get the document type of given vlnv." alt="" coords="562,360,809,387">
<area shape="rect" id="node20" href="$class_view.html#bf0cceb99a3f881fa7b50b9189b2242b" title="Get list of the fileSetRefs for this view." alt="" coords="610,411,761,437">
<area shape="rect" id="node22" href="$class_view.html#16ed28e630214766d27dfaf2f3015c4a" title="Get pointer to the hierarchical desing for this view." alt="" coords="605,461,766,488">
<area shape="rect" id="node27" href="$class_view.html#7220512cd590a516468a6ec4ddb77e07" title="Get the reference to a view that contains the implementation." alt="" coords="603,512,768,539">
<area shape="rect" id="node29" href="$class_v_l_n_v.html#5e8bcf9abe6a26377c30a80657650059" title="Get the type of the document the VLNV belongs to." alt="" coords="627,563,743,589">
<area shape="rect" id="node33" href="$class_view.html#f8d30aa133c5fda3656309515c8dfd8b" title="Is the view a hierarchical one or not." alt="" coords="613,613,757,640">
<area shape="rect" id="node37" href="$class_modelsim_generator.html#9012f4dde12039b3a287e46953f946b0" title="Parse the component&#39;s file sets and add all vhdl&#45; and verilog&#45;files." alt="" coords="552,208,819,235">
<area shape="rect" id="node43" href="$class_modelsim_generator.html#f541ca93e54ce532814fdeb9bf47a239" title="Parse the given file sets and add their files to source files." alt="" coords="564,259,807,285">
<area shape="rect" id="node50" href="$class_v_l_n_v.html#41e8feb8b594eaaf4efc45dc0b520656" title="Set the document type for the vlnv." alt="" coords="628,309,743,336">
<area shape="rect" id="node35" href="$class_v_l_n_v.html#f02edbeb4feca8206bdb6681963730f8" title="Checks if the vlnv is valid or not." alt="" coords="907,613,1013,640">
<area shape="rect" id="node39" href="$namespace_general.html#f4c2511926f7780bc115b4ba2c4d5c18" title="Get an absolute path of a file." alt="" coords="867,208,1053,235">
<area shape="rect" id="node41" href="$class_library_interface.html#d76e2648d944acbd458ae4727342bcf4" title="Get a path to the specified IP&#45;Xact document." alt="" coords="871,259,1049,285">
<area shape="rect" id="node46" href="$class_file_set.html#d314d723f51f726a1f39b96948efd463" title="Get the files associated with this file set." alt="" coords="899,309,1021,336">
<area shape="rect" id="node54" href="$class_combo_selector.html#d7d3e40be93fcbc09cba583ee4779d7d" title="Execute the dialog." alt="" coords="606,765,765,792">
