<area shape="rect" id="node3" href="$class_diagram_connection_end_point.html#77a2addc49209f183aa80fa1b2306084" title="DiagramConnectionEndPoint::getInterconnections" alt="" coords="243,5,583,32">
<area shape="rect" id="node5" href="$class_diagram_connection_end_point.html#118018fc1eb247ba0466cfd1b5c128fa" title="DiagramConnectionEndPoint::setDirection" alt="" coords="956,81,1247,108">
<area shape="rect" id="node7" href="$diagramgrid_8h.html#68afc106817c98c8b7787ff86acee75e" title="Snaps the given QPointF to the diagram grid." alt="" coords="701,107,827,133">
<area shape="rect" id="node9" href="$class_diagram_interconnection.html#5c2eccadec74a5fd6d0b6003fa88c2dc" title="Update the end positions when connected end points are moved." alt="" coords="274,157,553,184">
<area shape="rect" id="node11" href="$class_diagram_interconnection.html#3295188b9acbd2fd4cf8fedcc698aff4" title="DiagramInterconnection::createRoute" alt="" coords="633,259,895,285">
<area shape="rect" id="node15" href="$class_diagram_connection_end_point.html#24e5426821cdf4df2c7884979085d303" title="DiagramConnectionEndPoint::getDirection" alt="" coords="956,208,1247,235">
<area shape="rect" id="node17" href="$class_diagram_interconnection.html#e51805440bf5672011b8d906f392a033" title="Set the routing of the interconnection." alt="" coords="643,157,885,184">
<area shape="rect" id="node13" href="$class_diagram_interconnection.html#5a1b1d9f17451bb04f79cf0184449677" title="DiagramInterconnection::simplifyPath" alt="" coords="971,259,1232,285">
<area shape="rect" id="node20" href="$class_diagram_connection_end_point.html#b168e7790bc3da47eef4bb85bdc8d023" title="DiagramConnectionEndPoint::isDirectionFixed" alt="" coords="945,157,1258,184">
