<area shape="rect" id="node3" href="$class_generic_edit_provider.html#a44aaae7b9a6c25882059e45d8b24e1c" title="GenericEditProvider::addCommand" alt="" coords="347,5,594,32">
<area shape="rect" id="node5" href="$class_diagram_interconnection.html#de974117c39c74a61c8c2ec238d20ed6" title="DiagramInterconnection::endUpdatePosition" alt="" coords="318,56,623,83">
<area shape="rect" id="node9" href="$class_diagram_column_layout.html#41ec2abc12925671fef8870959a6e64c" title="DiagramColumnLayout::getEditProvider" alt="" coords="333,107,608,133">
<area shape="rect" id="node11" href="$class_diagram_column_layout.html#fb89d241d9518d331c6c5ff9be9a119a" title="DiagramColumnLayout::onReleaseColumn" alt="" coords="325,157,617,184">
<area shape="rect" id="node7" href="$class_diagram_interconnection.html#60dc7fd65e1683a2a569073f93665074" title="Returns the route of this interconnection." alt="" coords="672,56,891,83">
<area shape="rect" id="node13" href="$namespace_h_stacked_layout.html#98bca9193398ea2c73207f3069b6f5b3" title="HStackedLayout::setItemPos" alt="" coords="678,157,885,184">
<area shape="rect" id="node15" href="$namespace_diagram_util.html#34372d64301c316deaa127e2bfcf4d58" title="DiagramUtil::clampCeil" alt="" coords="939,157,1107,184">
