<area shape="rect" id="node3" href="$class_component_item.html#49a73ee33e425a3ff37d93e68ca33c99" title="ComponentItem::componentModel" alt="" coords="571,5,816,32">
<area shape="rect" id="node5" href="$class_endpoint_item.html#34cfd905292fc78fd4457c704e2ad8af" title="EndpointItem::createBusInterface" alt="" coords="271,157,507,184">
<area shape="rect" id="node22" href="$class_program_entity_item.html#aa817c7a10afe44a17154a52979f7ce4" title="ProgramEntityItem::getMappingComponent" alt="" coords="1209,208,1509,235">
<area shape="rect" id="node32" href="$class_endpoint_item.html#3d386e99f054f10b6b5fb13829543191" title="EndpointItem::getConnectionType" alt="" coords="270,360,509,387">
<area shape="rect" id="node35" href="$class_endpoint_item.html#9f575ad01d1117858ef6644b5da5c289" title="EndpointItem::getMCAPIDirection" alt="" coords="273,411,506,437">
<area shape="rect" id="node37" href="$class_endpoint_item.html#8af24936977f7c7481300e7700042ad7" title="EndpointItem::getName" alt="" coords="302,461,477,488">
<area shape="rect" id="node39" href="$class_endpoint_stack.html#d5bb97e9a6168a8ba87d4f4c44993a84" title="EndpointStack::getVisibleHeight" alt="" coords="276,512,503,539">
<area shape="rect" id="node41" href="$namespace_v_stacked_layout.html#5f14204a310806c9c55dc46552b97b4d" title="VStackedLayout::updateItemMove" alt="" coords="268,563,511,589">
<area shape="rect" id="node45" href="$namespace_v_stacked_layout.html#4ecf5cf2db0d1e5c8f31ad07c5f0b363" title="VStackedLayout::updateItemPositions" alt="" coords="257,613,522,640">
<area shape="rect" id="node48" href="$_m_c_a_p_i_designer_types_8cpp.html#d2d491bbd02bd58f82986e1fb126d690" title="valueToString" alt="" coords="335,664,444,691">
<area shape="rect" id="node8" href="$class_endpoint_item.html#d50aa902bdf0025745a12aa0ee4b3e41" title="EndpointItem::getFullName" alt="" coords="595,259,791,285">
<area shape="rect" id="node12" href="$class_i_d_factory.html#696d85fd5777842c5a26e06d726842fd" title="IDFactory::getID" alt="" coords="631,208,755,235">
<area shape="rect" id="node14" href="$class_bus_interface.html#3f2c300ef4dc3e1a49d54df1ab9105df" title="BusInterface::getMCAPIPortID" alt="" coords="588,56,799,83">
<area shape="rect" id="node16" href="$class_mapping_component_item.html#a08c595682846b02061ca7ef1b8e956e" title="MappingComponentItem::getPortIDFactory" alt="" coords="865,5,1159,32">
<area shape="rect" id="node18" href="$class_endpoint_item.html#6e55fce2402231ed51852822295cf86e" title="EndpointItem::setPortID" alt="" coords="606,157,781,184">
<area shape="rect" id="node10" href="$class_component_item.html#065f3fb7a863a24ab7e5e1cbef4bf417" title="ComponentItem::name" alt="" coords="927,259,1097,285">
<area shape="rect" id="node20" href="$class_i_d_factory.html#a1cbad682e0956223eca6c0050b36143" title="IDFactory::freeID" alt="" coords="948,157,1076,184">
<area shape="rect" id="node25" href="$class_endpoint_item.html#96a5ea437fef728b990ef02c9b02ba1b" title="EndpointItem::updateText" alt="" coords="919,56,1105,83">
<area shape="rect" id="node30" href="$class_i_d_factory.html#6e0bf6e11384885550b655459591fd4a" title="IDFactory::usedID" alt="" coords="945,107,1079,133">
<area shape="rect" id="node27" href="$class_mapping_component_item.html#bb0464b90d277538161c88744f1d12ea" title="MappingComponentItem::getID" alt="" coords="1247,56,1470,83">
<area shape="rect" id="node43" href="$namespace_diagram_util.html#34372d64301c316deaa127e2bfcf4d58" title="DiagramUtil::clampCeil" alt="" coords="609,588,777,615">
