<area shape="rect" id="node3" href="$class_v_l_n_v.html#fbb2400b5d5d3865783f3b961aa795f6" title="Is the document identified by this vlnv valid or not." alt="" coords="232,5,403,32">
<area shape="rect" id="node5" href="$class_v_l_n_v.html#f00f5007636620ffeff44521bacca857" title="Get the library of the VLNV." alt="" coords="253,56,382,83">
<area shape="rect" id="node7" href="$class_library_item.html#a47dc28b32e66bc6425e9548294f619c" title="Get the name of the item." alt="" coords="236,107,399,133">
<area shape="rect" id="node9" href="$class_v_l_n_v.html#3ff2bdff884da48aa0e936fa5595b7e8" title="Get the name of the IP block in VLNV." alt="" coords="255,157,380,184">
<area shape="rect" id="node11" href="$class_v_l_n_v.html#5e8bcf9abe6a26377c30a80657650059" title="Get the type of the document the VLNV belongs to." alt="" coords="259,208,375,235">
<area shape="rect" id="node13" href="$class_v_l_n_v.html#8868ebe2affad578b9c9c3aef1f38632" title="Get the vendor of the VLNV." alt="" coords="251,259,383,285">
<area shape="rect" id="node15" href="$class_v_l_n_v.html#3a5da6ca75e9a6bf575906c2ea185051" title="Get the version of the VLNV." alt="" coords="250,309,385,336">
<area shape="rect" id="node17" href="$class_library_item.html#f436123709e9d23cdf62ff4c7641c6d4" title="The default constructor." alt="" coords="230,360,405,387">
<area shape="rect" id="node19" href="$class_v_l_n_v.html#a1671c2e1d651ca917500a71ba2f1e57" title="Static function. Convert IPXactType to printable QString." alt="" coords="252,411,383,437">
