<area shape="rect" id="node3" href="$class_v_l_n_v.html#5e8bcf9abe6a26377c30a80657650059" title="Get the type of the document the VLNV belongs to." alt="" coords="602,9,718,36">
<area shape="rect" id="node5" href="$class_create_v_l_n_v_dialog.html#4ec0b31442d0c4268cb10ad661803671" title="CreateVLNVDialog::setLibrary" alt="" coords="327,85,537,112">
<area shape="rect" id="node9" href="$class_create_v_l_n_v_dialog.html#418a6037e695779494ebec3cbf497f17" title="CreateVLNVDialog::setName" alt="" coords="329,136,535,163">
<area shape="rect" id="node13" href="$class_create_v_l_n_v_dialog.html#231d60a2bccf567250ae1944ce272470" title="CreateVLNVDialog::setTypeBox" alt="" coords="321,35,543,61">
<area shape="rect" id="node16" href="$class_create_v_l_n_v_dialog.html#9715386862d33105d5ec98ae972dd095" title="CreateVLNVDialog::setVendor" alt="" coords="325,187,539,213">
<area shape="rect" id="node20" href="$class_create_v_l_n_v_dialog.html#d9c4bd65d3b6899d8b31e2b2cd6bf196" title="CreateVLNVDialog::setVersion" alt="" coords="324,237,540,264">
<area shape="rect" id="node7" href="$class_v_l_n_v.html#f00f5007636620ffeff44521bacca857" title="Get the library of the VLNV." alt="" coords="595,85,725,112">
<area shape="rect" id="node11" href="$class_v_l_n_v.html#3ff2bdff884da48aa0e936fa5595b7e8" title="Get the name of the IP block in VLNV." alt="" coords="597,136,723,163">
<area shape="rect" id="node18" href="$class_v_l_n_v.html#8868ebe2affad578b9c9c3aef1f38632" title="Get the vendor of the VLNV." alt="" coords="594,187,726,213">
<area shape="rect" id="node22" href="$class_v_l_n_v.html#3a5da6ca75e9a6bf575906c2ea185051" title="Get the version of the VLNV." alt="" coords="593,237,727,264">
