<area shape="rect" id="node3" href="$class_view.html#88f049f1259e09c9476553ca670f78d4" title="Add a new envIdentifier for this view." alt="" coords="271,5,433,32">
<area shape="rect" id="node5" href="$class_file_set.html#551646393fa299f3f06681847f5c990d" title="Add a new file to the file set." alt="" coords="293,56,411,83">
<area shape="rect" id="node11" href="$class_view.html#653c9665a2ae0db2152f34f6fe887145" title="Add a new reference to a file set to this view." alt="" coords="279,664,425,691">
<area shape="rect" id="node15" href="$class_file.html#49ad101e1f24851fe7766438c2208a17" title="Add a new file type definition." alt="" coords="289,157,415,184">
<area shape="rect" id="node17" href="$class_view.html#944b4a70717842b92bb5c8c4064dbd07" title="Get the name of the view." alt="" coords="293,208,411,235">
<area shape="rect" id="node19" href="$class_library_interface.html#d76e2648d944acbd458ae4727342bcf4" title="Get a path to the specified IP&#45;Xact document." alt="" coords="263,259,441,285">
<area shape="rect" id="node21" href="$namespace_general.html#62ccd6c717ee0d1bc3954a44e6260d00" title="Get a relative file path from one location to another." alt="" coords="262,309,442,336">
<area shape="rect" id="node23" href="$class_view.html#f8d30aa133c5fda3656309515c8dfd8b" title="Is the view a hierarchical one or not." alt="" coords="280,107,424,133">
<area shape="rect" id="node27" href="$class_file.html#598e34a105ed7559a6c41d1054b92141" title="Set the flags for the build command." alt="" coords="285,411,419,437">
<area shape="rect" id="node29" href="$class_file.html#1bdcb3e73ea72856d5db496355158b9a" title="Set a build command for the file." alt="" coords="283,461,421,488">
<area shape="rect" id="node31" href="$class_file.html#9191a8586dc16ada41e2a0e7c66538ad" title="Set the isIncludeFile setting for this file." alt="" coords="283,512,421,539">
<area shape="rect" id="node33" href="$class_view.html#284620805c14ea3fc620708f54eee7b6" title="Set the language of this view." alt="" coords="281,563,423,589">
<area shape="rect" id="node36" href="$class_file.html#8bfa546658ae130d9e61db51e7b03983" title="Set the logical name for this file." alt="" coords="275,613,429,640">
<area shape="rect" id="node38" href="$class_view.html#e66aae5381329f3b2d2d12130d50ff45" title="Set the model name." alt="" coords="274,360,430,387">
<area shape="rect" id="node41" href="$class_view.html#436bd0ff603255612bce852f57fc1c49" title="Set the reference to a top level implementation view." alt="" coords="270,715,434,741">
<area shape="rect" id="node7" href="$class_file.html#5498b16808f9f2df9f0f169ec31b54d6" title="Get the name of the file." alt="" coords="493,5,603,32">
<area shape="rect" id="node9" href="$class_file.html#6282a5dadc094138eef03bc4ef48000c" title="Set the fileSet that contains this file." alt="" coords="491,56,605,83">
<area shape="rect" id="node13" href="$class_v_l_n_v.html#98080cd3278e6b1785b3a603037eb4ef" title="Clear the vlnv (make all fields empty and type = INVALID)." alt="" coords="500,563,596,589">
<area shape="rect" id="node25" href="$class_v_l_n_v.html#f02edbeb4feca8206bdb6681963730f8" title="Checks if the vlnv is valid or not." alt="" coords="495,107,601,133">
