<area shape="rect" id="node3" href="$class_bus_if_general_tab.html#65a7d952db9dd4513957dd8479e13784" title="Restore the changes made in the editor back to ones in the model." alt="" coords="294,233,530,260">
<area shape="rect" id="node5" href="$class_bus_interface.html#42d1081e79c22944e968ccd44cfcd99e" title="get the vlnv to the abstraction definition" alt="" coords="591,5,825,32">
<area shape="rect" id="node7" href="$class_bus_interface.html#6fa521eaf3889923fe834413b571e489" title="Get the attributes of the bus interface." alt="" coords="611,56,805,83">
<area shape="rect" id="node9" href="$class_bus_interface.html#4d1644c428e37e6538a864ad76fe4980" title="Get the vlnv to the bus definition." alt="" coords="615,107,801,133">
<area shape="rect" id="node11" href="$class_bus_interface.html#fa0992e2c09350e068f15cd9814b6ef4" title="Get the description of the bus interface." alt="" coords="607,157,809,184">
<area shape="rect" id="node13" href="$class_bus_interface.html#9c27342431908d1a5e413f3fd83ef089" title="Get the display name of the bus interface." alt="" coords="600,208,816,235">
<area shape="rect" id="node15" href="$class_bus_interface.html#68689fb6dc2fe53c9b2bc43d0904e549" title="get the name of the bus interface" alt="" coords="623,259,793,285">
<area shape="rect" id="node17" href="$class_v_l_n_v.html#f02edbeb4feca8206bdb6681963730f8" title="Checks if the vlnv is valid or not." alt="" coords="655,309,761,336">
<area shape="rect" id="node19" href="$class_bus_if_general_details.html#af5ddae8350af9e68963cfcb45b15569" title="Restore the changes made in the editor back to ones in the model." alt="" coords="579,360,837,387">
<area shape="rect" id="node33" href="$class_attribute_box.html#4f57e8d7039e9232097b3f792af5029d" title="Set the attributes to be displayed in this widget." alt="" coords="611,449,805,476">
<area shape="rect" id="node37" href="$class_v_l_n_v_editor.html#edef36ca3252c366ed3d222c69d2c765" title="VLNVEditor::setVLNV" alt="" coords="629,588,787,615">
<area shape="rect" id="node21" href="$namespace_general.html#70fac9fbd08c1c247135cf5ae540b762" title="Converts the enum BitSteering into QString." alt="" coords="926,183,1103,209">
<area shape="rect" id="node23" href="$namespace_general.html#8b7dabe80ae4549b857f39d327f7a1e2" title="Convert the Endianness to QString." alt="" coords="925,233,1105,260">
<area shape="rect" id="node25" href="$class_bus_interface.html#108cb6722736cf98fece12ed252d94f7" title="Get bits in lau value." alt="" coords="920,284,1109,311">
<area shape="rect" id="node27" href="$class_bus_interface.html#35cb3132001ab132140acc2072efd74a" title="Is the bitSteering on or off." alt="" coords="913,335,1116,361">
<area shape="rect" id="node29" href="$class_bus_interface.html#c356282f4dae389f46d8b6997b5b00e1" title="Can this interface be left unconnected." alt="" coords="885,385,1144,412">
<area shape="rect" id="node31" href="$class_bus_interface.html#2ec43b354efc60fde40e26d009f7dab4" title="Get the endianness of the bus interface." alt="" coords="913,436,1117,463">
<area shape="rect" id="node35" href="$class_attribute_model.html#9ef23360ab7076bf5cee71928b195bb3" title="Set attributes for the model." alt="" coords="911,487,1118,513">
<area shape="rect" id="node39" href="$class_v_l_n_v.html#f00f5007636620ffeff44521bacca857" title="Get the library of the VLNV." alt="" coords="950,537,1079,564">
<area shape="rect" id="node41" href="$class_v_l_n_v.html#3ff2bdff884da48aa0e936fa5595b7e8" title="Get the name of the IP block in VLNV." alt="" coords="952,588,1077,615">
<area shape="rect" id="node43" href="$class_v_l_n_v.html#8868ebe2affad578b9c9c3aef1f38632" title="Get the vendor of the VLNV." alt="" coords="949,639,1081,665">
<area shape="rect" id="node45" href="$class_v_l_n_v.html#3a5da6ca75e9a6bf575906c2ea185051" title="Get the version of the VLNV." alt="" coords="947,689,1082,716">
