<area shape="rect" id="node3" href="$class_channel.html#fdcb6310847a9169fb4610a45d6b0613" title="Get the description of the channel." alt="" coords="269,5,443,32">
<area shape="rect" id="node5" href="$class_channel.html#fcf1558d80a515d12d5940ae0f5d2040" title="Get the displayName of the channel." alt="" coords="262,56,450,83">
<area shape="rect" id="node7" href="$class_channel.html#d91ab86613ec590aa1186078801dab8d" title="Get the references to bus interfaces that belong to this channel." alt="" coords="273,107,439,133">
<area shape="rect" id="node9" href="$class_channel.html#3785abfca46c987e3940eb27844713d7" title="Get the name of the channel." alt="" coords="285,157,427,184">
<area shape="rect" id="node11" href="$class_list_manager.html#d22fd8902a2658f34b8d50c23aadab51" title="Set the items to be stored in this widget." alt="" coords="274,208,438,235">
<area shape="rect" id="node13" href="$class_list_manager_model.html#84ef0dc4d5f7522bad172c41d180bfc6" title="Set the items to the model." alt="" coords="499,208,701,235">
