<area shape="rect" id="node3" href="$class_library_interface.html#d76e2648d944acbd458ae4727342bcf4" title="Get a path to the specified IP&#45;Xact document." alt="" coords="313,5,492,32">
<area shape="rect" id="node5" href="$class_kactus_attribute_editor.html#d39c3f8a4885f5ae9af58e43343c9f81" title="KactusAttributeEditor::hideAttributes" alt="" coords="275,56,531,83">
<area shape="rect" id="node7" href="$class_kactus_attribute_editor.html#2ea1740a398074685714aa5e7771f1f8" title="KactusAttributeEditor::setAttributes" alt="" coords="278,107,527,133">
<area shape="rect" id="node9" href="$class_component_preview_box.html#efb496990c83194f2341bdafaf2d5b26" title="ComponentPreviewBox::setComponent" alt="" coords="267,157,539,184">
<area shape="rect" id="node13" href="$class_desc_editor.html#1e727653e2c5a1202359770f1bf3fd83" title="DescEditor::setDescription" alt="" coords="307,208,498,235">
<area shape="rect" id="node15" href="$class_kactus_attribute_editor.html#0642bd1898f8835dd0e98d82831bd399" title="KactusAttributeEditor::setImplementation" alt="" coords="259,259,546,285">
<area shape="rect" id="node19" href="$class_v_l_n_v_displayer.html#271ef0b40cd0be9de2a47c5115db01be" title="Also display path along with the vlnv in the widget." alt="" coords="316,309,489,336">
<area shape="rect" id="node11" href="$class_component_preview_box.html#b9c2f644666a0c6bb6759bbc77150a04" title="ComponentPreviewBox::updatePreview" alt="" coords="595,157,866,184">
<area shape="rect" id="node17" href="$namespace_kactus_attribute.html#d851ec97870b06aa258d2dc0f8a901a5" title="KactusAttribute::valueToString" alt="" coords="623,259,839,285">
