<area shape="rect" id="node3" href="$class_file_type_editor.html#73d8f2df34f0ad6480495714a3cf0a21" title="Apply the changes from the editor to the model." alt="" coords="243,132,395,159">
<area shape="rect" id="node16" href="$class_file_general_editor.html#25557565d29d17d2d2a97490212befa6" title="Apply the changes from the editor to the model." alt="" coords="233,372,405,399">
<area shape="rect" id="node28" href="$class_attribute_box.html#a7fe19b41cb0515cdae8648e6042a3ed" title="Get the attributes from the widget." alt="" coords="476,512,671,539">
<area shape="rect" id="node32" href="$class_file_name_editor.html#c41ed321ab3a41e328111c8320b173aa" title="Get the attributes stored in the widget." alt="" coords="213,499,424,525">
<area shape="rect" id="node35" href="$class_file_name_editor.html#d35292dcaa4789871d3590700a5811b5" title="Get the file name stored in the widget." alt="" coords="215,549,423,576">
<area shape="rect" id="node37" href="$class_file.html#7ac908cf016d1ce1857afdcac2388b9e" title="Set the attributes for the file." alt="" coords="251,600,386,627">
<area shape="rect" id="node39" href="$class_file.html#b356e0dbb98f6dd3a8dcc49c22d70779" title="Set the name for this file." alt="" coords="263,651,374,677">
<area shape="rect" id="node41" href="$class_file.html#7197a0514cee408fccb3ac1724fd6f72" title="Set the attributes for the name&#45;element." alt="" coords="232,701,405,728">
<area shape="rect" id="node5" href="$class_file.html#49ad101e1f24851fe7766438c2208a17" title="Add a new file type definition." alt="" coords="510,5,637,32">
<area shape="rect" id="node7" href="$class_file.html#d75223b2c799d2eaef38a85c3b159678" title="Add a new user file type definition." alt="" coords="495,56,651,83">
<area shape="rect" id="node9" href="$class_file.html#b79288e5d8752a2fba780ac59f07f373" title="Clear all the fileTypes and userFileTypes." alt="" coords="503,107,643,133">
<area shape="rect" id="node11" href="$class_list_manager_model.html#17210cf9d60047e8004ee21e4feb920e" title="Get the items currently stored in the model." alt="" coords="735,183,918,209">
<area shape="rect" id="node13" href="$class_list_manager.html#ad4d988f218cdd6825515fb7c8f7cb0a" title="Get the string items currently stored in the model." alt="" coords="501,208,645,235">
<area shape="rect" id="node18" href="$class_file.html#ef534f122844afde8acbb86f9c9cacac" title="Set the description for this file." alt="" coords="502,259,645,285">
<area shape="rect" id="node20" href="$class_file.html#3600177bf9b91f1ebfc9b6d3a10e0879" title="Set the externalDeclarations setting." alt="" coords="472,309,675,336">
<area shape="rect" id="node22" href="$class_file.html#9191a8586dc16ada41e2a0e7c66538ad" title="Set the isIncludeFile setting for this file." alt="" coords="505,360,642,387">
<area shape="rect" id="node24" href="$class_file.html#8bfa546658ae130d9e61db51e7b03983" title="Set the logical name for this file." alt="" coords="496,411,651,437">
<area shape="rect" id="node26" href="$class_file.html#df11ca069a4860458ba6868047e933fd" title="Set the logical name attribute default." alt="" coords="473,461,673,488">
<area shape="rect" id="node30" href="$class_attribute_model.html#e7e5a510bf4ede972444d18cd018baef" title="Get attributes stored in the model." alt="" coords="723,512,931,539">
