<area shape="rect" id="node3" href="$class_document_generator.html#9a0669bfdc918c16cd79f4d81067039d" title="Create a picture for the component." alt="" coords="344,81,667,108">
<area shape="rect" id="node11" href="$class_library_interface.html#d76e2648d944acbd458ae4727342bcf4" title="Get a path to the specified IP&#45;Xact document." alt="" coords="1791,588,1969,615">
<area shape="rect" id="node13" href="$namespace_general.html#62ccd6c717ee0d1bc3954a44e6260d00" title="Get a relative file path from one location to another." alt="" coords="1790,157,1970,184">
<area shape="rect" id="node15" href="$class_document_generator.html#556b71a5f545ac3a251e99211b7776ab" title="Write the file sets of the component." alt="" coords="1096,233,1339,260">
<area shape="rect" id="node33" href="$class_document_generator.html#b913d22bd3394ff091149d8edc51b8ab" title="Write the interfaces of the component." alt="" coords="1090,385,1345,412">
<area shape="rect" id="node41" href="$class_document_generator.html#b0537d30590ffe6c5163d8ca11ae9196" title="Write the model parameters of the component." alt="" coords="1065,436,1370,463">
<area shape="rect" id="node45" href="$class_document_generator.html#461e2a522e52b2c60cc2da876c3f90a4" title="Write the parameters and kactus2 parameters of the component." alt="" coords="1084,487,1351,513">
<area shape="rect" id="node51" href="$class_document_generator.html#6c33ec9201479edfcb8db5c54251b6d8" title="Write the ports of the component." alt="" coords="1105,563,1330,589">
<area shape="rect" id="node56" href="$class_document_generator.html#fe9be9e3577b30e9b97b512dbe0194dd" title="Write the views of the component." alt="" coords="391,791,619,817">
<area shape="rect" id="node5" href="$class_component_preview_box.html#78d6fe3c7e301a32afc4b077bf77675f" title="Get the bounding rect of all items on the scene." alt="" coords="715,81,1016,108">
<area shape="rect" id="node7" href="$class_component_preview_box.html#efb496990c83194f2341bdafaf2d5b26" title="ComponentPreviewBox::setComponent" alt="" coords="729,31,1001,57">
<area shape="rect" id="node9" href="$class_component_preview_box.html#b9c2f644666a0c6bb6759bbc77150a04" title="ComponentPreviewBox::updatePreview" alt="" coords="1082,31,1353,57">
<area shape="rect" id="node17" href="$namespace_general.html#c24c1f048c047528d3aa95d9cb61b30e" title="Convert a boolean value into QString." alt="" coords="1483,183,1618,209">
<area shape="rect" id="node19" href="$class_document_generator.html#7db867f87a8649e1571544c53e855878" title="Write the details of a file." alt="" coords="1444,81,1657,108">
<area shape="rect" id="node29" href="$class_document_generator.html#201af17620ae96846aa389e0f5689038" title="Write the header to the given stream." alt="" coords="1419,385,1683,412">
<area shape="rect" id="node31" href="$class_document_generator.html#f6ce9fbbf60a035ef5d42d2c5e1d2238" title="Write the html&#45;table element start into stream." alt="" coords="1741,461,2019,488">
<area shape="rect" id="node21" href="$namespace_general.html#f4c2511926f7780bc115b4ba2c4d5c18" title="Get an absolute path of a file." alt="" coords="1787,5,1973,32">
<area shape="rect" id="node23" href="$class_build_model.html#799080ae78f57980076c788eb86727d1" title="Get the command." alt="" coords="1787,56,1973,83">
<area shape="rect" id="node25" href="$class_build_model.html#ba8ce3f0a8cffb160764eac1cb33f5c5" title="Get the flags." alt="" coords="1803,107,1957,133">
<area shape="rect" id="node35" href="$namespace_general.html#2413610b9818f4d2637cfdaf96894564" title="Convert the Direction value to QString." alt="" coords="1469,588,1632,615">
<area shape="rect" id="node37" href="$namespace_general.html#60ae9aa5ca955b08ae18d2848ea391c5" title="Convert InterfaceMode to QString." alt="" coords="1451,335,1650,361">
<area shape="rect" id="node47" href="$namespace_kactus_attribute.html#d851ec97870b06aa258d2dc0f8a901a5" title="KactusAttribute::valueToString" alt="" coords="1443,537,1659,564">
<area shape="rect" id="node58" href="$class_document_generator.html#881448b0d2ed4ae4d4c36d907f6ffe46" title="Create a picture for the design." alt="" coords="720,1095,1011,1121">
<area shape="rect" id="node122" href="$class_document_generator.html#1564d9980916ccbfe87e0e6f94351bc4" title="Write the documentation for the given view." alt="" coords="1440,791,1661,817">
<area shape="rect" id="node60" href="$class_design_widget.html#bc26ccd9239051a01c47248dd5a810c4" title="Get the rect that bounds all items in the design." alt="" coords="1097,1171,1338,1197">
<area shape="rect" id="node62" href="$class_design_widget.html#d1ebdcc8f9fa64853e3439ad2623a2b4" title="Get the graphics scene that holds the graphic items." alt="" coords="1140,1069,1295,1096">
<area shape="rect" id="node64" href="$class_design_widget.html#051d372f5ca4b0c543c3537fa50657c6" title="Set the design to be displayed in the block diagram." alt="" coords="1127,1120,1308,1147">
<area shape="rect" id="node66" href="$class_library_interface.html#f6944f708f9aa01568d707fdc773ea91" title="Checks if the library already contains the specified vlnv." alt="" coords="2103,1095,2286,1121">
<area shape="rect" id="node68" href="$class_design_widget.html#781af043c9a4737a85a1c9b775e8f2c4" title="Create an empty design and configuration for a component." alt="" coords="1731,1247,2029,1273">
<area shape="rect" id="node83" href="$class_block_diagram.html#950f04977bccc66007e9b0bbf45ea429" title="Set the IP&#45;XACT document that is viewed in BlockDiagram." alt="" coords="2103,1348,2286,1375">
<area shape="rect" id="node85" href="$class_library_interface.html#55d33e9e99760ae1a12725681c034b43" title="Get the document type of given vlnv." alt="" coords="2361,892,2607,919">
<area shape="rect" id="node87" href="$class_library_interface.html#92798f5c6f5e72c8f4da87e872812c4f" title="Get a model that matches given VLNV." alt="" coords="2390,1272,2578,1299">
<area shape="rect" id="node90" href="$class_v_l_n_v.html#5e8bcf9abe6a26377c30a80657650059" title="Get the type of the document the VLNV belongs to." alt="" coords="2426,1475,2542,1501">
<area shape="rect" id="node92" href="$class_v_l_n_v.html#f02edbeb4feca8206bdb6681963730f8" title="Checks if the vlnv is valid or not." alt="" coords="2431,1652,2537,1679">
<area shape="rect" id="node98" href="$class_design_widget.html#f1c1d1ad0f3c5ece2e10c94db052d62b" title="Create an empty hierarchical component." alt="" coords="1429,1373,1672,1400">
<area shape="rect" id="node118" href="$class_tab_document.html#aa84da0d893494876d86c3256e4bb127" title="TabDocument::setDocumentName" alt="" coords="1427,841,1674,868">
<area shape="rect" id="node120" href="$class_tab_document.html#37bad76cc00b2bf3338463ddd8cec21c" title="TabDocument::setDocumentType" alt="" coords="1432,892,1669,919">
<area shape="rect" id="node70" href="$class_view.html#88f049f1259e09c9476553ca670f78d4" title="Add a new envIdentifier for this view." alt="" coords="2114,1247,2275,1273">
<area shape="rect" id="node72" href="$class_model.html#b3e0f3d28719d841c38f33c99710c01f" title="Add a new view to the model." alt="" coords="2134,1297,2255,1324">
<area shape="rect" id="node75" href="$class_v_l_n_v.html#f00f5007636620ffeff44521bacca857" title="Get the library of the VLNV." alt="" coords="2130,841,2259,868">
<area shape="rect" id="node77" href="$class_v_l_n_v.html#3ff2bdff884da48aa0e936fa5595b7e8" title="Get the name of the IP block in VLNV." alt="" coords="2421,1145,2547,1172">
<area shape="rect" id="node79" href="$class_v_l_n_v.html#8868ebe2affad578b9c9c3aef1f38632" title="Get the vendor of the VLNV." alt="" coords="2129,993,2261,1020">
<area shape="rect" id="node81" href="$class_v_l_n_v.html#3a5da6ca75e9a6bf575906c2ea185051" title="Get the version of the VLNV." alt="" coords="2127,1044,2262,1071">
<area shape="rect" id="node94" href="$class_view.html#54742356d37991cc78b89f39c80cae87" title="Set the hierarchyRef for this view." alt="" coords="2115,1196,2275,1223">
<area shape="rect" id="node96" href="$class_library_interface.html#a841b91f4281dc02f2d3bf871f8bab45" title="Write the model to file system to given file path." alt="" coords="2078,1399,2311,1425">
<area shape="rect" id="node103" href="$class_new_object_dialog.html#017f37c8b05939b4bc5ed9ae5b79d2c8" title="Get the user inputted path." alt="" coords="1786,1449,1974,1476">
<area shape="rect" id="node106" href="$class_new_object_dialog.html#7676e943f9f74ca3a0c90b63427b967b" title="Get the user inputted VLNV." alt="" coords="1783,1500,1977,1527">
<area shape="rect" id="node109" href="$class_new_object_dialog.html#2de883ce01cb38dab2df8a8383e8e6cc" title="Set the vlnv for the editor." alt="" coords="1783,1551,1977,1577">
<area shape="rect" id="node133" href="$class_v_l_n_v.html#d44080fa56f2b1ec03cdccaa1c5ccb69" title="Create a QString that contains the vlnv." alt="" coords="1822,639,1938,665">
