<area shape="rect" id="node3" href="$class_application_item.html#dd971b3b7703ca33db2afa2b477b45b3" title="ApplicationItem::updateComponent" alt="" coords="283,81,533,108">
<area shape="rect" id="node5" href="$class_component_item.html#49a73ee33e425a3ff37d93e68ca33c99" title="ComponentItem::componentModel" alt="" coords="596,5,841,32">
<area shape="rect" id="node7" href="$class_s_w_component_item.html#e9e724f0741a4f4e0ca3395931e237cf" title="SWComponentItem::isImported" alt="" coords="607,56,830,83">
<area shape="rect" id="node9" href="$class_v_l_n_v.html#f02edbeb4feca8206bdb6681963730f8" title="Checks if the vlnv is valid or not." alt="" coords="1223,100,1329,127">
<area shape="rect" id="node11" href="$class_s_w_component_item.html#6a5fe2d6c41a857760dce1755176de3e" title="SWComponentItem::updateComponent" alt="" coords="581,169,856,196">
<area shape="rect" id="node13" href="$class_component_item.html#2c3e3dbd4ab3e6fdd363d21f4310a047" title="ComponentItem::updateComponent" alt="" coords="905,195,1159,221">
<area shape="rect" id="node15" href="$class_v_l_n_v.html#f00f5007636620ffeff44521bacca857" title="Get the library of the VLNV." alt="" coords="1211,151,1341,177">
<area shape="rect" id="node17" href="$class_v_l_n_v.html#3ff2bdff884da48aa0e936fa5595b7e8" title="Get the name of the IP block in VLNV." alt="" coords="1213,201,1339,228">
<area shape="rect" id="node19" href="$class_v_l_n_v.html#8868ebe2affad578b9c9c3aef1f38632" title="Get the vendor of the VLNV." alt="" coords="1210,252,1342,279">
<area shape="rect" id="node21" href="$class_v_l_n_v.html#3a5da6ca75e9a6bf575906c2ea185051" title="Get the version of the VLNV." alt="" coords="1209,303,1343,329">
