<area shape="rect" id="node3" href="$class_diagram_connection_end_point.html#de54b395d8a697d907d0ed924d877784" title="DiagramConnectionEndPoint::addInterconnection" alt="" coords="320,5,656,32">
<area shape="rect" id="node5" href="$class_diagram_interconnection.html#a075ba8336a9c96a00acae660f0870c6" title="DiagramInterconnection::disconnectEnds" alt="" coords="346,107,630,133">
<area shape="rect" id="node7" href="$class_diagram_connection_end_point.html#507461a037639ef2b1776a6b797d2211" title="DiagramConnectionEndPoint::onDisconnect" alt="" coords="735,56,1035,83">
<area shape="rect" id="node11" href="$class_diagram_connection_end_point.html#e56a455b02d91aa706f78208d0b00c54" title="DiagramConnectionEndPoint::encompassingComp" alt="" coords="713,157,1057,184">
<area shape="rect" id="node13" href="$class_diagram_connection_end_point.html#88f1921941349a0cf25447e41f30045a" title="DiagramConnectionEndPoint::onConnect" alt="" coords="347,259,629,285">
<area shape="rect" id="node16" href="$class_diagram_interconnection.html#60dc7fd65e1683a2a569073f93665074" title="Returns the route of this interconnection." alt="" coords="379,309,597,336">
<area shape="rect" id="node18" href="$class_diagram_interconnection.html#e51805440bf5672011b8d906f392a033" title="Set the routing of the interconnection." alt="" coords="367,360,609,387">
<area shape="rect" id="node26" href="$class_diagram_interconnection.html#5a1b1d9f17451bb04f79cf0184449677" title="DiagramInterconnection::simplifyPath" alt="" coords="357,411,619,437">
<area shape="rect" id="node28" href="$class_diagram_interconnection.html#ebd0f5e5c2bd399eb70ea45fba3ce8a0" title="DiagramInterconnection::updateName" alt="" coords="354,208,622,235">
<area shape="rect" id="node9" href="$class_diagram_connection_end_point.html#5c29b0a1b0fe807fc7c622a1565b5d09" title="DiagramConnectionEndPoint::removeInterconnection" alt="" coords="705,107,1066,133">
<area shape="rect" id="node20" href="$class_diagram_connection_end_point.html#24e5426821cdf4df2c7884979085d303" title="DiagramConnectionEndPoint::getDirection" alt="" coords="740,309,1031,336">
<area shape="rect" id="node22" href="$class_diagram_connection_end_point.html#b168e7790bc3da47eef4bb85bdc8d023" title="DiagramConnectionEndPoint::isDirectionFixed" alt="" coords="729,360,1042,387">
<area shape="rect" id="node24" href="$class_diagram_connection_end_point.html#118018fc1eb247ba0466cfd1b5c128fa" title="DiagramConnectionEndPoint::setDirection" alt="" coords="740,411,1031,437">
<area shape="rect" id="node31" href="$class_diagram_connection_end_point.html#72cac94a1d12b11e347aa6295b1a6837" title="DiagramConnectionEndPoint::getBusInterface" alt="" coords="728,208,1043,235">
<area shape="rect" id="node33" href="$class_component_item.html#065f3fb7a863a24ab7e5e1cbef4bf417" title="ComponentItem::name" alt="" coords="800,259,971,285">
