<area shape="rect" id="node3" href="$class_m_c_a_p_i_content_matcher.html#19ab20cf740d12d08d0b628a46e95c35" title="MCAPIContentMatcher::extractParams" alt="" coords="409,5,676,32">
<area shape="rect" id="node5" href="$class_m_c_a_p_i_function_set.html#94d017d36cf7e743aa41f0a2b200a6c2" title="MCAPIFunctionSet::find" alt="" coords="458,56,627,83">
<area shape="rect" id="node7" href="$class_m_c_a_p_i_function_desc.html#b42b4478cf9deedf3b69465456c86482" title="MCAPIFunctionDesc::generateToolTipText" alt="" coords="400,107,685,133">
<area shape="rect" id="node9" href="$class_m_c_a_p_i_function_desc.html#afdd5e1731e27b950aa4d33e8daaedfc" title="MCAPIFunctionDesc::getParamCount" alt="" coords="1110,208,1367,235">
<area shape="rect" id="node11" href="$class_m_c_a_p_i_content_matcher.html#111821352515fa0c0bcf4a29233c934f" title="MCAPIContentMatcher::tryMatchParam" alt="" coords="407,360,678,387">
<area shape="rect" id="node13" href="$class_m_c_a_p_i_content_matcher.html#d5a5a9be6c677297efb1a899150000bb" title="MCAPIContentMatcher::findNodeDesc" alt="" coords="755,461,1018,488">
<area shape="rect" id="node16" href="$class_m_c_a_p_i_function_desc.html#be9b0932ad857362fa325de76d2d1954" title="MCAPIFunctionDesc::getParamType" alt="" coords="762,259,1011,285">
<area shape="rect" id="node19" href="$class_m_c_a_p_i_content_matcher.html#7dbf7069c67346de5aab997ef0194750" title="MCAPIContentMatcher::isConnectionValid" alt="" coords="743,309,1030,336">
<area shape="rect" id="node27" href="$class_m_c_a_p_i_content_matcher.html#0078c27d28db4cb2e71c219acae25f58" title="MCAPIContentMatcher::tryMatchEndpoints" alt="" coords="741,360,1033,387">
<area shape="rect" id="node31" href="$class_m_c_a_p_i_content_matcher.html#fcf45547e0b46f1c6d3ce58fbd085bd1" title="MCAPIContentMatcher::tryMatchIdentifier" alt="" coords="1097,461,1381,488">
<area shape="rect" id="node34" href="$class_m_c_a_p_i_content_matcher.html#62dd56374e65e87a60c6de129fdca06f" title="MCAPIContentMatcher::tryMatchNodeParam" alt="" coords="734,563,1039,589">
<area shape="rect" id="node37" href="$class_m_c_a_p_i_content_matcher.html#f2d177d5080012a05aae0051a6b79f2a" title="MCAPIContentMatcher::tryMatchPortParam" alt="" coords="738,512,1035,539">
<area shape="rect" id="node21" href="$class_m_c_a_p_i_content_matcher.html#e808c7bac65fdcd3c5a0eee8ac91fd4d" title="MCAPIContentMatcher::findConnectionDesc" alt="" coords="1089,360,1389,387">
<area shape="rect" id="node23" href="$class_m_c_a_p_i_content_matcher.html#daa44d56d51727e93124c0241ec46c28" title="MCAPIContentMatcher::findEndpointDesc" alt="" coords="1097,259,1381,285">
<area shape="rect" id="node25" href="$class_m_c_a_p_i_content_matcher.html#60776cc56b51cbdf9852c27cad8eb9ec" title="MCAPIContentMatcher::isEndpointValid" alt="" coords="1103,309,1374,336">
