<area shape="rect" id="node3" href="$class_attribute_box.html#a7fe19b41cb0515cdae8648e6042a3ed" title="Get the attributes from the widget." alt="" coords="285,5,480,32">
<area shape="rect" id="node7" href="$class_build_model.html#fe2bc9c5d80abfa2e155ec6c10159cd7" title="Set the command." alt="" coords="289,56,476,83">
<area shape="rect" id="node9" href="$class_build_model.html#737805e472d246e2d97f35ec0dc04bbe" title="Set the command attributes." alt="" coords="258,107,507,133">
<area shape="rect" id="node11" href="$class_build_model.html#f1dc063c4281d6c07ccd8e1d1b510ffd" title="Set the replaceDefaultFlags attributes." alt="" coords="255,157,510,184">
<area shape="rect" id="node13" href="$class_build_model.html#2b728fd8114d08e25ae1b2e2630a5f06" title="Set the flag attributes." alt="" coords="279,208,487,235">
<area shape="rect" id="node15" href="$class_build_model.html#1dadee79595e6cb9997321d82654d853" title="Set the flags." alt="" coords="307,259,459,285">
<area shape="rect" id="node17" href="$class_build_model.html#e9708592a10501381164641a590a1f95" title="Set the replaceDefaultFlags value." alt="" coords="259,309,507,336">
<area shape="rect" id="node19" href="$class_build_command.html#ae025e8aee22aba5177c67a852b84367" title="Set the target name." alt="" coords="269,360,497,387">
<area shape="rect" id="node21" href="$class_build_command.html#36d3e2c0484fbe6789d7fb2c6fbfe4b6" title="Set the attributes for the targetName&#45;element." alt="" coords="237,411,528,437">
<area shape="rect" id="node5" href="$class_attribute_model.html#e7e5a510bf4ede972444d18cd018baef" title="Get attributes stored in the model." alt="" coords="576,5,784,32">
