<area shape="rect" id="node3" href="$class_file_type_editor.html#19d564fad036ea24f729a6d726d4499c" title="Restore the changes from the model to the editor." alt="" coords="262,81,426,108">
<area shape="rect" id="node5" href="$class_list_manager_model.html#051ff1329f4106c40c91fa07059668e3" title="Append a QStringList to the current items in the list." alt="" coords="475,5,706,32">
<area shape="rect" id="node9" href="$class_file.html#b47213db28c36a2413b131a73003784b" title="Get the file types." alt="" coords="525,56,656,83">
<area shape="rect" id="node11" href="$class_file.html#e2e141a57dfbff697526284fee22764f" title="Get the userFileTypes for the file." alt="" coords="511,107,671,133">
<area shape="rect" id="node13" href="$class_list_manager_model.html#84ef0dc4d5f7522bad172c41d180bfc6" title="Set the items to the model." alt="" coords="489,157,692,184">
<area shape="rect" id="node7" href="$class_list_manager_model.html#c87dfd50b7328e26e6ffea91d7f095f0" title="Append a new item to the end of the list." alt="" coords="755,5,978,32">
