<area shape="rect" id="node3" href="$class_library_interface.html#f6944f708f9aa01568d707fdc773ea91" title="Checks if the library already contains the specified vlnv." alt="" coords="721,5,903,32">
<area shape="rect" id="node5" href="$class_library_interface.html#55d33e9e99760ae1a12725681c034b43" title="Get the document type of given vlnv." alt="" coords="689,56,935,83">
<area shape="rect" id="node7" href="$class_library_interface.html#92798f5c6f5e72c8f4da87e872812c4f" title="Get a model that matches given VLNV." alt="" coords="389,157,577,184">
<area shape="rect" id="node9" href="$class_document_generator.html#ee00b34c00ed28f0e4a36fa215a6946e" title="Parse the child items for the document generator." alt="" coords="350,107,615,133">
<area shape="rect" id="node12" href="$class_document_generator.html#fa4c64343861d3a849abf70a6b0f2685" title="DocumentGenerator::DocumentGenerator" alt="" coords="665,107,959,133">
<area shape="rect" id="node14" href="$class_library_interface.html#8ef9fc0d708c53c6a8bcb8310b0551f0" title="Get pointer to the design for a given hierarchy reference." alt="" coords="715,157,909,184">
