<area shape="rect" id="node3" href="$class_diagram_connection_end_point.html#77a2addc49209f183aa80fa1b2306084" title="DiagramConnectionEndPoint::getInterconnections" alt="" coords="329,83,669,109">
<area shape="rect" id="node5" href="$class_diagram_column.html#e0ebb52919f48f47bf9c8a70aba7c36d" title="DiagramColumn::onMoveItem" alt="" coords="392,157,605,184">
<area shape="rect" id="node23" href="$class_diagram_interconnection.html#5c2eccadec74a5fd6d0b6003fa88c2dc" title="Update the end positions when connected end points are moved." alt="" coords="359,309,638,336">
<area shape="rect" id="node7" href="$class_diagram_column_layout.html#1a8dc012e2263872cfd2c1e99ac6d20a" title="DiagramColumnLayout::findColumnAt" alt="" coords="719,5,982,32">
<area shape="rect" id="node9" href="$class_diagram_column.html#c7ddf360f563deca6676c516ed27fe34" title="DiagramColumn::isItemAllowed" alt="" coords="740,56,961,83">
<area shape="rect" id="node12" href="$diagramgrid_8h.html#68afc106817c98c8b7787ff86acee75e" title="Snaps the given QPointF to the diagram grid." alt="" coords="787,259,914,285">
<area shape="rect" id="node14" href="$namespace_v_stacked_layout.html#5f14204a310806c9c55dc46552b97b4d" title="VStackedLayout::updateItemMove" alt="" coords="729,107,972,133">
<area shape="rect" id="node18" href="$namespace_v_collision_layout.html#1b75da2ff617504d045ddc8d45a21856" title="VCollisionLayout::updateItemMove" alt="" coords="729,157,972,184">
<area shape="rect" id="node20" href="$namespace_v_stacked_layout.html#4ecf5cf2db0d1e5c8f31ad07c5f0b363" title="VStackedLayout::updateItemPositions" alt="" coords="718,208,983,235">
<area shape="rect" id="node16" href="$namespace_diagram_util.html#34372d64301c316deaa127e2bfcf4d58" title="DiagramUtil::clampCeil" alt="" coords="1105,157,1273,184">
<area shape="rect" id="node25" href="$class_diagram_interconnection.html#3295188b9acbd2fd4cf8fedcc698aff4" title="DiagramInterconnection::createRoute" alt="" coords="719,309,982,336">
<area shape="rect" id="node29" href="$class_diagram_connection_end_point.html#24e5426821cdf4df2c7884979085d303" title="DiagramConnectionEndPoint::getDirection" alt="" coords="1044,360,1335,387">
<area shape="rect" id="node31" href="$class_diagram_interconnection.html#e51805440bf5672011b8d906f392a033" title="Set the routing of the interconnection." alt="" coords="730,411,971,437">
<area shape="rect" id="node27" href="$class_diagram_interconnection.html#5a1b1d9f17451bb04f79cf0184449677" title="DiagramInterconnection::simplifyPath" alt="" coords="1059,309,1320,336">
<area shape="rect" id="node34" href="$class_diagram_connection_end_point.html#b168e7790bc3da47eef4bb85bdc8d023" title="DiagramConnectionEndPoint::isDirectionFixed" alt="" coords="1033,411,1346,437">
<area shape="rect" id="node36" href="$class_diagram_connection_end_point.html#118018fc1eb247ba0466cfd1b5c128fa" title="DiagramConnectionEndPoint::setDirection" alt="" coords="1044,461,1335,488">
