<area shape="rect" id="node3" href="$class_list_manager.html#ad4d988f218cdd6825515fb7c8f7cb0a" title="Get the string items currently stored in the model." alt="" coords="315,5,459,32">
<area shape="rect" id="node7" href="$class_view.html#d023edeb1d21518c67fa64a905fcff1a" title="Set the fileSetRefs for this view." alt="" coords="312,56,461,83">
<area shape="rect" id="node11" href="$class_view.html#284620805c14ea3fc620708f54eee7b6" title="Set the language of this view." alt="" coords="315,107,458,133">
<area shape="rect" id="node14" href="$class_view.html#341f0aeaa81a82842f2744d630dd3056" title="Set the strict attribute of the language element." alt="" coords="299,157,475,184">
<area shape="rect" id="node17" href="$class_view.html#e66aae5381329f3b2d2d12130d50ff45" title="Set the model name." alt="" coords="309,208,465,235">
<area shape="rect" id="node5" href="$class_list_manager_model.html#17210cf9d60047e8004ee21e4feb920e" title="Get the items currently stored in the model." alt="" coords="523,5,706,32">
<area shape="rect" id="node9" href="$class_v_l_n_v.html#98080cd3278e6b1785b3a603037eb4ef" title="Clear the vlnv (make all fields empty and type = INVALID)." alt="" coords="567,132,663,159">
