<area shape="rect" id="node3" href="$class_hierarchy_filter.html#6b41e4a34b31f8374f815f1dadf50b33" title="Check the firmness matching." alt="" coords="302,5,519,32">
<area shape="rect" id="node5" href="$class_hierarchy_filter.html#94f04b23c8ebb655a3a77e22891f185e" title="Check the hierarchy matching." alt="" coords="301,56,521,83">
<area shape="rect" id="node7" href="$class_hierarchy_filter.html#ccad8ebb18d5309bf913ec8ca0b0f5e6" title="Check the implementation matching." alt="" coords="281,107,541,133">
<area shape="rect" id="node9" href="$class_hierarchy_filter.html#85120c182454fc8fe244651296bbf89b" title="Check the list of vlnvs if they match the search rules." alt="" coords="310,157,511,184">
<area shape="rect" id="node19" href="$class_hierarchy_item.html#cb3eede17edc02aa0b24671434131f08" title="Get pointer to the component that this item represents." alt="" coords="314,208,507,235">
<area shape="rect" id="node21" href="$class_hierarchy_item.html#cf1bf1e669275d955b05342dcd0c0d62" title="Get the type of the bus definition." alt="" coords="302,259,519,285">
<area shape="rect" id="node33" href="$class_hierarchy_item.html#688da081dbfdd6b7af691a1634f8ed29" title="Get the list of vlnvs this item and it&#39;s parents contain." alt="" coords="319,333,502,360">
<area shape="rect" id="node37" href="$class_hierarchy_item.html#c20d499a4d700e4b0d4b6ae4b12049c3" title="Check if this item is instantated in some item or not." alt="" coords="315,384,506,411">
<area shape="rect" id="node39" href="$class_hierarchy_item.html#57503fb5fe87750d6b168d6af52c0dbc" title="Check if the parent of this item is the root item." alt="" coords="310,435,511,461">
<area shape="rect" id="node43" href="$class_hierarchy_item.html#d071e94355ed53ff2f41579662ad059f" title="Get the type of this hierarchy item." alt="" coords="337,485,485,512">
<area shape="rect" id="node11" href="$class_v_l_n_v.html#f00f5007636620ffeff44521bacca857" title="Get the library of the VLNV." alt="" coords="649,5,778,32">
<area shape="rect" id="node13" href="$class_v_l_n_v.html#3ff2bdff884da48aa0e936fa5595b7e8" title="Get the name of the IP block in VLNV." alt="" coords="651,56,776,83">
<area shape="rect" id="node15" href="$class_v_l_n_v.html#8868ebe2affad578b9c9c3aef1f38632" title="Get the vendor of the VLNV." alt="" coords="647,107,779,133">
<area shape="rect" id="node17" href="$class_v_l_n_v.html#3a5da6ca75e9a6bf575906c2ea185051" title="Get the version of the VLNV." alt="" coords="646,157,781,184">
<area shape="rect" id="node23" href="$class_library_interface.html#f6944f708f9aa01568d707fdc773ea91" title="Checks if the library already contains the specified vlnv." alt="" coords="622,208,805,235">
<area shape="rect" id="node25" href="$class_library_interface.html#55d33e9e99760ae1a12725681c034b43" title="Get the document type of given vlnv." alt="" coords="590,259,837,285">
<area shape="rect" id="node27" href="$class_library_interface.html#92798f5c6f5e72c8f4da87e872812c4f" title="Get a model that matches given VLNV." alt="" coords="619,309,807,336">
<area shape="rect" id="node29" href="$class_hierarchy_item.html#763c2b1e9017b9a53d763551a048f3e2" title="Get the vlnv of this item." alt="" coords="625,411,801,437">
<area shape="rect" id="node31" href="$class_v_l_n_v.html#d44080fa56f2b1ec03cdccaa1c5ccb69" title="Create a QString that contains the vlnv." alt="" coords="655,360,771,387">
<area shape="rect" id="node41" href="$class_hierarchy_item.html#e57314c0d4e140a4d135209b97d172a8" title="Check if this is the root item or not." alt="" coords="634,461,793,488">
