<area shape="rect" id="node3" href="$class_v_l_n_v.html#f02edbeb4feca8206bdb6681963730f8" title="Checks if the vlnv is valid or not." alt="" coords="535,5,641,32">
<area shape="rect" id="node5" href="$class_library_data.html#89ef7bb8c573732fbbb0b52157c1114f" title="Check that the given file path contains a valid IP&#45;Xact file." alt="" coords="253,56,459,83">
<area shape="rect" id="node20" href="$librarydata_8cpp.html#bf191445878103b9cb9be72628d931a1" title="KACTUS_LIBRARY_DIRNAME" alt="" coords="257,107,455,133">
<area shape="rect" id="node22" href="$librarydata_8cpp.html#3c2d5c1b0c0d2bc814ef0775a7d2d414" title="KACTUS_LIBRARY_FILENAME" alt="" coords="255,157,457,184">
<area shape="rect" id="node24" href="$class_v_l_n_v.html#5ce16b0a4e812bd01959821fd126ec41" title="Set the information on the validity of the document." alt="" coords="265,208,447,235">
<area shape="rect" id="node7" href="$class_parse__error.html#207f8cb5ec96cfa5e58a53914712c830" title="Get the error message." alt="" coords="507,56,669,83">
<area shape="rect" id="node9" href="$class_i_p_xact_model.html#64dc7b27fc697df14ef919135af06add" title="get the VLNV of the document" alt="" coords="507,107,669,133">
<area shape="rect" id="node11" href="$ipxactmodel_8cpp.html#ec8bfbe1d382f3250ad1e1685e3406be" title="LIBRARY_" alt="" coords="721,31,801,57">
<area shape="rect" id="node13" href="$ipxactmodel_8cpp.html#bb5f30837ccf7e1f302243bce1684482" title="NAME_" alt="" coords="728,81,795,108">
<area shape="rect" id="node15" href="$ipxactmodel_8cpp.html#073e31dba7bddc089d043f5c7f924946" title="VENDOR_" alt="" coords="719,132,803,159">
<area shape="rect" id="node17" href="$ipxactmodel_8cpp.html#82fbbe1edd8d93ee573834cdcc40e3a5" title="VERSION_" alt="" coords="718,183,805,209">
