<area shape="rect" id="node3" href="$class_library_item.html#d65788f385ce6c8ee1d28a3d9b3cac9f" title="Find the highest level LibraryItem that still identifies a single item." alt="" coords="272,29,491,56">
<area shape="rect" id="node6" href="$class_v_l_n_v.html#f00f5007636620ffeff44521bacca857" title="Get the library of the VLNV." alt="" coords="317,80,446,107">
<area shape="rect" id="node8" href="$class_v_l_n_v.html#3ff2bdff884da48aa0e936fa5595b7e8" title="Get the name of the IP block in VLNV." alt="" coords="319,131,444,157">
<area shape="rect" id="node10" href="$class_v_l_n_v.html#5e8bcf9abe6a26377c30a80657650059" title="Get the type of the document the VLNV belongs to." alt="" coords="323,181,439,208">
<area shape="rect" id="node12" href="$class_v_l_n_v.html#8868ebe2affad578b9c9c3aef1f38632" title="Get the vendor of the VLNV." alt="" coords="315,232,447,259">
<area shape="rect" id="node14" href="$class_v_l_n_v.html#3a5da6ca75e9a6bf575906c2ea185051" title="Get the version of the VLNV." alt="" coords="314,283,449,309">
<area shape="rect" id="node16" href="$class_v_l_n_v.html#a1671c2e1d651ca917500a71ba2f1e57" title="Static function. Convert IPXactType to printable QString." alt="" coords="316,333,447,360">
