<area shape="rect" id="node3" href="$namespace_general.html#c24c1f048c047528d3aa95d9cb61b30e" title="Convert a boolean value into QString." alt="" coords="369,56,503,83">
<area shape="rect" id="node5" href="$class_document_generator.html#7db867f87a8649e1571544c53e855878" title="Write the details of a file." alt="" coords="329,107,543,133">
<area shape="rect" id="node17" href="$class_document_generator.html#201af17620ae96846aa389e0f5689038" title="Write the header to the given stream." alt="" coords="304,157,568,184">
<area shape="rect" id="node19" href="$class_document_generator.html#f6ce9fbbf60a035ef5d42d2c5e1d2238" title="Write the html&#45;table element start into stream." alt="" coords="297,208,575,235">
<area shape="rect" id="node7" href="$namespace_general.html#f4c2511926f7780bc115b4ba2c4d5c18" title="Get an absolute path of a file." alt="" coords="624,5,811,32">
<area shape="rect" id="node9" href="$class_build_model.html#799080ae78f57980076c788eb86727d1" title="Get the command." alt="" coords="624,56,811,83">
<area shape="rect" id="node11" href="$class_build_model.html#ba8ce3f0a8cffb160764eac1cb33f5c5" title="Get the flags." alt="" coords="641,107,794,133">
<area shape="rect" id="node13" href="$class_library_interface.html#d76e2648d944acbd458ae4727342bcf4" title="Get a path to the specified IP&#45;Xact document." alt="" coords="628,157,807,184">
<area shape="rect" id="node15" href="$namespace_general.html#62ccd6c717ee0d1bc3954a44e6260d00" title="Get a relative file path from one location to another." alt="" coords="627,208,807,235">
