<area shape="rect" id="node3" href="$class_line_content_assist_widget.html#4ed36f2b68eb359e49e1a5a5519e28c9" title="LineContentAssistWidget::cancel" alt="" coords="361,5,591,32">
<area shape="rect" id="node7" href="$class_line_content_assist_widget.html#50752673784cc27117f4c11cae3a96ac" title="LineContentAssistWidget::canCommitWith" alt="" coords="331,56,621,83">
<area shape="rect" id="node9" href="$class_line_content_assist_widget.html#070e7eb9f37691237ebcdf3d339127cd" title="LineContentAssistWidget::commitSelection" alt="" coords="328,107,624,133">
<area shape="rect" id="node12" href="$class_line_content_assist_widget.html#fffbdf32ac89cbf70e455ebd40b56436" title="LineContentAssistWidget::isContentShown" alt="" coords="331,157,621,184">
<area shape="rect" id="node14" href="$class_line_content_assist_widget.html#a12b99b3e09d29b0762e0bc2ffc8af4c" title="LineContentAssistWidget::updateAssist" alt="" coords="341,208,611,235">
<area shape="rect" id="node5" href="$class_line_content_assist_widget.html#fef044e8f0baf1cc25dd63bcb4549702" title="LineContentAssistWidget::hideAssist" alt="" coords="689,107,943,133">
<area shape="rect" id="node17" href="$class_line_content_assist_widget.html#61f6c3fa68c5ada0b032712285783730" title="LineContentAssistWidget::updateMatches" alt="" coords="673,208,959,235">
<area shape="rect" id="node19" href="$class_line_content_assist_widget.html#a497466eaf558b0374048a84c99d540e" title="LineContentAssistWidget::fitToContents" alt="" coords="1009,183,1282,209">
<area shape="rect" id="node21" href="$class_line_content_assist_widget.html#5bd805a94af19bb833c9bb6679462432" title="LineContentAssistWidget::moveClose" alt="" coords="1016,233,1275,260">
