<area shape="rect" id="node3" href="$class_file.html#4123a1d34313c831eb2860fc2ff6dd8f" title="Get the attributes for the file&#45;element." alt="" coords="262,31,397,57">
<area shape="rect" id="node5" href="$class_file.html#5498b16808f9f2df9f0f169ec31b54d6" title="Get the name of the file." alt="" coords="274,81,385,108">
<area shape="rect" id="node7" href="$class_file.html#dcfb90cacc39a2822371435c06c1ec92" title="Get the list of the attributes for the name&#45;element." alt="" coords="242,132,417,159">
<area shape="rect" id="node9" href="$class_file_type_editor.html#19d564fad036ea24f729a6d726d4499c" title="Restore the changes from the model to the editor." alt="" coords="247,183,411,209">
<area shape="rect" id="node21" href="$class_file_general_editor.html#fb461b73b74c794a3a098c5ada7c7225" title="Restore the settings from the model." alt="" coords="237,259,421,285">
<area shape="rect" id="node33" href="$class_attribute_box.html#4f57e8d7039e9232097b3f792af5029d" title="Set the attributes to be displayed in this widget." alt="" coords="502,461,695,488">
<area shape="rect" id="node37" href="$class_file_name_editor.html#f9d74cd009536ef9c5021750d266fa28" title="Set the attributes for the widget." alt="" coords="224,360,435,387">
<area shape="rect" id="node40" href="$class_file_name_editor.html#5fbcead4877e732fd33b3a30dbd62521" title="Set the file name for the widget." alt="" coords="226,411,433,437">
<area shape="rect" id="node11" href="$class_list_manager_model.html#051ff1329f4106c40c91fa07059668e3" title="Append a QStringList to the current items in the list." alt="" coords="483,5,714,32">
<area shape="rect" id="node15" href="$class_file.html#b47213db28c36a2413b131a73003784b" title="Get the file types." alt="" coords="533,56,664,83">
<area shape="rect" id="node17" href="$class_file.html#e2e141a57dfbff697526284fee22764f" title="Get the userFileTypes for the file." alt="" coords="519,107,679,133">
<area shape="rect" id="node19" href="$class_list_manager_model.html#84ef0dc4d5f7522bad172c41d180bfc6" title="Set the items to the model." alt="" coords="497,157,700,184">
<area shape="rect" id="node13" href="$class_list_manager_model.html#c87dfd50b7328e26e6ffea91d7f095f0" title="Append a new item to the end of the list." alt="" coords="763,5,986,32">
<area shape="rect" id="node23" href="$class_file.html#5a34c13c327869ff83d7eaf732d8ad81" title="Get the description of this file." alt="" coords="527,208,671,235">
<area shape="rect" id="node25" href="$class_file.html#96b8bc050c236239b9593b12be9c3376" title="Get attribute value of external declarations." alt="" coords="497,259,701,285">
<area shape="rect" id="node27" href="$class_file.html#bc96405bbc59f86831c852fa46fa8697" title="Get the isIncludeFile setting." alt="" coords="529,309,668,336">
<area shape="rect" id="node29" href="$class_file.html#55399a3d8a0ba3f09378566032a1b817" title="Get the logicalName of the file." alt="" coords="521,360,676,387">
<area shape="rect" id="node31" href="$class_file.html#a13e5d4c943c58b0ed9b518601104bf0" title="Get the default&#45;attribute value of the logicalName element." alt="" coords="498,411,699,437">
<area shape="rect" id="node35" href="$class_attribute_model.html#9ef23360ab7076bf5cee71928b195bb3" title="Set attributes for the model." alt="" coords="771,461,978,488">
