<area shape="rect" id="node3" href="$class_design_widget.html#f7e8dfd44f395cc72bcd9c7df10f26a3" title="Get pointer to the top component being edited." alt="" coords="313,5,551,32">
<area shape="rect" id="node5" href="$class_design_widget.html#7af095eaff9d83d2bb7ac32aa85f6fad" title="Get the name of the view that is currently open." alt="" coords="312,56,552,83">
<area shape="rect" id="node7" href="$class_active_view_editor.html#e18f56a426f9c80845f89fa4333be2f5" title="Set the configuration to be displayed." alt="" coords="333,107,531,133">
<area shape="rect" id="node9" href="$class_active_view_editor.html#37ca8bdf65e4da44970ea0b034e258bb" title="Clear the editor&#39;s contents." alt="" coords="629,107,795,133">
<area shape="rect" id="node13" href="$class_design_widget.html#bb2e865bdd9011d48cbfc7135e97e025" title="Get the configuration for this design." alt="" coords="601,56,823,83">
<area shape="rect" id="node17" href="$class_active_view_model.html#93f172e9bc604275e428db73e66745cd" title="Set the design that&#39;s active views are edited." alt="" coords="612,157,812,184">
<area shape="rect" id="node11" href="$class_active_view_model.html#0cdbcc59cae1d949643674f1fdd03bbe" title="Clear the model&#39;s contents." alt="" coords="923,107,1090,133">
<area shape="rect" id="node15" href="$class_block_diagram.html#20b29e70bf2e6839b4d274e8896f8637" title="Get pointer to the design configuration." alt="" coords="872,56,1141,83">
<area shape="rect" id="node20" href="$class_design_widget.html#5b4567c359cc52aa1b56b69e408e2060" title="Get the edit provider that manages the undo stack." alt="" coords="875,157,1138,184">
<area shape="rect" id="node22" href="$class_design_widget.html#6f3cc1e0af342520b23dc56a8d4545d9" title="Get the component instances contained in the design." alt="" coords="907,208,1106,235">
<area shape="rect" id="node24" href="$class_block_diagram.html#f69e6b3fcfd8323fc45e8b18defbc000" title="Get the component instances contained in this scene." alt="" coords="1190,208,1391,235">
