<area shape="rect" id="node1" href="$class_tab_document.html" title="TabDocument class." alt="" coords="5,132,117,159">
<area shape="rect" id="node3" href="$class_bus_editor.html" title="Bus Editor is editor for Bus&#45; and Abstraction definition." alt="" coords="211,5,293,32">
<area shape="rect" id="node5" href="$class_design_widget.html" title="DesignWidget is used to edit and view one design." alt="" coords="197,56,307,83">
<area shape="rect" id="node7" href="$class_endpoint_design_widget.html" title="EndpointDesignWidget class." alt="" coords="169,107,335,133">
<area shape="rect" id="node9" href="$class_i_p_xact_component_editor.html" title="IPXactComponentEditor is widget for editing IP&#45;Xact component." alt="" coords="165,157,339,184">
<area shape="rect" id="node11" href="$class_m_c_a_p_i_source_widget.html" title="MCAPISourceWidget class." alt="" coords="177,208,327,235">
<area shape="rect" id="node13" href="$class_s_w_design_editor.html" title="Editor for editing SW mapping designs." alt="" coords="191,259,313,285">
