<area shape="rect" id="node1" href="$class_property_page_view.html" title="PropertyPageView class." alt="" coords="6,208,143,235">
<area shape="rect" id="node3" href="$class_code_editor_settings_page.html" title="CodeEditorSettingsPage class." alt="" coords="193,5,370,32">
<area shape="rect" id="node5" href="$class_general_settings_page.html" title="GeneralSettingsPage class." alt="" coords="203,56,360,83">
<area shape="rect" id="node7" href="$class_library_settings_page.html" title="LibrarySettingsPage class." alt="" coords="206,107,357,133">
<area shape="rect" id="node9" href="$class_new_bus_page.html" title="NewBusPage" alt="" coords="229,157,334,184">
<area shape="rect" id="node11" href="$class_new_component_page.html" title="NewComponentPage class." alt="" coords="203,208,359,235">
<area shape="rect" id="node13" href="$class_new_design_page.html" title="NewDesignPage class." alt="" coords="219,259,344,285">
<area shape="rect" id="node15" href="$class_new_s_w_component_page.html" title="NewSWComponentPage class." alt="" coords="193,309,369,336">
<area shape="rect" id="node17" href="$class_new_s_w_design_page.html" title="NewSWDesignPage class." alt="" coords="209,360,354,387">
<area shape="rect" id="node19" href="$class_new_system_page.html" title="NewSystemPage class." alt="" coords="216,411,347,437">
