<area shape="rect" id="node3" href="$namespace_general.html#3667ea75d4cd8f57a7eab2c1995fa800" title="Parse a vlnv tag from the attributes in the node." alt="" coords="482,81,638,108">
<area shape="rect" id="node13" href="$struct_design_1_1_component_instance.html#1ef064bffe25df3086f084bd7e5d28aa" title="Design::ComponentInstance::parsePortPositions" alt="" coords="395,132,725,159">
<area shape="rect" id="node5" href="$generaldeclarations_8h.html#91be6c01d4ea1c5e60aca68f0b6efed2" title="SPIRIT_LIBRARY" alt="" coords="777,5,895,32">
<area shape="rect" id="node7" href="$generaldeclarations_8h.html#e83546a3026439475ba1c85ff811ab6f" title="SPIRIT_NAME" alt="" coords="783,56,889,83">
<area shape="rect" id="node9" href="$generaldeclarations_8h.html#ddbf7a8d947cc80c69007e5dfd313945" title="SPIRIT_VENDOR" alt="" coords="775,107,897,133">
<area shape="rect" id="node11" href="$generaldeclarations_8h.html#b0791c8286c4a421fb74507d6f381737" title="SPIRIT_VERSION" alt="" coords="774,157,898,184">
